Archive member included to satisfy reference by file (symbol)

c:/intelfpga_prime/nios2eds/bin/gnu/h-x86_64-mingw32/bin/../lib/gcc/nios2-elf/10.1.1/mno-hw-mul\libgcc.a(lib2-divmod.o)
                              obj/default/main.o (__divsi3)
c:/intelfpga_prime/nios2eds/bin/gnu/h-x86_64-mingw32/bin/../lib/gcc/nios2-elf/10.1.1/mno-hw-mul\libgcc.a(lib2-mul.o)
                              obj/default/transfer.o (__mulsi3)
c:/intelfpga_prime/nios2eds/bin/gnu/h-x86_64-mingw32/bin/../lib/gcc/nios2-elf/10.1.1/../../../../../H-x86_64-mingw32/nios2-elf/lib/mno-hw-mul\libc.a(lib_a-printf.o)
                              obj/default/MAX3421E.o (printf)
c:/intelfpga_prime/nios2eds/bin/gnu/h-x86_64-mingw32/bin/../lib/gcc/nios2-elf/10.1.1/../../../../../H-x86_64-mingw32/nios2-elf/lib/mno-hw-mul\libc.a(lib_a-putchar.o)
                              obj/default/main.o (putchar)
c:/intelfpga_prime/nios2eds/bin/gnu/h-x86_64-mingw32/bin/../lib/gcc/nios2-elf/10.1.1/../../../../../H-x86_64-mingw32/nios2-elf/lib/mno-hw-mul\libc.a(lib_a-puts.o)
                              obj/default/MAX3421E.o (puts)
c:/intelfpga_prime/nios2eds/bin/gnu/h-x86_64-mingw32/bin/../lib/gcc/nios2-elf/10.1.1/../../../../../H-x86_64-mingw32/nios2-elf/lib/mno-hw-mul\libc.a(lib_a-strlen.o)
                              c:/intelfpga_prime/nios2eds/bin/gnu/h-x86_64-mingw32/bin/../lib/gcc/nios2-elf/10.1.1/../../../../../H-x86_64-mingw32/nios2-elf/lib/mno-hw-mul\libc.a(lib_a-puts.o) (strlen)
c:/intelfpga_prime/nios2eds/bin/gnu/h-x86_64-mingw32/bin/../lib/gcc/nios2-elf/10.1.1/../../../../../H-x86_64-mingw32/nios2-elf/lib/mno-hw-mul\libc.a(lib_a-vfprintf.o)
                              c:/intelfpga_prime/nios2eds/bin/gnu/h-x86_64-mingw32/bin/../lib/gcc/nios2-elf/10.1.1/../../../../../H-x86_64-mingw32/nios2-elf/lib/mno-hw-mul\libc.a(lib_a-printf.o) (___vfprintf_internal_r)
c:/intelfpga_prime/nios2eds/bin/gnu/h-x86_64-mingw32/bin/../lib/gcc/nios2-elf/10.1.1/../../../../../H-x86_64-mingw32/nios2-elf/lib/mno-hw-mul\libc.a(lib_a-wsetup.o)
                              c:/intelfpga_prime/nios2eds/bin/gnu/h-x86_64-mingw32/bin/../lib/gcc/nios2-elf/10.1.1/../../../../../H-x86_64-mingw32/nios2-elf/lib/mno-hw-mul\libc.a(lib_a-vfprintf.o) (__swsetup_r)
c:/intelfpga_prime/nios2eds/bin/gnu/h-x86_64-mingw32/bin/../lib/gcc/nios2-elf/10.1.1/../../../../../H-x86_64-mingw32/nios2-elf/lib/mno-hw-mul\libc.a(lib_a-dtoa.o)
                              c:/intelfpga_prime/nios2eds/bin/gnu/h-x86_64-mingw32/bin/../lib/gcc/nios2-elf/10.1.1/../../../../../H-x86_64-mingw32/nios2-elf/lib/mno-hw-mul\libc.a(lib_a-vfprintf.o) (_dtoa_r)
c:/intelfpga_prime/nios2eds/bin/gnu/h-x86_64-mingw32/bin/../lib/gcc/nios2-elf/10.1.1/../../../../../H-x86_64-mingw32/nios2-elf/lib/mno-hw-mul\libc.a(lib_a-fflush.o)
                              c:/intelfpga_prime/nios2eds/bin/gnu/h-x86_64-mingw32/bin/../lib/gcc/nios2-elf/10.1.1/../../../../../H-x86_64-mingw32/nios2-elf/lib/mno-hw-mul\libc.a(lib_a-vfprintf.o) (_fflush_r)
c:/intelfpga_prime/nios2eds/bin/gnu/h-x86_64-mingw32/bin/../lib/gcc/nios2-elf/10.1.1/../../../../../H-x86_64-mingw32/nios2-elf/lib/mno-hw-mul\libc.a(lib_a-findfp.o)
                              c:/intelfpga_prime/nios2eds/bin/gnu/h-x86_64-mingw32/bin/../lib/gcc/nios2-elf/10.1.1/../../../../../H-x86_64-mingw32/nios2-elf/lib/mno-hw-mul\libc.a(lib_a-puts.o) (__sinit)
c:/intelfpga_prime/nios2eds/bin/gnu/h-x86_64-mingw32/bin/../lib/gcc/nios2-elf/10.1.1/../../../../../H-x86_64-mingw32/nios2-elf/lib/mno-hw-mul\libc.a(lib_a-freer.o)
                              c:/intelfpga_prime/nios2eds/bin/gnu/h-x86_64-mingw32/bin/../lib/gcc/nios2-elf/10.1.1/../../../../../H-x86_64-mingw32/nios2-elf/lib/mno-hw-mul\libc.a(lib_a-wsetup.o) (_free_r)
c:/intelfpga_prime/nios2eds/bin/gnu/h-x86_64-mingw32/bin/../lib/gcc/nios2-elf/10.1.1/../../../../../H-x86_64-mingw32/nios2-elf/lib/mno-hw-mul\libc.a(lib_a-fvwrite.o)
                              c:/intelfpga_prime/nios2eds/bin/gnu/h-x86_64-mingw32/bin/../lib/gcc/nios2-elf/10.1.1/../../../../../H-x86_64-mingw32/nios2-elf/lib/mno-hw-mul\libc.a(lib_a-puts.o) (__sfvwrite_r)
c:/intelfpga_prime/nios2eds/bin/gnu/h-x86_64-mingw32/bin/../lib/gcc/nios2-elf/10.1.1/../../../../../H-x86_64-mingw32/nios2-elf/lib/mno-hw-mul\libc.a(lib_a-fwalk.o)
                              c:/intelfpga_prime/nios2eds/bin/gnu/h-x86_64-mingw32/bin/../lib/gcc/nios2-elf/10.1.1/../../../../../H-x86_64-mingw32/nios2-elf/lib/mno-hw-mul\libc.a(lib_a-findfp.o) (_fwalk)
c:/intelfpga_prime/nios2eds/bin/gnu/h-x86_64-mingw32/bin/../lib/gcc/nios2-elf/10.1.1/../../../../../H-x86_64-mingw32/nios2-elf/lib/mno-hw-mul\libc.a(lib_a-impure.o)
                              c:/intelfpga_prime/nios2eds/bin/gnu/h-x86_64-mingw32/bin/../lib/gcc/nios2-elf/10.1.1/../../../../../H-x86_64-mingw32/nios2-elf/lib/mno-hw-mul\libc.a(lib_a-fflush.o) (_global_impure_ptr)
[...]
Memory Configuration

Name             Origin             Length             Attributes
onchip_memory2_0 0x0000000000000000 0x0000000000000010
reset            0x0000000008000000 0x0000000000000020
sdram            0x0000000008000020 0x0000000003ffffe0
*default*        0x0000000000000000 0xffffffffffffffff

Linker script and memory map

LOAD c:/Users/danie/OneDrive/Desktop/Lab6.2/software/usb_kb_bsp//obj/HAL/src/crt0.o
LOAD obj/default/HID.o
LOAD obj/default/MAX3421E.o
LOAD obj/default/main.o
LOAD obj/default/transfer.o
LOAD c:/intelfpga_prime/nios2eds/bin/gnu/h-x86_64-mingw32/bin/../lib/gcc/nios2-elf/10.1.1/../../../../../H-x86_64-mingw32/nios2-elf/lib/mno-hw-mul\libstdc++.a
LOAD c:/intelfpga_prime/nios2eds/bin/gnu/h-x86_64-mingw32/bin/../lib/gcc/nios2-elf/10.1.1/../../../../../H-x86_64-mingw32/nios2-elf/lib/mno-hw-mul\libm.a
LOAD c:/intelfpga_prime/nios2eds/bin/gnu/h-x86_64-mingw32/bin/../lib/gcc/nios2-elf/10.1.1/mno-hw-mul\libgcc.a
START GROUP
LOAD c:/intelfpga_prime/nios2eds/bin/gnu/h-x86_64-mingw32/bin/../lib/gcc/nios2-elf/10.1.1/../../../../../H-x86_64-mingw32/nios2-elf/lib/mno-hw-mul\libc.a
LOAD c:/intelfpga_prime/nios2eds/bin/gnu/h-x86_64-mingw32/bin/../lib/gcc/nios2-elf/10.1.1/mno-hw-mul\libgcc.a
LOAD c:/Users/danie/OneDrive/Desktop/Lab6.2/software/usb_kb_bsp/\libhal_bsp.a
LOAD c:/intelfpga_prime/nios2eds/bin/gnu/h-x86_64-mingw32/bin/../lib/gcc/nios2-elf/10.1.1/../../../../../H-x86_64-mingw32/nios2-elf/lib/mno-hw-mul\libm.a
END GROUP
LOAD c:/intelfpga_prime/nios2eds/bin/gnu/h-x86_64-mingw32/bin/../lib/gcc/nios2-elf/10.1.1/mno-hw-mul\libgcc.a
                0x0000000000000000                __alt_mem_onchip_memory2_0 = 0x0
                0x0000000008000000                __alt_mem_sdram = 0x8000000

.entry          0x0000000008000000       0x20
 *(.entry)
 .entry         0x0000000008000000       0x20 c:/Users/danie/OneDrive/Desktop/Lab6.2/software/usb_kb_bsp//obj/HAL/src/crt0.o
                0x0000000008000000                __reset

.exceptions     0x0000000008000020      0x204
                0x0000000008000020                PROVIDE (__ram_exceptions_start = ABSOLUTE (.))
                0x0000000008000020                . = ALIGN (0x20)
 *(.irq)
 *(.exceptions.entry.label)
 .exceptions.entry.label
                0x0000000008000020        0x0 c:/Users/danie/OneDrive/Desktop/Lab6.2/software/usb_kb_bsp/\libhal_bsp.a(alt_irq_entry.o)
                0x0000000008000020                alt_irq_entry
 .exceptions.entry.label
                0x0000000008000020        0x0 c:/Users/danie/OneDrive/Desktop/Lab6.2/software/usb_kb_bsp/\libhal_bsp.a(alt_exception_entry.o)
                0x0000000008000020                alt_exception
 *(.exceptions.entry.user)
 *(.exceptions.entry.ecc_fatal)
 *(.exceptions.entry)
 .exceptions.entry
                0x0000000008000020       0x54 c:/Users/danie/OneDrive/Desktop/Lab6.2/software/usb_kb_bsp/\libhal_bsp.a(alt_exception_entry.o)
 *(.exceptions.irqtest.user)
 *(.exceptions.irqtest)
 .exceptions.irqtest
                0x0000000008000074       0x10 c:/Users/danie/OneDrive/Desktop/Lab6.2/software/usb_kb_bsp/\libhal_bsp.a(alt_irq_entry.o)
 *(.exceptions.irqhandler.user)
 *(.exceptions.irqhandler)
 .exceptions.irqhandler
                0x0000000008000084        0x4 c:/Users/danie/OneDrive/Desktop/Lab6.2/software/usb_kb_bsp/\libhal_bsp.a(alt_irq_entry.o)
 *(.exceptions.irqreturn.user)
 *(.exceptions.irqreturn)
 .exceptions.irqreturn
                0x0000000008000088        0x4 c:/Users/danie/OneDrive/Desktop/Lab6.2/software/usb_kb_bsp/\libhal_bsp.a(alt_irq_entry.o)
 *(.exceptions.notirq.label)
 .exceptions.notirq.label
                0x000000000800008c        0x0 c:/Users/danie/OneDrive/Desktop/Lab6.2/software/usb_kb_bsp/\libhal_bsp.a(alt_irq_entry.o)
 *(.exceptions.notirq.user)
 *(.exceptions.notirq)
 .exceptions.notirq
                0x000000000800008c        0x8 c:/Users/danie/OneDrive/Desktop/Lab6.2/software/usb_kb_bsp/\libhal_bsp.a(alt_exception_entry.o)
 *(.exceptions.soft.user)
 *(.exceptions.soft)
 *(.exceptions.unknown.user)
 *(.exceptions.unknown)
 .exceptions.unknown
                0x0000000008000094       0x14 c:/Users/danie/OneDrive/Desktop/Lab6.2/software/usb_kb_bsp/\libhal_bsp.a(alt_exception_entry.o)
 *(.exceptions.exit.label)
 .exceptions.exit.label
                0x00000000080000a8        0x0 c:/Users/danie/OneDrive/Desktop/Lab6.2/software/usb_kb_bsp/\libhal_bsp.a(alt_irq_entry.o)
 .exceptions.exit.label
                0x00000000080000a8        0x0 c:/Users/danie/OneDrive/Desktop/Lab6.2/software/usb_kb_bsp/\libhal_bsp.a(alt_exception_entry.o)
 *(.exceptions.exit.user)
 *(.exceptions.exit)
 .exceptions.exit
                0x00000000080000a8       0x54 c:/Users/danie/OneDrive/Desktop/Lab6.2/software/usb_kb_bsp/\libhal_bsp.a(alt_exception_entry.o)
 *(.exceptions)
 .exceptions    0x00000000080000fc       0xc8 c:/Users/danie/OneDrive/Desktop/Lab6.2/software/usb_kb_bsp/\libhal_bsp.a(alt_irq_handler.o)
                0x00000000080000fc                alt_irq_handler
 .exceptions    0x00000000080001c4       0x60 c:/Users/danie/OneDrive/Desktop/Lab6.2/software/usb_kb_bsp/\libhal_bsp.a(alt_instruction_exception_entry.o)
                0x00000000080001c4                alt_instruction_exception_entry
                0x0000000008000224                PROVIDE (__ram_exceptions_end = ABSOLUTE (.))
                0x0000000008000020                PROVIDE (__flash_exceptions_start = LOADADDR (.exceptions))

.text           0x0000000008000224    0x1282c
                [!provide]                        PROVIDE (stext = ABSOLUTE (.))
 *(.interp)
 *(.hash)
 *(.dynsym)
 *(.dynstr)
 *(.gnu.version)
 *(.gnu.version_d)
 *(.gnu.version_r)
 *(.rel.init)
 *(.rela.init)
 *(.rel.text .rel.text.* .rel.gnu.linkonce.t.*)
 *(.rela.text .rela.text.* .rela.gnu.linkonce.t.*)
 *(.rel.fini)
 *(.rela.fini)
 *(.rel.rodata .rel.rodata.* .rel.gnu.linkonce.r.*)
 *(.rela.rodata .rela.rodata.* .rela.gnu.linkonce.r.*)
 *(.rel.data .rel.data.* .rel.gnu.linkonce.d.*)
 *(.rela.data .rela.data.* .rela.gnu.linkonce.d.*)
 *(.rel.tdata .rel.tdata.* .rel.gnu.linkonce.td.*)
 *(.rela.tdata .rela.tdata.* .rela.gnu.linkonce.td.*)
 *(.rel.tbss .rel.tbss.* .rel.gnu.linkonce.tb.*)
 *(.rela.tbss .rela.tbss.* .rela.gnu.linkonce.tb.*)
 *(.rel.ctors)
 *(.rela.ctors)
 *(.rel.dtors)
 *(.rela.dtors)
 *(.rel.got)
 *(.rela.got)
 *(.rel.sdata .rel.sdata.* .rel.gnu.linkonce.s.*)
 *(.rela.sdata .rela.sdata.* .rela.gnu.linkonce.s.*)
 *(.rel.sbss .rel.sbss.* .rel.gnu.linkonce.sb.*)
 *(.rela.sbss .rela.sbss.* .rela.gnu.linkonce.sb.*)
 *(.rel.sdata2 .rel.sdata2.* .rel.gnu.linkonce.s2.*)
 *(.rela.sdata2 .rela.sdata2.* .rela.gnu.linkonce.s2.*)
 *(.rel.sbss2 .rel.sbss2.* .rel.gnu.linkonce.sb2.*)
 *(.rela.sbss2 .rela.sbss2.* .rela.gnu.linkonce.sb2.*)
 *(.rel.bss .rel.bss.* .rel.gnu.linkonce.b.*)
 *(.rela.bss .rela.bss.* .rela.gnu.linkonce.b.*)
 *(.rel.plt)
 *(.rela.plt)
 *(.rel.dyn)
 *(.init)
 *(.plt)
 *(.text .stub .text.* .gnu.linkonce.t.*)
 .text          0x0000000008000224       0x3c c:/Users/danie/OneDrive/Desktop/Lab6.2/software/usb_kb_bsp//obj/HAL/src/crt0.o
                0x0000000008000224                _start
 .text          0x0000000008000260      0x988 obj/default/HID.o
                0x0000000008000260                HIDMProbe
                0x0000000008000644                HIDKProbe
                0x0000000008000a28                HID_init
                0x0000000008000a60                mousePoll
                0x0000000008000ae4                kbdPoll
                0x0000000008000b70                HIDMEventHandler
                0x0000000008000bac                HIDKEventHandler
 .text          0x0000000008000be8      0x7a8 obj/default/MAX3421E.o
                0x0000000008000be8                SPI_init
                0x0000000008000c28                SPI_wr
                0x0000000008000c50                MAXreg_wr
                0x0000000008000ce0                MAXbytes_wr
                0x0000000008000e3c                MAXreg_rd
                0x0000000008000ebc                MAXbytes_rd
                0x0000000008000f54                MAX3421E_reset
                0x0000000008000ff0                Vbus_power
                0x0000000008001014                MAX_busprobe
                0x00000000080011a0                MAX3421E_init
                0x0000000008001234                MAX3421E_Task
                0x0000000008001290                MaxIntHandler
                0x000000000800135c                MaxGpxHandler
 .text          0x0000000008001390      0x850 obj/default/main.o
                0x0000000008001390                GetDriverandReport
                0x0000000008001578                setLED
                0x00000000080015b4                clearLED
                0x00000000080015f4                printSignedHex0
                0x0000000008001704                printSignedHex1
                0x0000000008001834                setKeycode
                0x0000000008001864                main
 .text          0x0000000008001be0      0xebc obj/default/transfer.o
                0x0000000008001be0                XferCtrlReq
                0x0000000008001d34                XferCtrlData
                0x0000000008001e20                XferCtrlND
                0x0000000008001ea0                XferDispatchPkt
                0x0000000008002020                XferInTransfer
                0x00000000080021a8                USB_init
                0x0000000008002230                USB_Task
                0x0000000008002888                MSDProbe
                0x00000000080028b4                MSDEventHandler
                0x00000000080028f0                CDCProbe
                0x000000000800291c                CDCEventHandler
                0x0000000008002958                DummyProbe
                0x0000000008002984                DummyEventHandler
                0x00000000080029c0                GetUsbTaskState
                0x00000000080029e0                GetDevtable
                0x0000000008002a18                ConvUTF8ToStr
 .text          0x0000000008002a9c      0x1b4 c:/intelfpga_prime/nios2eds/bin/gnu/h-x86_64-mingw32/bin/../lib/gcc/nios2-elf/10.1.1/mno-hw-mul\libgcc.a(lib2-divmod.o)
                0x0000000008002a9c                __divsi3
                0x0000000008002b1c                __modsi3
                0x0000000008002b90                __udivsi3
                0x0000000008002bf4                __umodsi3
 .text          0x0000000008002c50       0x28 c:/intelfpga_prime/nios2eds/bin/gnu/h-x86_64-mingw32/bin/../lib/gcc/nios2-elf/10.1.1/mno-hw-mul\libgcc.a(lib2-mul.o)
                0x0000000008002c50                __mulsi3
 .text          0x0000000008002c78        0x0 c:/intelfpga_prime/nios2eds/bin/gnu/h-x86_64-mingw32/bin/../lib/gcc/nios2-elf/10.1.1/../../../../../H-x86_64-mingw32/nios2-elf/lib/mno-hw-mul\libc.a(lib_a-printf.o)
 .text._printf_r
                0x0000000008002c78       0x30 c:/intelfpga_prime/nios2eds/bin/gnu/h-x86_64-mingw32/bin/../lib/gcc/nios2-elf/10.1.1/../../../../../H-x86_64-mingw32/nios2-elf/lib/mno-hw-mul\libc.a(lib_a-printf.o)
                0x0000000008002c78                _printf_r
 .text.printf   0x0000000008002ca8       0x38 c:/intelfpga_prime/nios2eds/bin/gnu/h-x86_64-mingw32/bin/../lib/gcc/nios2-elf/10.1.1/../../../../../H-x86_64-mingw32/nios2-elf/lib/mno-hw-mul\libc.a(lib_a-printf.o)
                0x0000000008002ca8                printf
 .text          0x0000000008002ce0        0x0 c:/intelfpga_prime/nios2eds/bin/gnu/h-x86_64-mingw32/bin/../lib/gcc/nios2-elf/10.1.1/../../../../../H-x86_64-mingw32/nios2-elf/lib/mno-hw-mul\libc.a(lib_a-putchar.o)
 .text._putchar_r
                0x0000000008002ce0        0x8 c:/intelfpga_prime/nios2eds/bin/gnu/h-x86_64-mingw32/bin/../lib/gcc/nios2-elf/10.1.1/../../../../../H-x86_64-mingw32/nios2-elf/lib/mno-hw-mul\libc.a(lib_a-putchar.o)
                0x0000000008002ce0                _putchar_r
 .text.putchar  0x0000000008002ce8       0x18 c:/intelfpga_prime/nios2eds/bin/gnu/h-x86_64-mingw32/bin/../lib/gcc/nios2-elf/10.1.1/../../../../../H-x86_64-mingw32/nios2-elf/lib/mno-hw-mul\libc.a(lib_a-putchar.o)
                0x0000000008002ce8                putchar
 .text          0x0000000008002d00        0x0 c:/intelfpga_prime/nios2eds/bin/gnu/h-x86_64-mingw32/bin/../lib/gcc/nios2-elf/10.1.1/../../../../../H-x86_64-mingw32/nios2-elf/lib/mno-hw-mul\libc.a(lib_a-puts.o)
 .text._puts_r  0x0000000008002d00       0xcc c:/intelfpga_prime/nios2eds/bin/gnu/h-x86_64-mingw32/bin/../lib/gcc/nios2-elf/10.1.1/../../../../../H-x86_64-mingw32/nios2-elf/lib/mno-hw-mul\libc.a(lib_a-puts.o)
                0x0000000008002d00                _puts_r
 .text.puts     0x0000000008002dcc       0x10 c:/intelfpga_prime/nios2eds/bin/gnu/h-x86_64-mingw32/bin/../lib/gcc/nios2-elf/10.1.1/../../../../../H-x86_64-mingw32/nios2-elf/lib/mno-hw-mul\libc.a(lib_a-puts.o)
                0x0000000008002dcc                puts
 .text          0x0000000008002ddc        0x0 c:/intelfpga_prime/nios2eds/bin/gnu/h-x86_64-mingw32/bin/../lib/gcc/nios2-elf/10.1.1/../../../../../H-x86_64-mingw32/nios2-elf/lib/mno-hw-mul\libc.a(lib_a-strlen.o)
 .text.strlen   0x0000000008002ddc       0x98 c:/intelfpga_prime/nios2eds/bin/gnu/h-x86_64-mingw32/bin/../lib/gcc/nios2-elf/10.1.1/../../../../../H-x86_64-mingw32/nios2-elf/lib/mno-hw-mul\libc.a(lib_a-strlen.o)
                0x0000000008002ddc                strlen
 .text          0x0000000008002e74        0x0 c:/intelfpga_prime/nios2eds/bin/gnu/h-x86_64-mingw32/bin/../lib/gcc/nios2-elf/10.1.1/../../../../../H-x86_64-mingw32/nios2-elf/lib/mno-hw-mul\libc.a(lib_a-vfprintf.o)
 .text.___vfprintf_internal_r
                0x0000000008002e74     0x2104 c:/intelfpga_prime/nios2eds/bin/gnu/h-x86_64-mingw32/bin/../lib/gcc/nios2-elf/10.1.1/../../../../../H-x86_64-mingw32/nios2-elf/lib/mno-hw-mul\libc.a(lib_a-vfprintf.o)
                0x0000000008002e74                ___vfprintf_internal_r
 .text.__vfprintf_internal
                0x0000000008004f78       0x1c c:/intelfpga_prime/nios2eds/bin/gnu/h-x86_64-mingw32/bin/../lib/gcc/nios2-elf/10.1.1/../../../../../H-x86_64-mingw32/nios2-elf/lib/mno-hw-mul\libc.a(lib_a-vfprintf.o)
                0x0000000008004f78                __vfprintf_internal
 .text.__sbprintf
                0x0000000008004f94       0xc0 c:/intelfpga_prime/nios2eds/bin/gnu/h-x86_64-mingw32/bin/../lib/gcc/nios2-elf/10.1.1/../../../../../H-x86_64-mingw32/nios2-elf/lib/mno-hw-mul\libc.a(lib_a-vfprintf.o)
 .text          0x0000000008005054        0x0 c:/intelfpga_prime/nios2eds/bin/gnu/h-x86_64-mingw32/bin/../lib/gcc/nios2-elf/10.1.1/../../../../../H-x86_64-mingw32/nios2-elf/lib/mno-hw-mul\libc.a(lib_a-wsetup.o)
 .text.__swsetup_r
                0x0000000008005054      0x164 c:/intelfpga_prime/nios2eds/bin/gnu/h-x86_64-mingw32/bin/../lib/gcc/nios2-elf/10.1.1/../../../../../H-x86_64-mingw32/nios2-elf/lib/mno-hw-mul\libc.a(lib_a-wsetup.o)
                0x0000000008005054                __swsetup_r
 .text          0x00000000080051b8        0x0 c:/intelfpga_prime/nios2eds/bin/gnu/h-x86_64-mingw32/bin/../lib/gcc/nios2-elf/10.1.1/../../../../../H-x86_64-mingw32/nios2-elf/lib/mno-hw-mul\libc.a(lib_a-dtoa.o)
 .text.quorem   0x00000000080051b8      0x220 c:/intelfpga_prime/nios2eds/bin/gnu/h-x86_64-mingw32/bin/../lib/gcc/nios2-elf/10.1.1/../../../../../H-x86_64-mingw32/nios2-elf/lib/mno-hw-mul\libc.a(lib_a-dtoa.o)
 .text._dtoa_r  0x00000000080053d8     0x1748 c:/intelfpga_prime/nios2eds/bin/gnu/h-x86_64-mingw32/bin/../lib/gcc/nios2-elf/10.1.1/../../../../../H-x86_64-mingw32/nios2-elf/lib/mno-hw-mul\libc.a(lib_a-dtoa.o)
                0x00000000080053d8                _dtoa_r
 .text          0x0000000008006b20        0x0 c:/intelfpga_prime/nios2eds/bin/gnu/h-x86_64-mingw32/bin/../lib/gcc/nios2-elf/10.1.1/../../../../../H-x86_64-mingw32/nios2-elf/lib/mno-hw-mul\libc.a(lib_a-fflush.o)
 .text.__sflush_r
                0x0000000008006b20      0x228 c:/intelfpga_prime/nios2eds/bin/gnu/h-x86_64-mingw32/bin/../lib/gcc/nios2-elf/10.1.1/../../../../../H-x86_64-mingw32/nios2-elf/lib/mno-hw-mul\libc.a(lib_a-fflush.o)
                0x0000000008006b20                __sflush_r
 .text._fflush_r
                0x0000000008006d48       0x60 c:/intelfpga_prime/nios2eds/bin/gnu/h-x86_64-mingw32/bin/../lib/gcc/nios2-elf/10.1.1/../../../../../H-x86_64-mingw32/nios2-elf/lib/mno-hw-mul\libc.a(lib_a-fflush.o)
                0x0000000008006d48                _fflush_r
 .text.fflush   0x0000000008006da8       0x84 c:/intelfpga_prime/nios2eds/bin/gnu/h-x86_64-mingw32/bin/../lib/gcc/nios2-elf/10.1.1/../../../../../H-x86_64-mingw32/nios2-elf/lib/mno-hw-mul\libc.a(lib_a-fflush.o)
                0x0000000008006da8                fflush
 .text          0x0000000008006e2c        0x0 c:/intelfpga_prime/nios2eds/bin/gnu/h-x86_64-mingw32/bin/../lib/gcc/nios2-elf/10.1.1/../../../../../H-x86_64-mingw32/nios2-elf/lib/mno-hw-mul\libc.a(lib_a-findfp.o)
 .text.__fp_lock
                0x0000000008006e2c        0x8 c:/intelfpga_prime/nios2eds/bin/gnu/h-x86_64-mingw32/bin/../lib/gcc/nios2-elf/10.1.1/../../../../../H-x86_64-mingw32/nios2-elf/lib/mno-hw-mul\libc.a(lib_a-findfp.o)
 .text._cleanup_r
                0x0000000008006e34        0xc c:/intelfpga_prime/nios2eds/bin/gnu/h-x86_64-mingw32/bin/../lib/gcc/nios2-elf/10.1.1/../../../../../H-x86_64-mingw32/nios2-elf/lib/mno-hw-mul\libc.a(lib_a-findfp.o)
                0x0000000008006e34                _cleanup_r
 .text.__fp_unlock
                0x0000000008006e40        0x8 c:/intelfpga_prime/nios2eds/bin/gnu/h-x86_64-mingw32/bin/../lib/gcc/nios2-elf/10.1.1/../../../../../H-x86_64-mingw32/nios2-elf/lib/mno-hw-mul\libc.a(lib_a-findfp.o)
 .text.__sinit.part.0
                0x0000000008006e48      0x168 c:/intelfpga_prime/nios2eds/bin/gnu/h-x86_64-mingw32/bin/../lib/gcc/nios2-elf/10.1.1/../../../../../H-x86_64-mingw32/nios2-elf/lib/mno-hw-mul\libc.a(lib_a-findfp.o)
 .text.__sfmoreglue
                0x0000000008006fb0       0x78 c:/intelfpga_prime/nios2eds/bin/gnu/h-x86_64-mingw32/bin/../lib/gcc/nios2-elf/10.1.1/../../../../../H-x86_64-mingw32/nios2-elf/lib/mno-hw-mul\libc.a(lib_a-findfp.o)
                0x0000000008006fb0                __sfmoreglue
 .text.__sfp    0x0000000008007028      0x154 c:/intelfpga_prime/nios2eds/bin/gnu/h-x86_64-mingw32/bin/../lib/gcc/nios2-elf/10.1.1/../../../../../H-x86_64-mingw32/nios2-elf/lib/mno-hw-mul\libc.a(lib_a-findfp.o)
                0x0000000008007028                __sfp
 .text._cleanup
                0x000000000800717c       0x14 c:/intelfpga_prime/nios2eds/bin/gnu/h-x86_64-mingw32/bin/../lib/gcc/nios2-elf/10.1.1/../../../../../H-x86_64-mingw32/nios2-elf/lib/mno-hw-mul\libc.a(lib_a-findfp.o)
                0x000000000800717c                _cleanup
 .text.__sinit  0x0000000008007190       0x10 c:/intelfpga_prime/nios2eds/bin/gnu/h-x86_64-mingw32/bin/../lib/gcc/nios2-elf/10.1.1/../../../../../H-x86_64-mingw32/nios2-elf/lib/mno-hw-mul\libc.a(lib_a-findfp.o)
                0x0000000008007190                __sinit
 .text.__sfp_lock_acquire
                0x00000000080071a0        0x4 c:/intelfpga_prime/nios2eds/bin/gnu/h-x86_64-mingw32/bin/../lib/gcc/nios2-elf/10.1.1/../../../../../H-x86_64-mingw32/nios2-elf/lib/mno-hw-mul\libc.a(lib_a-findfp.o)
                0x00000000080071a0                __sfp_lock_acquire
 .text.__sfp_lock_release
                0x00000000080071a4        0x4 c:/intelfpga_prime/nios2eds/bin/gnu/h-x86_64-mingw32/bin/../lib/gcc/nios2-elf/10.1.1/../../../../../H-x86_64-mingw32/nios2-elf/lib/mno-hw-mul\libc.a(lib_a-findfp.o)
                0x00000000080071a4                __sfp_lock_release
 .text.__sinit_lock_acquire
                0x00000000080071a8        0x4 c:/intelfpga_prime/nios2eds/bin/gnu/h-x86_64-mingw32/bin/../lib/gcc/nios2-elf/10.1.1/../../../../../H-x86_64-mingw32/nios2-elf/lib/mno-hw-mul\libc.a(lib_a-findfp.o)
                0x00000000080071a8                __sinit_lock_acquire
 .text.__sinit_lock_release
                0x00000000080071ac        0x4 c:/intelfpga_prime/nios2eds/bin/gnu/h-x86_64-mingw32/bin/../lib/gcc/nios2-elf/10.1.1/../../../../../H-x86_64-mingw32/nios2-elf/lib/mno-hw-mul\libc.a(lib_a-findfp.o)
                0x00000000080071ac                __sinit_lock_release
 .text.__fp_lock_all
                0x00000000080071b0       0x14 c:/intelfpga_prime/nios2eds/bin/gnu/h-x86_64-mingw32/bin/../lib/gcc/nios2-elf/10.1.1/../../../../../H-x86_64-mingw32/nios2-elf/lib/mno-hw-mul\libc.a(lib_a-findfp.o)
                0x00000000080071b0                __fp_lock_all
 .text.__fp_unlock_all
                0x00000000080071c4       0x14 c:/intelfpga_prime/nios2eds/bin/gnu/h-x86_64-mingw32/bin/../lib/gcc/nios2-elf/10.1.1/../../../../../H-x86_64-mingw32/nios2-elf/lib/mno-hw-mul\libc.a(lib_a-findfp.o)
                0x00000000080071c4                __fp_unlock_all
 .text          0x00000000080071d8        0x0 c:/intelfpga_prime/nios2eds/bin/gnu/h-x86_64-mingw32/bin/../lib/gcc/nios2-elf/10.1.1/../../../../../H-x86_64-mingw32/nios2-elf/lib/mno-hw-mul\libc.a(lib_a-freer.o)
 .text._malloc_trim_r
                0x00000000080071d8      0x11c c:/intelfpga_prime/nios2eds/bin/gnu/h-x86_64-mingw32/bin/../lib/gcc/nios2-elf/10.1.1/../../../../../H-x86_64-mingw32/nios2-elf/lib/mno-hw-mul\libc.a(lib_a-freer.o)
                0x00000000080071d8                _malloc_trim_r
 .text._free_r  0x00000000080072f4      0x2fc c:/intelfpga_prime/nios2eds/bin/gnu/h-x86_64-mingw32/bin/../lib/gcc/nios2-elf/10.1.1/../../../../../H-x86_64-mingw32/nios2-elf/lib/mno-hw-mul\libc.a(lib_a-freer.o)
                0x00000000080072f4                _free_r
 .text          0x00000000080075f0        0x0 c:/intelfpga_prime/nios2eds/bin/gnu/h-x86_64-mingw32/bin/../lib/gcc/nios2-elf/10.1.1/../../../../../H-x86_64-mingw32/nios2-elf/lib/mno-hw-mul\libc.a(lib_a-fvwrite.o)
 .text.__sfvwrite_r
                0x00000000080075f0      0x4c8 c:/intelfpga_prime/nios2eds/bin/gnu/h-x86_64-mingw32/bin/../lib/gcc/nios2-elf/10.1.1/../../../../../H-x86_64-mingw32/nios2-elf/lib/mno-hw-mul\libc.a(lib_a-fvwrite.o)
                0x00000000080075f0                __sfvwrite_r
 .text          0x0000000008007ab8        0x0 c:/intelfpga_prime/nios2eds/bin/gnu/h-x86_64-mingw32/bin/../lib/gcc/nios2-elf/10.1.1/../../../../../H-x86_64-mingw32/nios2-elf/lib/mno-hw-mul\libc.a(lib_a-fwalk.o)
 .text._fwalk   0x0000000008007ab8       0x98 c:/intelfpga_prime/nios2eds/bin/gnu/h-x86_64-mingw32/bin/../lib/gcc/nios2-elf/10.1.1/../../../../../H-x86_64-mingw32/nios2-elf/lib/mno-hw-mul\libc.a(lib_a-fwalk.o)
                0x0000000008007ab8                _fwalk
 .text._fwalk_reent
                0x0000000008007b50       0xa8 c:/intelfpga_prime/nios2eds/bin/gnu/h-x86_64-mingw32/bin/../lib/gcc/nios2-elf/10.1.1/../../../../../H-x86_64-mingw32/nios2-elf/lib/mno-hw-mul\libc.a(lib_a-fwalk.o)
                0x0000000008007b50                _fwalk_reent
 .text          0x0000000008007bf8        0x0 c:/intelfpga_prime/nios2eds/bin/gnu/h-x86_64-mingw32/bin/../lib/gcc/nios2-elf/10.1.1/../../../../../H-x86_64-mingw32/nios2-elf/lib/mno-hw-mul\libc.a(lib_a-impure.o)
 .text          0x0000000008007bf8        0x0 c:/intelfpga_prime/nios2eds/bin/gnu/h-x86_64-mingw32/bin/../lib/gcc/nios2-elf/10.1.1/../../../../../H-x86_64-mingw32/nios2-elf/lib/mno-hw-mul\libc.a(lib_a-localeconv.o)
 .text.__localeconv_l
                0x0000000008007bf8        0x8 c:/intelfpga_prime/nios2eds/bin/gnu/h-x86_64-mingw32/bin/../lib/gcc/nios2-elf/10.1.1/../../../../../H-x86_64-mingw32/nios2-elf/lib/mno-hw-mul\libc.a(lib_a-localeconv.o)
                0x0000000008007bf8                __localeconv_l
 .text._localeconv_r
                0x0000000008007c00        0xc c:/intelfpga_prime/nios2eds/bin/gnu/h-x86_64-mingw32/bin/../lib/gcc/nios2-elf/10.1.1/../../../../../H-x86_64-mingw32/nios2-elf/lib/mno-hw-mul\libc.a(lib_a-localeconv.o)
                0x0000000008007c00                _localeconv_r
 .text.localeconv
                0x0000000008007c0c        0xc c:/intelfpga_prime/nios2eds/bin/gnu/h-x86_64-mingw32/bin/../lib/gcc/nios2-elf/10.1.1/../../../../../H-x86_64-mingw32/nios2-elf/lib/mno-hw-mul\libc.a(lib_a-localeconv.o)
                0x0000000008007c0c                localeconv
 .text          0x0000000008007c18        0x0 c:/intelfpga_prime/nios2eds/bin/gnu/h-x86_64-mingw32/bin/../lib/gcc/nios2-elf/10.1.1/../../../../../H-x86_64-mingw32/nios2-elf/lib/mno-hw-mul\libc.a(lib_a-makebuf.o)
 .text.__smakebuf_r
                0x0000000008007c18      0x1b0 c:/intelfpga_prime/nios2eds/bin/gnu/h-x86_64-mingw32/bin/../lib/gcc/nios2-elf/10.1.1/../../../../../H-x86_64-mingw32/nios2-elf/lib/mno-hw-mul\libc.a(lib_a-makebuf.o)
                0x0000000008007c18                __smakebuf_r
 .text.__swhatbuf_r
                0x0000000008007dc8       0x98 c:/intelfpga_prime/nios2eds/bin/gnu/h-x86_64-mingw32/bin/../lib/gcc/nios2-elf/10.1.1/../../../../../H-x86_64-mingw32/nios2-elf/lib/mno-hw-mul\libc.a(lib_a-makebuf.o)
                0x0000000008007dc8                __swhatbuf_r
 .text          0x0000000008007e60        0x0 c:/intelfpga_prime/nios2eds/bin/gnu/h-x86_64-mingw32/bin/../lib/gcc/nios2-elf/10.1.1/../../../../../H-x86_64-mingw32/nios2-elf/lib/mno-hw-mul\libc.a(lib_a-mallocr.o)
 .text._malloc_r
                0x0000000008007e60      0x7e0 c:/intelfpga_prime/nios2eds/bin/gnu/h-x86_64-mingw32/bin/../lib/gcc/nios2-elf/10.1.1/../../../../../H-x86_64-mingw32/nios2-elf/lib/mno-hw-mul\libc.a(lib_a-mallocr.o)
                0x0000000008007e60                _malloc_r
 .text          0x0000000008008640        0x0 c:/intelfpga_prime/nios2eds/bin/gnu/h-x86_64-mingw32/bin/../lib/gcc/nios2-elf/10.1.1/../../../../../H-x86_64-mingw32/nios2-elf/lib/mno-hw-mul\libc.a(lib_a-memchr.o)
 .text.memchr   0x0000000008008640       0xd0 c:/intelfpga_prime/nios2eds/bin/gnu/h-x86_64-mingw32/bin/../lib/gcc/nios2-elf/10.1.1/../../../../../H-x86_64-mingw32/nios2-elf/lib/mno-hw-mul\libc.a(lib_a-memchr.o)
                0x0000000008008640                memchr
 .text          0x0000000008008710        0x0 c:/intelfpga_prime/nios2eds/bin/gnu/h-x86_64-mingw32/bin/../lib/gcc/nios2-elf/10.1.1/../../../../../H-x86_64-mingw32/nios2-elf/lib/mno-hw-mul\libc.a(lib_a-memcpy.o)
 .text.memcpy   0x0000000008008710      0x100 c:/intelfpga_prime/nios2eds/bin/gnu/h-x86_64-mingw32/bin/../lib/gcc/nios2-elf/10.1.1/../../../../../H-x86_64-mingw32/nios2-elf/lib/mno-hw-mul\libc.a(lib_a-memcpy.o)
                0x0000000008008710                memcpy
 .text          0x0000000008008810        0x0 c:/intelfpga_prime/nios2eds/bin/gnu/h-x86_64-mingw32/bin/../lib/gcc/nios2-elf/10.1.1/../../../../../H-x86_64-mingw32/nios2-elf/lib/mno-hw-mul\libc.a(lib_a-memmove.o)
 .text.memmove  0x0000000008008810      0x12c c:/intelfpga_prime/nios2eds/bin/gnu/h-x86_64-mingw32/bin/../lib/gcc/nios2-elf/10.1.1/../../../../../H-x86_64-mingw32/nios2-elf/lib/mno-hw-mul\libc.a(lib_a-memmove.o)
                0x0000000008008810                memmove
 .text          0x000000000800893c        0x0 c:/intelfpga_prime/nios2eds/bin/gnu/h-x86_64-mingw32/bin/../lib/gcc/nios2-elf/10.1.1/../../../../../H-x86_64-mingw32/nios2-elf/lib/mno-hw-mul\libc.a(lib_a-memset.o)
 .text.memset   0x000000000800893c       0xf0 c:/intelfpga_prime/nios2eds/bin/gnu/h-x86_64-mingw32/bin/../lib/gcc/nios2-elf/10.1.1/../../../../../H-x86_64-mingw32/nios2-elf/lib/mno-hw-mul\libc.a(lib_a-memset.o)
                0x000000000800893c                memset
 .text          0x0000000008008a2c        0x0 c:/intelfpga_prime/nios2eds/bin/gnu/h-x86_64-mingw32/bin/../lib/gcc/nios2-elf/10.1.1/../../../../../H-x86_64-mingw32/nios2-elf/lib/mno-hw-mul\libc.a(lib_a-mprec.o)
 .text._Balloc  0x0000000008008a2c       0xa4 c:/intelfpga_prime/nios2eds/bin/gnu/h-x86_64-mingw32/bin/../lib/gcc/nios2-elf/10.1.1/../../../../../H-x86_64-mingw32/nios2-elf/lib/mno-hw-mul\libc.a(lib_a-mprec.o)
                0x0000000008008a2c                _Balloc
 .text._Bfree   0x0000000008008ad0       0x24 c:/intelfpga_prime/nios2eds/bin/gnu/h-x86_64-mingw32/bin/../lib/gcc/nios2-elf/10.1.1/../../../../../H-x86_64-mingw32/nios2-elf/lib/mno-hw-mul\libc.a(lib_a-mprec.o)
                0x0000000008008ad0                _Bfree
 .text.__multadd
                0x0000000008008af4      0x15c c:/intelfpga_prime/nios2eds/bin/gnu/h-x86_64-mingw32/bin/../lib/gcc/nios2-elf/10.1.1/../../../../../H-x86_64-mingw32/nios2-elf/lib/mno-hw-mul\libc.a(lib_a-mprec.o)
                0x0000000008008af4                __multadd
 .text.__s2b    0x0000000008008c50      0x138 c:/intelfpga_prime/nios2eds/bin/gnu/h-x86_64-mingw32/bin/../lib/gcc/nios2-elf/10.1.1/../../../../../H-x86_64-mingw32/nios2-elf/lib/mno-hw-mul\libc.a(lib_a-mprec.o)
                0x0000000008008c50                __s2b
 .text.__hi0bits
                0x0000000008008d88       0x64 c:/intelfpga_prime/nios2eds/bin/gnu/h-x86_64-mingw32/bin/../lib/gcc/nios2-elf/10.1.1/../../../../../H-x86_64-mingw32/nios2-elf/lib/mno-hw-mul\libc.a(lib_a-mprec.o)
                0x0000000008008d88                __hi0bits
 .text.__lo0bits
                0x0000000008008dec       0xb0 c:/intelfpga_prime/nios2eds/bin/gnu/h-x86_64-mingw32/bin/../lib/gcc/nios2-elf/10.1.1/../../../../../H-x86_64-mingw32/nios2-elf/lib/mno-hw-mul\libc.a(lib_a-mprec.o)
                0x0000000008008dec                __lo0bits
 .text.__i2b    0x0000000008008e9c       0xb0 c:/intelfpga_prime/nios2eds/bin/gnu/h-x86_64-mingw32/bin/../lib/gcc/nios2-elf/10.1.1/../../../../../H-x86_64-mingw32/nios2-elf/lib/mno-hw-mul\libc.a(lib_a-mprec.o)
                0x0000000008008e9c                __i2b
 .text.__multiply
                0x0000000008008f4c      0x2c4 c:/intelfpga_prime/nios2eds/bin/gnu/h-x86_64-mingw32/bin/../lib/gcc/nios2-elf/10.1.1/../../../../../H-x86_64-mingw32/nios2-elf/lib/mno-hw-mul\libc.a(lib_a-mprec.o)
                0x0000000008008f4c                __multiply
 .text.__pow5mult
                0x0000000008009210      0x148 c:/intelfpga_prime/nios2eds/bin/gnu/h-x86_64-mingw32/bin/../lib/gcc/nios2-elf/10.1.1/../../../../../H-x86_64-mingw32/nios2-elf/lib/mno-hw-mul\libc.a(lib_a-mprec.o)
                0x0000000008009210                __pow5mult
 .text.__lshift
                0x0000000008009358      0x188 c:/intelfpga_prime/nios2eds/bin/gnu/h-x86_64-mingw32/bin/../lib/gcc/nios2-elf/10.1.1/../../../../../H-x86_64-mingw32/nios2-elf/lib/mno-hw-mul\libc.a(lib_a-mprec.o)
                0x0000000008009358                __lshift
 .text.__mcmp   0x00000000080094e0       0x58 c:/intelfpga_prime/nios2eds/bin/gnu/h-x86_64-mingw32/bin/../lib/gcc/nios2-elf/10.1.1/../../../../../H-x86_64-mingw32/nios2-elf/lib/mno-hw-mul\libc.a(lib_a-mprec.o)
                0x00000000080094e0                __mcmp
 .text.__mdiff  0x0000000008009538      0x22c c:/intelfpga_prime/nios2eds/bin/gnu/h-x86_64-mingw32/bin/../lib/gcc/nios2-elf/10.1.1/../../../../../H-x86_64-mingw32/nios2-elf/lib/mno-hw-mul\libc.a(lib_a-mprec.o)
                0x0000000008009538                __mdiff
 .text.__ulp    0x0000000008009764       0x5c c:/intelfpga_prime/nios2eds/bin/gnu/h-x86_64-mingw32/bin/../lib/gcc/nios2-elf/10.1.1/../../../../../H-x86_64-mingw32/nios2-elf/lib/mno-hw-mul\libc.a(lib_a-mprec.o)
                0x0000000008009764                __ulp
 .text.__b2d    0x00000000080097c0      0x108 c:/intelfpga_prime/nios2eds/bin/gnu/h-x86_64-mingw32/bin/../lib/gcc/nios2-elf/10.1.1/../../../../../H-x86_64-mingw32/nios2-elf/lib/mno-hw-mul\libc.a(lib_a-mprec.o)
                0x00000000080097c0                __b2d
 .text.__d2b    0x00000000080098c8      0x164 c:/intelfpga_prime/nios2eds/bin/gnu/h-x86_64-mingw32/bin/../lib/gcc/nios2-elf/10.1.1/../../../../../H-x86_64-mingw32/nios2-elf/lib/mno-hw-mul\libc.a(lib_a-mprec.o)
                0x00000000080098c8                __d2b
 .text.__ratio  0x0000000008009a2c       0xa4 c:/intelfpga_prime/nios2eds/bin/gnu/h-x86_64-mingw32/bin/../lib/gcc/nios2-elf/10.1.1/../../../../../H-x86_64-mingw32/nios2-elf/lib/mno-hw-mul\libc.a(lib_a-mprec.o)
                0x0000000008009a2c                __ratio
 .text._mprec_log10
                0x0000000008009ad0       0x70 c:/intelfpga_prime/nios2eds/bin/gnu/h-x86_64-mingw32/bin/../lib/gcc/nios2-elf/10.1.1/../../../../../H-x86_64-mingw32/nios2-elf/lib/mno-hw-mul\libc.a(lib_a-mprec.o)
                0x0000000008009ad0                _mprec_log10
 .text.__copybits
                0x0000000008009b40       0x7c c:/intelfpga_prime/nios2eds/bin/gnu/h-x86_64-mingw32/bin/../lib/gcc/nios2-elf/10.1.1/../../../../../H-x86_64-mingw32/nios2-elf/lib/mno-hw-mul\libc.a(lib_a-mprec.o)
                0x0000000008009b40                __copybits
 .text.__any_on
                0x0000000008009bbc       0x60 c:/intelfpga_prime/nios2eds/bin/gnu/h-x86_64-mingw32/bin/../lib/gcc/nios2-elf/10.1.1/../../../../../H-x86_64-mingw32/nios2-elf/lib/mno-hw-mul\libc.a(lib_a-mprec.o)
                0x0000000008009bbc                __any_on
 .text          0x0000000008009c1c        0x0 c:/intelfpga_prime/nios2eds/bin/gnu/h-x86_64-mingw32/bin/../lib/gcc/nios2-elf/10.1.1/../../../../../H-x86_64-mingw32/nios2-elf/lib/mno-hw-mul\libc.a(lib_a-putc.o)
 .text._putc_r  0x0000000008009c1c       0xcc c:/intelfpga_prime/nios2eds/bin/gnu/h-x86_64-mingw32/bin/../lib/gcc/nios2-elf/10.1.1/../../../../../H-x86_64-mingw32/nios2-elf/lib/mno-hw-mul\libc.a(lib_a-putc.o)
                0x0000000008009c1c                _putc_r
 .text.putc     0x0000000008009ce8       0xe0 c:/intelfpga_prime/nios2eds/bin/gnu/h-x86_64-mingw32/bin/../lib/gcc/nios2-elf/10.1.1/../../../../../H-x86_64-mingw32/nios2-elf/lib/mno-hw-mul\libc.a(lib_a-putc.o)
                0x0000000008009ce8                putc
 .text          0x0000000008009dc8        0x0 c:/intelfpga_prime/nios2eds/bin/gnu/h-x86_64-mingw32/bin/../lib/gcc/nios2-elf/10.1.1/../../../../../H-x86_64-mingw32/nios2-elf/lib/mno-hw-mul\libc.a(lib_a-reallocr.o)
 .text._realloc_r
                0x0000000008009dc8      0x564 c:/intelfpga_prime/nios2eds/bin/gnu/h-x86_64-mingw32/bin/../lib/gcc/nios2-elf/10.1.1/../../../../../H-x86_64-mingw32/nios2-elf/lib/mno-hw-mul\libc.a(lib_a-reallocr.o)
                0x0000000008009dc8                _realloc_r
 .text          0x000000000800a32c        0x0 c:/intelfpga_prime/nios2eds/bin/gnu/h-x86_64-mingw32/bin/../lib/gcc/nios2-elf/10.1.1/../../../../../H-x86_64-mingw32/nios2-elf/lib/mno-hw-mul\libc.a(lib_a-sbrkr.o)
 .text._sbrk_r  0x000000000800a32c       0x58 c:/intelfpga_prime/nios2eds/bin/gnu/h-x86_64-mingw32/bin/../lib/gcc/nios2-elf/10.1.1/../../../../../H-x86_64-mingw32/nios2-elf/lib/mno-hw-mul\libc.a(lib_a-sbrkr.o)
                0x000000000800a32c                _sbrk_r
 .text          0x000000000800a384        0x0 c:/intelfpga_prime/nios2eds/bin/gnu/h-x86_64-mingw32/bin/../lib/gcc/nios2-elf/10.1.1/../../../../../H-x86_64-mingw32/nios2-elf/lib/mno-hw-mul\libc.a(lib_a-stdio.o)
 .text.__sread  0x000000000800a384       0x54 c:/intelfpga_prime/nios2eds/bin/gnu/h-x86_64-mingw32/bin/../lib/gcc/nios2-elf/10.1.1/../../../../../H-x86_64-mingw32/nios2-elf/lib/mno-hw-mul\libc.a(lib_a-stdio.o)
                0x000000000800a384                __sread
 .text.__seofread
                0x000000000800a3d8        0x8 c:/intelfpga_prime/nios2eds/bin/gnu/h-x86_64-mingw32/bin/../lib/gcc/nios2-elf/10.1.1/../../../../../H-x86_64-mingw32/nios2-elf/lib/mno-hw-mul\libc.a(lib_a-stdio.o)
                0x000000000800a3d8                __seofread
 .text.__swrite
                0x000000000800a3e0       0x80 c:/intelfpga_prime/nios2eds/bin/gnu/h-x86_64-mingw32/bin/../lib/gcc/nios2-elf/10.1.1/../../../../../H-x86_64-mingw32/nios2-elf/lib/mno-hw-mul\libc.a(lib_a-stdio.o)
                0x000000000800a3e0                __swrite
 .text.__sseek  0x000000000800a460       0x5c c:/intelfpga_prime/nios2eds/bin/gnu/h-x86_64-mingw32/bin/../lib/gcc/nios2-elf/10.1.1/../../../../../H-x86_64-mingw32/nios2-elf/lib/mno-hw-mul\libc.a(lib_a-stdio.o)
                0x000000000800a460                __sseek
 .text.__sclose
                0x000000000800a4bc        0x8 c:/intelfpga_prime/nios2eds/bin/gnu/h-x86_64-mingw32/bin/../lib/gcc/nios2-elf/10.1.1/../../../../../H-x86_64-mingw32/nios2-elf/lib/mno-hw-mul\libc.a(lib_a-stdio.o)
                0x000000000800a4bc                __sclose
 .text          0x000000000800a4c4        0x0 c:/intelfpga_prime/nios2eds/bin/gnu/h-x86_64-mingw32/bin/../lib/gcc/nios2-elf/10.1.1/../../../../../H-x86_64-mingw32/nios2-elf/lib/mno-hw-mul\libc.a(lib_a-vfiprintf.o)
 .text.__sprint_r.part.0
                0x000000000800a4c4       0xf4 c:/intelfpga_prime/nios2eds/bin/gnu/h-x86_64-mingw32/bin/../lib/gcc/nios2-elf/10.1.1/../../../../../H-x86_64-mingw32/nios2-elf/lib/mno-hw-mul\libc.a(lib_a-vfiprintf.o)
 .text.__sprint_r
                0x000000000800a5b8       0x18 c:/intelfpga_prime/nios2eds/bin/gnu/h-x86_64-mingw32/bin/../lib/gcc/nios2-elf/10.1.1/../../../../../H-x86_64-mingw32/nios2-elf/lib/mno-hw-mul\libc.a(lib_a-vfiprintf.o)
                0x000000000800a5b8                __sprint_r
 .text.___vfiprintf_internal_r
                0x000000000800a5d0     0x1344 c:/intelfpga_prime/nios2eds/bin/gnu/h-x86_64-mingw32/bin/../lib/gcc/nios2-elf/10.1.1/../../../../../H-x86_64-mingw32/nios2-elf/lib/mno-hw-mul\libc.a(lib_a-vfiprintf.o)
                0x000000000800a5d0                ___vfiprintf_internal_r
 .text.__vfiprintf_internal
                0x000000000800b914       0x1c c:/intelfpga_prime/nios2eds/bin/gnu/h-x86_64-mingw32/bin/../lib/gcc/nios2-elf/10.1.1/../../../../../H-x86_64-mingw32/nios2-elf/lib/mno-hw-mul\libc.a(lib_a-vfiprintf.o)
                0x000000000800b914                __vfiprintf_internal
 .text.__sbprintf
                0x000000000800b930       0xc0 c:/intelfpga_prime/nios2eds/bin/gnu/h-x86_64-mingw32/bin/../lib/gcc/nios2-elf/10.1.1/../../../../../H-x86_64-mingw32/nios2-elf/lib/mno-hw-mul\libc.a(lib_a-vfiprintf.o)
 .text          0x000000000800b9f0        0x0 c:/intelfpga_prime/nios2eds/bin/gnu/h-x86_64-mingw32/bin/../lib/gcc/nios2-elf/10.1.1/../../../../../H-x86_64-mingw32/nios2-elf/lib/mno-hw-mul\libc.a(lib_a-wbuf.o)
 .text.__swbuf_r
                0x000000000800b9f0      0x148 c:/intelfpga_prime/nios2eds/bin/gnu/h-x86_64-mingw32/bin/../lib/gcc/nios2-elf/10.1.1/../../../../../H-x86_64-mingw32/nios2-elf/lib/mno-hw-mul\libc.a(lib_a-wbuf.o)
                0x000000000800b9f0                __swbuf_r
 .text.__swbuf  0x000000000800bb38       0x18 c:/intelfpga_prime/nios2eds/bin/gnu/h-x86_64-mingw32/bin/../lib/gcc/nios2-elf/10.1.1/../../../../../H-x86_64-mingw32/nios2-elf/lib/mno-hw-mul\libc.a(lib_a-wbuf.o)
                0x000000000800bb38                __swbuf
 .text          0x000000000800bb50        0x0 c:/intelfpga_prime/nios2eds/bin/gnu/h-x86_64-mingw32/bin/../lib/gcc/nios2-elf/10.1.1/../../../../../H-x86_64-mingw32/nios2-elf/lib/mno-hw-mul\libc.a(lib_a-writer.o)
 .text._write_r
                0x000000000800bb50       0x64 c:/intelfpga_prime/nios2eds/bin/gnu/h-x86_64-mingw32/bin/../lib/gcc/nios2-elf/10.1.1/../../../../../H-x86_64-mingw32/nios2-elf/lib/mno-hw-mul\libc.a(lib_a-writer.o)
                0x000000000800bb50                _write_r
 .text          0x000000000800bbb4        0x0 c:/intelfpga_prime/nios2eds/bin/gnu/h-x86_64-mingw32/bin/../lib/gcc/nios2-elf/10.1.1/../../../../../H-x86_64-mingw32/nios2-elf/lib/mno-hw-mul\libc.a(closer.o)
 .text._close_r
                0x000000000800bbb4       0x58 c:/intelfpga_prime/nios2eds/bin/gnu/h-x86_64-mingw32/bin/../lib/gcc/nios2-elf/10.1.1/../../../../../H-x86_64-mingw32/nios2-elf/lib/mno-hw-mul\libc.a(closer.o)
                0x000000000800bbb4                _close_r
 .text          0x000000000800bc0c        0x0 c:/intelfpga_prime/nios2eds/bin/gnu/h-x86_64-mingw32/bin/../lib/gcc/nios2-elf/10.1.1/../../../../../H-x86_64-mingw32/nios2-elf/lib/mno-hw-mul\libc.a(lib_a-assert.o)
 .text.__assert_func
                0x000000000800bc0c       0x64 c:/intelfpga_prime/nios2eds/bin/gnu/h-x86_64-mingw32/bin/../lib/gcc/nios2-elf/10.1.1/../../../../../H-x86_64-mingw32/nios2-elf/lib/mno-hw-mul\libc.a(lib_a-assert.o)
                0x000000000800bc0c                __assert_func
 .text.__assert
                0x000000000800bc70       0x14 c:/intelfpga_prime/nios2eds/bin/gnu/h-x86_64-mingw32/bin/../lib/gcc/nios2-elf/10.1.1/../../../../../H-x86_64-mingw32/nios2-elf/lib/mno-hw-mul\libc.a(lib_a-assert.o)
                0x000000000800bc70                __assert
 .text          0x000000000800bc84        0x0 c:/intelfpga_prime/nios2eds/bin/gnu/h-x86_64-mingw32/bin/../lib/gcc/nios2-elf/10.1.1/../../../../../H-x86_64-mingw32/nios2-elf/lib/mno-hw-mul\libc.a(lib_a-callocr.o)
 .text._calloc_r
                0x000000000800bc84       0xc4 c:/intelfpga_prime/nios2eds/bin/gnu/h-x86_64-mingw32/bin/../lib/gcc/nios2-elf/10.1.1/../../../../../H-x86_64-mingw32/nios2-elf/lib/mno-hw-mul\libc.a(lib_a-callocr.o)
                0x000000000800bc84                _calloc_r
 .text          0x000000000800bd48        0x0 c:/intelfpga_prime/nios2eds/bin/gnu/h-x86_64-mingw32/bin/../lib/gcc/nios2-elf/10.1.1/../../../../../H-x86_64-mingw32/nios2-elf/lib/mno-hw-mul\libc.a(lib_a-fclose.o)
 .text._fclose_r.part.0
                0x000000000800bd48       0xc0 c:/intelfpga_prime/nios2eds/bin/gnu/h-x86_64-mingw32/bin/../lib/gcc/nios2-elf/10.1.1/../../../../../H-x86_64-mingw32/nios2-elf/lib/mno-hw-mul\libc.a(lib_a-fclose.o)
 .text._fclose_r
                0x000000000800be08       0x70 c:/intelfpga_prime/nios2eds/bin/gnu/h-x86_64-mingw32/bin/../lib/gcc/nios2-elf/10.1.1/../../../../../H-x86_64-mingw32/nios2-elf/lib/mno-hw-mul\libc.a(lib_a-fclose.o)
                0x000000000800be08                _fclose_r
 .text.fclose   0x000000000800be78       0x70 c:/intelfpga_prime/nios2eds/bin/gnu/h-x86_64-mingw32/bin/../lib/gcc/nios2-elf/10.1.1/../../../../../H-x86_64-mingw32/nios2-elf/lib/mno-hw-mul\libc.a(lib_a-fclose.o)
                0x000000000800be78                fclose
 .text          0x000000000800bee8        0x0 c:/intelfpga_prime/nios2eds/bin/gnu/h-x86_64-mingw32/bin/../lib/gcc/nios2-elf/10.1.1/../../../../../H-x86_64-mingw32/nios2-elf/lib/mno-hw-mul\libc.a(lib_a-fiprintf.o)
 .text._fiprintf_r
                0x000000000800bee8       0x20 c:/intelfpga_prime/nios2eds/bin/gnu/h-x86_64-mingw32/bin/../lib/gcc/nios2-elf/10.1.1/../../../../../H-x86_64-mingw32/nios2-elf/lib/mno-hw-mul\libc.a(lib_a-fiprintf.o)
                0x000000000800bee8                _fiprintf_r
 .text.fiprintf
                0x000000000800bf08       0x38 c:/intelfpga_prime/nios2eds/bin/gnu/h-x86_64-mingw32/bin/../lib/gcc/nios2-elf/10.1.1/../../../../../H-x86_64-mingw32/nios2-elf/lib/mno-hw-mul\libc.a(lib_a-fiprintf.o)
                0x000000000800bf08                fiprintf
 .text          0x000000000800bf40        0x0 c:/intelfpga_prime/nios2eds/bin/gnu/h-x86_64-mingw32/bin/../lib/gcc/nios2-elf/10.1.1/../../../../../H-x86_64-mingw32/nios2-elf/lib/mno-hw-mul\libc.a(lib_a-fputwc.o)
 .text.__fputwc
                0x000000000800bf40      0x164 c:/intelfpga_prime/nios2eds/bin/gnu/h-x86_64-mingw32/bin/../lib/gcc/nios2-elf/10.1.1/../../../../../H-x86_64-mingw32/nios2-elf/lib/mno-hw-mul\libc.a(lib_a-fputwc.o)
                0x000000000800bf40                __fputwc
 .text._fputwc_r
                0x000000000800c0a4       0x24 c:/intelfpga_prime/nios2eds/bin/gnu/h-x86_64-mingw32/bin/../lib/gcc/nios2-elf/10.1.1/../../../../../H-x86_64-mingw32/nios2-elf/lib/mno-hw-mul\libc.a(lib_a-fputwc.o)
                0x000000000800c0a4                _fputwc_r
 .text.fputwc   0x000000000800c0c8       0x78 c:/intelfpga_prime/nios2eds/bin/gnu/h-x86_64-mingw32/bin/../lib/gcc/nios2-elf/10.1.1/../../../../../H-x86_64-mingw32/nios2-elf/lib/mno-hw-mul\libc.a(lib_a-fputwc.o)
                0x000000000800c0c8                fputwc
 .text          0x000000000800c140        0x0 c:/intelfpga_prime/nios2eds/bin/gnu/h-x86_64-mingw32/bin/../lib/gcc/nios2-elf/10.1.1/../../../../../H-x86_64-mingw32/nios2-elf/lib/mno-hw-mul\libc.a(lib_a-fstatr.o)
 .text._fstat_r
                0x000000000800c140       0x60 c:/intelfpga_prime/nios2eds/bin/gnu/h-x86_64-mingw32/bin/../lib/gcc/nios2-elf/10.1.1/../../../../../H-x86_64-mingw32/nios2-elf/lib/mno-hw-mul\libc.a(lib_a-fstatr.o)
                0x000000000800c140                _fstat_r
 .text          0x000000000800c1a0        0x0 c:/intelfpga_prime/nios2eds/bin/gnu/h-x86_64-mingw32/bin/../lib/gcc/nios2-elf/10.1.1/../../../../../H-x86_64-mingw32/nios2-elf/lib/mno-hw-mul\libc.a(lib_a-int_errno.o)
 .text          0x000000000800c1a0        0x0 c:/intelfpga_prime/nios2eds/bin/gnu/h-x86_64-mingw32/bin/../lib/gcc/nios2-elf/10.1.1/../../../../../H-x86_64-mingw32/nios2-elf/lib/mno-hw-mul\libc.a(lib_a-isattyr.o)
 .text._isatty_r
                0x000000000800c1a0       0x58 c:/intelfpga_prime/nios2eds/bin/gnu/h-x86_64-mingw32/bin/../lib/gcc/nios2-elf/10.1.1/../../../../../H-x86_64-mingw32/nios2-elf/lib/mno-hw-mul\libc.a(lib_a-isattyr.o)
                0x000000000800c1a0                _isatty_r
 .text          0x000000000800c1f8        0x0 c:/intelfpga_prime/nios2eds/bin/gnu/h-x86_64-mingw32/bin/../lib/gcc/nios2-elf/10.1.1/../../../../../H-x86_64-mingw32/nios2-elf/lib/mno-hw-mul\libc.a(lib_a-locale.o)
 .text._setlocale_r
                0x000000000800c1f8       0x74 c:/intelfpga_prime/nios2eds/bin/gnu/h-x86_64-mingw32/bin/../lib/gcc/nios2-elf/10.1.1/../../../../../H-x86_64-mingw32/nios2-elf/lib/mno-hw-mul\libc.a(lib_a-locale.o)
                0x000000000800c1f8                _setlocale_r
 .text.__locale_mb_cur_max
                0x000000000800c26c        0xc c:/intelfpga_prime/nios2eds/bin/gnu/h-x86_64-mingw32/bin/../lib/gcc/nios2-elf/10.1.1/../../../../../H-x86_64-mingw32/nios2-elf/lib/mno-hw-mul\libc.a(lib_a-locale.o)
                0x000000000800c26c                __locale_mb_cur_max
 .text.setlocale
                0x000000000800c278       0x74 c:/intelfpga_prime/nios2eds/bin/gnu/h-x86_64-mingw32/bin/../lib/gcc/nios2-elf/10.1.1/../../../../../H-x86_64-mingw32/nios2-elf/lib/mno-hw-mul\libc.a(lib_a-locale.o)
                0x000000000800c278                setlocale
 .text          0x000000000800c2ec        0x0 c:/intelfpga_prime/nios2eds/bin/gnu/h-x86_64-mingw32/bin/../lib/gcc/nios2-elf/10.1.1/../../../../../H-x86_64-mingw32/nios2-elf/lib/mno-hw-mul\libc.a(lib_a-lseekr.o)
 .text._lseek_r
                0x000000000800c2ec       0x64 c:/intelfpga_prime/nios2eds/bin/gnu/h-x86_64-mingw32/bin/../lib/gcc/nios2-elf/10.1.1/../../../../../H-x86_64-mingw32/nios2-elf/lib/mno-hw-mul\libc.a(lib_a-lseekr.o)
                0x000000000800c2ec                _lseek_r
 .text          0x000000000800c350        0x0 c:/intelfpga_prime/nios2eds/bin/gnu/h-x86_64-mingw32/bin/../lib/gcc/nios2-elf/10.1.1/../../../../../H-x86_64-mingw32/nios2-elf/lib/mno-hw-mul\libc.a(lib_a-mbtowc_r.o)
 .text._mbtowc_r
                0x000000000800c350        0xc c:/intelfpga_prime/nios2eds/bin/gnu/h-x86_64-mingw32/bin/../lib/gcc/nios2-elf/10.1.1/../../../../../H-x86_64-mingw32/nios2-elf/lib/mno-hw-mul\libc.a(lib_a-mbtowc_r.o)
                0x000000000800c350                _mbtowc_r
 .text.__ascii_mbtowc
                0x000000000800c35c       0x44 c:/intelfpga_prime/nios2eds/bin/gnu/h-x86_64-mingw32/bin/../lib/gcc/nios2-elf/10.1.1/../../../../../H-x86_64-mingw32/nios2-elf/lib/mno-hw-mul\libc.a(lib_a-mbtowc_r.o)
                0x000000000800c35c                __ascii_mbtowc
 .text          0x000000000800c3a0        0x0 c:/intelfpga_prime/nios2eds/bin/gnu/h-x86_64-mingw32/bin/../lib/gcc/nios2-elf/10.1.1/../../../../../H-x86_64-mingw32/nios2-elf/lib/mno-hw-mul\libc.a(lib_a-readr.o)
 .text._read_r  0x000000000800c3a0       0x64 c:/intelfpga_prime/nios2eds/bin/gnu/h-x86_64-mingw32/bin/../lib/gcc/nios2-elf/10.1.1/../../../../../H-x86_64-mingw32/nios2-elf/lib/mno-hw-mul\libc.a(lib_a-readr.o)
                0x000000000800c3a0                _read_r
 .text          0x000000000800c404        0x0 c:/intelfpga_prime/nios2eds/bin/gnu/h-x86_64-mingw32/bin/../lib/gcc/nios2-elf/10.1.1/../../../../../H-x86_64-mingw32/nios2-elf/lib/mno-hw-mul\libc.a(lib_a-strcmp.o)
 .text.strcmp   0x000000000800c404       0xb8 c:/intelfpga_prime/nios2eds/bin/gnu/h-x86_64-mingw32/bin/../lib/gcc/nios2-elf/10.1.1/../../../../../H-x86_64-mingw32/nios2-elf/lib/mno-hw-mul\libc.a(lib_a-strcmp.o)
                0x000000000800c404                strcmp
 .text          0x000000000800c4bc        0x0 c:/intelfpga_prime/nios2eds/bin/gnu/h-x86_64-mingw32/bin/../lib/gcc/nios2-elf/10.1.1/../../../../../H-x86_64-mingw32/nios2-elf/lib/mno-hw-mul\libc.a(lib_a-vfiprintfr_1.o)
 .text._vfiprintf_r
                0x000000000800c4bc        0x4 c:/intelfpga_prime/nios2eds/bin/gnu/h-x86_64-mingw32/bin/../lib/gcc/nios2-elf/10.1.1/../../../../../H-x86_64-mingw32/nios2-elf/lib/mno-hw-mul\libc.a(lib_a-vfiprintfr_1.o)
                0x000000000800c4bc                _vfiprintf_r
 .text          0x000000000800c4c0        0x0 c:/intelfpga_prime/nios2eds/bin/gnu/h-x86_64-mingw32/bin/../lib/gcc/nios2-elf/10.1.1/../../../../../H-x86_64-mingw32/nios2-elf/lib/mno-hw-mul\libc.a(lib_a-wcrtomb.o)
 .text._wcrtomb_r
                0x000000000800c4c0       0x6c c:/intelfpga_prime/nios2eds/bin/gnu/h-x86_64-mingw32/bin/../lib/gcc/nios2-elf/10.1.1/../../../../../H-x86_64-mingw32/nios2-elf/lib/mno-hw-mul\libc.a(lib_a-wcrtomb.o)
                0x000000000800c4c0                _wcrtomb_r
 .text.wcrtomb  0x000000000800c52c       0x88 c:/intelfpga_prime/nios2eds/bin/gnu/h-x86_64-mingw32/bin/../lib/gcc/nios2-elf/10.1.1/../../../../../H-x86_64-mingw32/nios2-elf/lib/mno-hw-mul\libc.a(lib_a-wcrtomb.o)
                0x000000000800c52c                wcrtomb
 .text          0x000000000800c5b4        0x0 c:/intelfpga_prime/nios2eds/bin/gnu/h-x86_64-mingw32/bin/../lib/gcc/nios2-elf/10.1.1/../../../../../H-x86_64-mingw32/nios2-elf/lib/mno-hw-mul\libc.a(lib_a-wctomb_r.o)
 .text._wctomb_r
                0x000000000800c5b4        0xc c:/intelfpga_prime/nios2eds/bin/gnu/h-x86_64-mingw32/bin/../lib/gcc/nios2-elf/10.1.1/../../../../../H-x86_64-mingw32/nios2-elf/lib/mno-hw-mul\libc.a(lib_a-wctomb_r.o)
                0x000000000800c5b4                _wctomb_r
 .text.__ascii_wctomb
                0x000000000800c5c0       0x30 c:/intelfpga_prime/nios2eds/bin/gnu/h-x86_64-mingw32/bin/../lib/gcc/nios2-elf/10.1.1/../../../../../H-x86_64-mingw32/nios2-elf/lib/mno-hw-mul\libc.a(lib_a-wctomb_r.o)
                0x000000000800c5c0                __ascii_wctomb
 .text          0x000000000800c5f0        0x0 c:/intelfpga_prime/nios2eds/bin/gnu/h-x86_64-mingw32/bin/../lib/gcc/nios2-elf/10.1.1/../../../../../H-x86_64-mingw32/nios2-elf/lib/mno-hw-mul\libc.a(lib_a-abort.o)
 .text.unlikely.abort
                0x000000000800c5f0       0x18 c:/intelfpga_prime/nios2eds/bin/gnu/h-x86_64-mingw32/bin/../lib/gcc/nios2-elf/10.1.1/../../../../../H-x86_64-mingw32/nios2-elf/lib/mno-hw-mul\libc.a(lib_a-abort.o)
                0x000000000800c5f0                abort
 .text          0x000000000800c608        0x0 c:/intelfpga_prime/nios2eds/bin/gnu/h-x86_64-mingw32/bin/../lib/gcc/nios2-elf/10.1.1/../../../../../H-x86_64-mingw32/nios2-elf/lib/mno-hw-mul\libc.a(lib_a-ctype_.o)
 .text          0x000000000800c608        0x0 c:/intelfpga_prime/nios2eds/bin/gnu/h-x86_64-mingw32/bin/../lib/gcc/nios2-elf/10.1.1/../../../../../H-x86_64-mingw32/nios2-elf/lib/mno-hw-mul\libc.a(lib_a-signal.o)
 .text._init_signal_r
                0x000000000800c608       0x5c c:/intelfpga_prime/nios2eds/bin/gnu/h-x86_64-mingw32/bin/../lib/gcc/nios2-elf/10.1.1/../../../../../H-x86_64-mingw32/nios2-elf/lib/mno-hw-mul\libc.a(lib_a-signal.o)
                0x000000000800c608                _init_signal_r
 .text._signal_r
                0x000000000800c664       0x98 c:/intelfpga_prime/nios2eds/bin/gnu/h-x86_64-mingw32/bin/../lib/gcc/nios2-elf/10.1.1/../../../../../H-x86_64-mingw32/nios2-elf/lib/mno-hw-mul\libc.a(lib_a-signal.o)
                0x000000000800c664                _signal_r
 .text._raise_r
                0x000000000800c6fc       0xc4 c:/intelfpga_prime/nios2eds/bin/gnu/h-x86_64-mingw32/bin/../lib/gcc/nios2-elf/10.1.1/../../../../../H-x86_64-mingw32/nios2-elf/lib/mno-hw-mul\libc.a(lib_a-signal.o)
                0x000000000800c6fc                _raise_r
 .text.__sigtramp_r
                0x000000000800c7c0       0xbc c:/intelfpga_prime/nios2eds/bin/gnu/h-x86_64-mingw32/bin/../lib/gcc/nios2-elf/10.1.1/../../../../../H-x86_64-mingw32/nios2-elf/lib/mno-hw-mul\libc.a(lib_a-signal.o)
                0x000000000800c7c0                __sigtramp_r
 .text.raise    0x000000000800c87c       0xbc c:/intelfpga_prime/nios2eds/bin/gnu/h-x86_64-mingw32/bin/../lib/gcc/nios2-elf/10.1.1/../../../../../H-x86_64-mingw32/nios2-elf/lib/mno-hw-mul\libc.a(lib_a-signal.o)
                0x000000000800c87c                raise
 .text.signal   0x000000000800c938       0xa0 c:/intelfpga_prime/nios2eds/bin/gnu/h-x86_64-mingw32/bin/../lib/gcc/nios2-elf/10.1.1/../../../../../H-x86_64-mingw32/nios2-elf/lib/mno-hw-mul\libc.a(lib_a-signal.o)
                0x000000000800c938                signal
 .text._init_signal
                0x000000000800c9d8       0x60 c:/intelfpga_prime/nios2eds/bin/gnu/h-x86_64-mingw32/bin/../lib/gcc/nios2-elf/10.1.1/../../../../../H-x86_64-mingw32/nios2-elf/lib/mno-hw-mul\libc.a(lib_a-signal.o)
                0x000000000800c9d8                _init_signal
 .text.__sigtramp
                0x000000000800ca38       0xbc c:/intelfpga_prime/nios2eds/bin/gnu/h-x86_64-mingw32/bin/../lib/gcc/nios2-elf/10.1.1/../../../../../H-x86_64-mingw32/nios2-elf/lib/mno-hw-mul\libc.a(lib_a-signal.o)
                0x000000000800ca38                __sigtramp
 .text          0x000000000800caf4        0x0 c:/intelfpga_prime/nios2eds/bin/gnu/h-x86_64-mingw32/bin/../lib/gcc/nios2-elf/10.1.1/../../../../../H-x86_64-mingw32/nios2-elf/lib/mno-hw-mul\libc.a(lib_a-signalr.o)
 .text._kill_r  0x000000000800caf4       0x60 c:/intelfpga_prime/nios2eds/bin/gnu/h-x86_64-mingw32/bin/../lib/gcc/nios2-elf/10.1.1/../../../../../H-x86_64-mingw32/nios2-elf/lib/mno-hw-mul\libc.a(lib_a-signalr.o)
                0x000000000800caf4                _kill_r
 .text._getpid_r
                0x000000000800cb54        0x4 c:/intelfpga_prime/nios2eds/bin/gnu/h-x86_64-mingw32/bin/../lib/gcc/nios2-elf/10.1.1/../../../../../H-x86_64-mingw32/nios2-elf/lib/mno-hw-mul\libc.a(lib_a-signalr.o)
                0x000000000800cb54                _getpid_r
 .text          0x000000000800cb58      0x620 c:/intelfpga_prime/nios2eds/bin/gnu/h-x86_64-mingw32/bin/../lib/gcc/nios2-elf/10.1.1/mno-hw-mul\libgcc.a(_udivdi3.o)
                0x000000000800cb58                __udivdi3
 .text          0x000000000800d178      0x5c4 c:/intelfpga_prime/nios2eds/bin/gnu/h-x86_64-mingw32/bin/../lib/gcc/nios2-elf/10.1.1/mno-hw-mul\libgcc.a(_umoddi3.o)
                0x000000000800d178                __umoddi3
 .text          0x000000000800d73c      0x8f0 c:/intelfpga_prime/nios2eds/bin/gnu/h-x86_64-mingw32/bin/../lib/gcc/nios2-elf/10.1.1/mno-hw-mul\libgcc.a(adddf3.o)
                0x000000000800d73c                __adddf3
 .text          0x000000000800e02c      0x930 c:/intelfpga_prime/nios2eds/bin/gnu/h-x86_64-mingw32/bin/../lib/gcc/nios2-elf/10.1.1/mno-hw-mul\libgcc.a(divdf3.o)
                0x000000000800e02c                __divdf3
 .text          0x000000000800e95c       0x80 c:/intelfpga_prime/nios2eds/bin/gnu/h-x86_64-mingw32/bin/../lib/gcc/nios2-elf/10.1.1/mno-hw-mul\libgcc.a(eqdf2.o)
                0x000000000800e95c                __nedf2
                0x000000000800e95c                __eqdf2
 .text          0x000000000800e9dc       0xe8 c:/intelfpga_prime/nios2eds/bin/gnu/h-x86_64-mingw32/bin/../lib/gcc/nios2-elf/10.1.1/mno-hw-mul\libgcc.a(gedf2.o)
                0x000000000800e9dc                __gedf2
                0x000000000800e9dc                __gtdf2
 .text          0x000000000800eac4       0xe8 c:/intelfpga_prime/nios2eds/bin/gnu/h-x86_64-mingw32/bin/../lib/gcc/nios2-elf/10.1.1/mno-hw-mul\libgcc.a(ledf2.o)
                0x000000000800eac4                __ledf2
                0x000000000800eac4                __ltdf2
 .text          0x000000000800ebac      0x7ac c:/intelfpga_prime/nios2eds/bin/gnu/h-x86_64-mingw32/bin/../lib/gcc/nios2-elf/10.1.1/mno-hw-mul\libgcc.a(muldf3.o)
                0x000000000800ebac                __muldf3
 .text          0x000000000800f358      0x8b4 c:/intelfpga_prime/nios2eds/bin/gnu/h-x86_64-mingw32/bin/../lib/gcc/nios2-elf/10.1.1/mno-hw-mul\libgcc.a(subdf3.o)
                0x000000000800f358                __subdf3
 .text          0x000000000800fc0c       0x54 c:/intelfpga_prime/nios2eds/bin/gnu/h-x86_64-mingw32/bin/../lib/gcc/nios2-elf/10.1.1/mno-hw-mul\libgcc.a(unorddf2.o)
                0x000000000800fc0c                __unorddf2
 .text          0x000000000800fc60       0x80 c:/intelfpga_prime/nios2eds/bin/gnu/h-x86_64-mingw32/bin/../lib/gcc/nios2-elf/10.1.1/mno-hw-mul\libgcc.a(fixdfsi.o)
                0x000000000800fc60                __fixdfsi
 .text          0x000000000800fce0       0xb8 c:/intelfpga_prime/nios2eds/bin/gnu/h-x86_64-mingw32/bin/../lib/gcc/nios2-elf/10.1.1/mno-hw-mul\libgcc.a(floatsidf.o)
                0x000000000800fce0                __floatsidf
 .text          0x000000000800fd98       0x90 c:/intelfpga_prime/nios2eds/bin/gnu/h-x86_64-mingw32/bin/../lib/gcc/nios2-elf/10.1.1/mno-hw-mul\libgcc.a(floatunsidf.o)
                0x000000000800fd98                __floatunsidf
 .text          0x000000000800fe28        0x0 c:/intelfpga_prime/nios2eds/bin/gnu/h-x86_64-mingw32/bin/../lib/gcc/nios2-elf/10.1.1/mno-hw-mul\libgcc.a(_clz.o)
 .text          0x000000000800fe28       0x54 c:/intelfpga_prime/nios2eds/bin/gnu/h-x86_64-mingw32/bin/../lib/gcc/nios2-elf/10.1.1/mno-hw-mul\libgcc.a(_clzsi2.o)
                0x000000000800fe28                __clzsi2
 .text          0x000000000800fe7c      0x118 c:/Users/danie/OneDrive/Desktop/Lab6.2/software/usb_kb_bsp/\libhal_bsp.a(alt_close.o)
                0x000000000800feb8                close
 .text          0x000000000800ff94       0x2c c:/Users/danie/OneDrive/Desktop/Lab6.2/software/usb_kb_bsp/\libhal_bsp.a(alt_dev.o)
 .text          0x000000000800ffc0        0x0 c:/Users/danie/OneDrive/Desktop/Lab6.2/software/usb_kb_bsp/\libhal_bsp.a(alt_errno.o)
 .text          0x000000000800ffc0       0x38 c:/Users/danie/OneDrive/Desktop/Lab6.2/software/usb_kb_bsp/\libhal_bsp.a(alt_exit.o)
                0x000000000800ffc0                _exit
 .text          0x000000000800fff8       0xf8 c:/Users/danie/OneDrive/Desktop/Lab6.2/software/usb_kb_bsp/\libhal_bsp.a(alt_fstat.o)
                0x0000000008010034                fstat
 .text          0x00000000080100f0       0x20 c:/Users/danie/OneDrive/Desktop/Lab6.2/software/usb_kb_bsp/\libhal_bsp.a(alt_getpid.o)
                0x00000000080100f0                getpid
 .text          0x0000000008010110       0xec c:/Users/danie/OneDrive/Desktop/Lab6.2/software/usb_kb_bsp/\libhal_bsp.a(alt_isatty.o)
                0x000000000801014c                isatty
 .text          0x00000000080101fc      0x168 c:/Users/danie/OneDrive/Desktop/Lab6.2/software/usb_kb_bsp/\libhal_bsp.a(alt_kill.o)
                0x0000000008010238                kill
 .text          0x0000000008010364       0xec c:/Users/danie/OneDrive/Desktop/Lab6.2/software/usb_kb_bsp/\libhal_bsp.a(alt_load.o)
                0x00000000080103cc                alt_load
 .text          0x0000000008010450      0x11c c:/Users/danie/OneDrive/Desktop/Lab6.2/software/usb_kb_bsp/\libhal_bsp.a(alt_lseek.o)
                0x000000000801048c                lseek
 .text          0x000000000801056c       0x7c c:/Users/danie/OneDrive/Desktop/Lab6.2/software/usb_kb_bsp/\libhal_bsp.a(alt_main.o)
                0x000000000801056c                alt_main
 .text          0x00000000080105e8       0x48 c:/Users/danie/OneDrive/Desktop/Lab6.2/software/usb_kb_bsp/\libhal_bsp.a(alt_malloc_lock.o)
                0x00000000080105e8                __malloc_lock
                0x000000000801060c                __malloc_unlock
 .text          0x0000000008010630      0x144 c:/Users/danie/OneDrive/Desktop/Lab6.2/software/usb_kb_bsp/\libhal_bsp.a(alt_read.o)
                0x000000000801066c                read
 .text          0x0000000008010774       0x70 c:/Users/danie/OneDrive/Desktop/Lab6.2/software/usb_kb_bsp/\libhal_bsp.a(alt_release_fd.o)
                0x0000000008010774                alt_release_fd
 .text          0x00000000080107e4       0xb8 c:/Users/danie/OneDrive/Desktop/Lab6.2/software/usb_kb_bsp/\libhal_bsp.a(alt_sbrk.o)
                0x00000000080107e4                sbrk
 .text          0x000000000801089c      0x1ac c:/Users/danie/OneDrive/Desktop/Lab6.2/software/usb_kb_bsp/\libhal_bsp.a(alt_tick.o)
                0x000000000801089c                alt_alarm_stop
                0x0000000008010940                alt_tick
 .text          0x0000000008010a48       0x30 c:/Users/danie/OneDrive/Desktop/Lab6.2/software/usb_kb_bsp/\libhal_bsp.a(alt_usleep.o)
                0x0000000008010a48                usleep
 .text          0x0000000008010a78      0x140 c:/Users/danie/OneDrive/Desktop/Lab6.2/software/usb_kb_bsp/\libhal_bsp.a(alt_write.o)
                0x0000000008010ab4                write
 .text          0x0000000008010bb8       0xd4 c:/Users/danie/OneDrive/Desktop/Lab6.2/software/usb_kb_bsp/\libhal_bsp.a(alt_sys_init.o)
                0x0000000008010bec                alt_irq_init
                0x0000000008010c28                alt_sys_init
 .text          0x0000000008010c8c      0x164 c:/Users/danie/OneDrive/Desktop/Lab6.2/software/usb_kb_bsp/\libhal_bsp.a(altera_avalon_jtag_uart_fd.o)
                0x0000000008010c8c                altera_avalon_jtag_uart_read_fd
                0x0000000008010cec                altera_avalon_jtag_uart_write_fd
                0x0000000008010d4c                altera_avalon_jtag_uart_close_fd
                0x0000000008010d9c                altera_avalon_jtag_uart_ioctl_fd
 .text          0x0000000008010df0      0x3d4 c:/Users/danie/OneDrive/Desktop/Lab6.2/software/usb_kb_bsp/\libhal_bsp.a(altera_avalon_jtag_uart_init.o)
                0x0000000008010df0                altera_avalon_jtag_uart_init
                0x000000000801115c                altera_avalon_jtag_uart_close
 .text          0x00000000080111c4       0xf4 c:/Users/danie/OneDrive/Desktop/Lab6.2/software/usb_kb_bsp/\libhal_bsp.a(altera_avalon_jtag_uart_ioctl.o)
                0x00000000080111c4                altera_avalon_jtag_uart_ioctl
 .text          0x00000000080112b8      0x220 c:/Users/danie/OneDrive/Desktop/Lab6.2/software/usb_kb_bsp/\libhal_bsp.a(altera_avalon_jtag_uart_read.o)
                0x00000000080112b8                altera_avalon_jtag_uart_read
 .text          0x00000000080114d8      0x228 c:/Users/danie/OneDrive/Desktop/Lab6.2/software/usb_kb_bsp/\libhal_bsp.a(altera_avalon_jtag_uart_write.o)
                0x00000000080114d8                altera_avalon_jtag_uart_write
 .text          0x0000000008011700      0x1fc c:/Users/danie/OneDrive/Desktop/Lab6.2/software/usb_kb_bsp/\libhal_bsp.a(altera_avalon_spi.o)
                0x0000000008011700                alt_avalon_spi_command
 .text          0x00000000080118fc      0x100 c:/Users/danie/OneDrive/Desktop/Lab6.2/software/usb_kb_bsp/\libhal_bsp.a(altera_avalon_timer_sc.o)
                0x0000000008011978                alt_avalon_timer_sc_init
 .text          0x00000000080119fc      0x134 c:/Users/danie/OneDrive/Desktop/Lab6.2/software/usb_kb_bsp/\libhal_bsp.a(alt_alarm_start.o)
                0x00000000080119fc                alt_alarm_start
 .text          0x0000000008011b30      0x158 c:/Users/danie/OneDrive/Desktop/Lab6.2/software/usb_kb_bsp/\libhal_bsp.a(alt_busy_sleep.o)
                0x0000000008011b30                alt_busy_sleep
 .text          0x0000000008011c88       0x20 c:/Users/danie/OneDrive/Desktop/Lab6.2/software/usb_kb_bsp/\libhal_bsp.a(alt_dcache_flush_all.o)
                0x0000000008011c88                alt_dcache_flush_all
 .text          0x0000000008011ca8       0xe4 c:/Users/danie/OneDrive/Desktop/Lab6.2/software/usb_kb_bsp/\libhal_bsp.a(alt_dev_llist_insert.o)
                0x0000000008011ce4                alt_dev_llist_insert
 .text          0x0000000008011d8c       0x64 c:/Users/danie/OneDrive/Desktop/Lab6.2/software/usb_kb_bsp/\libhal_bsp.a(alt_do_ctors.o)
                0x0000000008011d8c                _do_ctors
 .text          0x0000000008011df0       0x64 c:/Users/danie/OneDrive/Desktop/Lab6.2/software/usb_kb_bsp/\libhal_bsp.a(alt_do_dtors.o)
                0x0000000008011df0                _do_dtors
 .text          0x0000000008011e54       0x20 c:/Users/danie/OneDrive/Desktop/Lab6.2/software/usb_kb_bsp/\libhal_bsp.a(alt_icache_flush_all.o)
                0x0000000008011e54                alt_icache_flush_all
 .text          0x0000000008011e74      0x1b0 c:/Users/danie/OneDrive/Desktop/Lab6.2/software/usb_kb_bsp/\libhal_bsp.a(alt_iic.o)
                0x0000000008011e74                alt_ic_isr_register
                0x0000000008011ec4                alt_ic_irq_enable
                0x0000000008011f4c                alt_ic_irq_disable
                0x0000000008011fd8                alt_ic_irq_enabled
 .text          0x0000000008012024       0xe8 c:/Users/danie/OneDrive/Desktop/Lab6.2/software/usb_kb_bsp/\libhal_bsp.a(alt_iic_isr_register.o)
                0x0000000008012024                alt_iic_isr_register
 .text          0x000000000801210c      0x150 c:/Users/danie/OneDrive/Desktop/Lab6.2/software/usb_kb_bsp/\libhal_bsp.a(alt_io_redirect.o)
                0x00000000080121e0                alt_io_redirect
 .text          0x000000000801225c        0x0 c:/Users/danie/OneDrive/Desktop/Lab6.2/software/usb_kb_bsp/\libhal_bsp.a(alt_irq_entry.o)
 .text          0x000000000801225c        0x0 c:/Users/danie/OneDrive/Desktop/Lab6.2/software/usb_kb_bsp/\libhal_bsp.a(alt_irq_handler.o)
 .text          0x000000000801225c        0x0 c:/Users/danie/OneDrive/Desktop/Lab6.2/software/usb_kb_bsp/\libhal_bsp.a(alt_irq_vars.o)
 .text          0x000000000801225c      0x278 c:/Users/danie/OneDrive/Desktop/Lab6.2/software/usb_kb_bsp/\libhal_bsp.a(alt_open.o)
                0x0000000008012374                open
 .text          0x00000000080124d4       0x24 c:/Users/danie/OneDrive/Desktop/Lab6.2/software/usb_kb_bsp/\libhal_bsp.a(altera_nios2_gen2_irq.o)
                0x00000000080124d4                altera_nios2_gen2_irq_init
 .text          0x00000000080124f8        0x0 c:/Users/danie/OneDrive/Desktop/Lab6.2/software/usb_kb_bsp/\libhal_bsp.a(alt_exception_entry.o)
 .text          0x00000000080124f8       0x90 c:/Users/danie/OneDrive/Desktop/Lab6.2/software/usb_kb_bsp/\libhal_bsp.a(alt_find_dev.o)
                0x00000000080124f8                alt_find_dev
 .text          0x0000000008012588      0x108 c:/Users/danie/OneDrive/Desktop/Lab6.2/software/usb_kb_bsp/\libhal_bsp.a(alt_find_file.o)
                0x0000000008012588                alt_find_file
 .text          0x0000000008012690       0xb8 c:/Users/danie/OneDrive/Desktop/Lab6.2/software/usb_kb_bsp/\libhal_bsp.a(alt_get_fd.o)
                0x0000000008012690                alt_get_fd
 .text          0x0000000008012748       0x98 c:/Users/danie/OneDrive/Desktop/Lab6.2/software/usb_kb_bsp/\libhal_bsp.a(alt_instruction_exception_entry.o)
                0x0000000008012748                alt_exception_cause_generated_bad_addr
 .text          0x00000000080127e0        0x0 c:/intelfpga_prime/nios2eds/bin/gnu/h-x86_64-mingw32/bin/../lib/gcc/nios2-elf/10.1.1/../../../../../H-x86_64-mingw32/nios2-elf/lib/mno-hw-mul\libc.a(lib_a-atexit.o)
 .text.atexit   0x00000000080127e0       0x14 c:/intelfpga_prime/nios2eds/bin/gnu/h-x86_64-mingw32/bin/../lib/gcc/nios2-elf/10.1.1/../../../../../H-x86_64-mingw32/nios2-elf/lib/mno-hw-mul\libc.a(lib_a-atexit.o)
                0x00000000080127e0                atexit
 .text          0x00000000080127f4        0x0 c:/intelfpga_prime/nios2eds/bin/gnu/h-x86_64-mingw32/bin/../lib/gcc/nios2-elf/10.1.1/../../../../../H-x86_64-mingw32/nios2-elf/lib/mno-hw-mul\libc.a(lib_a-exit.o)
 .text.exit     0x00000000080127f4       0x34 c:/intelfpga_prime/nios2eds/bin/gnu/h-x86_64-mingw32/bin/../lib/gcc/nios2-elf/10.1.1/../../../../../H-x86_64-mingw32/nios2-elf/lib/mno-hw-mul\libc.a(lib_a-exit.o)
                0x00000000080127f4                exit
 .text          0x0000000008012828        0x0 c:/intelfpga_prime/nios2eds/bin/gnu/h-x86_64-mingw32/bin/../lib/gcc/nios2-elf/10.1.1/../../../../../H-x86_64-mingw32/nios2-elf/lib/mno-hw-mul\libc.a(lib_a-memcmp.o)
 .text.memcmp   0x0000000008012828       0x78 c:/intelfpga_prime/nios2eds/bin/gnu/h-x86_64-mingw32/bin/../lib/gcc/nios2-elf/10.1.1/../../../../../H-x86_64-mingw32/nios2-elf/lib/mno-hw-mul\libc.a(lib_a-memcmp.o)
                0x0000000008012828                memcmp
 .text          0x00000000080128a0        0x0 c:/intelfpga_prime/nios2eds/bin/gnu/h-x86_64-mingw32/bin/../lib/gcc/nios2-elf/10.1.1/../../../../../H-x86_64-mingw32/nios2-elf/lib/mno-hw-mul\libc.a(lib_a-__atexit.o)
 .text.__register_exitproc
                0x00000000080128a0       0x90 c:/intelfpga_prime/nios2eds/bin/gnu/h-x86_64-mingw32/bin/../lib/gcc/nios2-elf/10.1.1/../../../../../H-x86_64-mingw32/nios2-elf/lib/mno-hw-mul\libc.a(lib_a-__atexit.o)
                0x00000000080128a0                __register_exitproc
 .text          0x0000000008012930        0x0 c:/intelfpga_prime/nios2eds/bin/gnu/h-x86_64-mingw32/bin/../lib/gcc/nios2-elf/10.1.1/../../../../../H-x86_64-mingw32/nios2-elf/lib/mno-hw-mul\libc.a(lib_a-__call_atexit.o)
 .text.__call_exitprocs
                0x0000000008012930      0x120 c:/intelfpga_prime/nios2eds/bin/gnu/h-x86_64-mingw32/bin/../lib/gcc/nios2-elf/10.1.1/../../../../../H-x86_64-mingw32/nios2-elf/lib/mno-hw-mul\libc.a(lib_a-__call_atexit.o)
                0x0000000008012930                __call_exitprocs
 *(.gnu.warning.*)
 *(.fini)
                [!provide]                        PROVIDE (__etext = ABSOLUTE (.))
                [!provide]                        PROVIDE (_etext = ABSOLUTE (.))
                [!provide]                        PROVIDE (etext = ABSOLUTE (.))
 *(.eh_frame_hdr)
                0x0000000008012a50                . = ALIGN (0x4)
                [!provide]                        PROVIDE (__preinit_array_start = ABSOLUTE (.))
 *(.preinit_array)
                [!provide]                        PROVIDE (__preinit_array_end = ABSOLUTE (.))
                [!provide]                        PROVIDE (__init_array_start = ABSOLUTE (.))
 *(.init_array)
                [!provide]                        PROVIDE (__init_array_end = ABSOLUTE (.))
                [!provide]                        PROVIDE (__fini_array_start = ABSOLUTE (.))
 *(.fini_array)
                [!provide]                        PROVIDE (__fini_array_end = ABSOLUTE (.))
 *(.eh_frame)
 *(.gcc_except_table .gcc_except_table.*)
 *(.dynamic)
                0x0000000008012a50                PROVIDE (__CTOR_LIST__ = ABSOLUTE (.))
 *(.ctors)
 *(SORT_BY_NAME(.ctors.*))
                0x0000000008012a50                PROVIDE (__CTOR_END__ = ABSOLUTE (.))
                0x0000000008012a50                PROVIDE (__DTOR_LIST__ = ABSOLUTE (.))
 *(.dtors)
 *(SORT_BY_NAME(.dtors.*))
                0x0000000008012a50                PROVIDE (__DTOR_END__ = ABSOLUTE (.))
 *(.jcr)
                0x0000000008012a50                . = ALIGN (0x4)

.rodata         0x0000000008012a50      0x92c
                0x0000000008012a50                PROVIDE (__ram_rodata_start = ABSOLUTE (.))
                0x0000000008012a50                . = ALIGN (0x4)
 *(.rodata .rodata.* .gnu.linkonce.r.*)
 .rodata        0x0000000008012a50      0x109 obj/default/MAX3421E.o
 *fill*         0x0000000008012b59        0x3 
 .rodata        0x0000000008012b5c      0x195 obj/default/main.o
                0x0000000008012b98                devclasses
 *fill*         0x0000000008012cf1        0x3 
 .rodata        0x0000000008012cf4       0x30 obj/default/transfer.o
 .rodata._puts_r.str1.4
                0x0000000008012d24        0x2 c:/intelfpga_prime/nios2eds/bin/gnu/h-x86_64-mingw32/bin/../lib/gcc/nios2-elf/10.1.1/../../../../../H-x86_64-mingw32/nios2-elf/lib/mno-hw-mul\libc.a(lib_a-puts.o)
 *fill*         0x0000000008012d26        0x2 
 .rodata.___vfprintf_internal_r.str1.4
                0x0000000008012d28       0x42 c:/intelfpga_prime/nios2eds/bin/gnu/h-x86_64-mingw32/bin/../lib/gcc/nios2-elf/10.1.1/../../../../../H-x86_64-mingw32/nios2-elf/lib/mno-hw-mul\libc.a(lib_a-vfprintf.o)
 *fill*         0x0000000008012d6a        0x2 
 .rodata.zeroes.0
                0x0000000008012d6c       0x10 c:/intelfpga_prime/nios2eds/bin/gnu/h-x86_64-mingw32/bin/../lib/gcc/nios2-elf/10.1.1/../../../../../H-x86_64-mingw32/nios2-elf/lib/mno-hw-mul\libc.a(lib_a-vfprintf.o)
 .rodata.blanks.1
                0x0000000008012d7c       0x10 c:/intelfpga_prime/nios2eds/bin/gnu/h-x86_64-mingw32/bin/../lib/gcc/nios2-elf/10.1.1/../../../../../H-x86_64-mingw32/nios2-elf/lib/mno-hw-mul\libc.a(lib_a-vfprintf.o)
 .rodata._dtoa_r.str1.4
                0x0000000008012d8c       0x61 c:/intelfpga_prime/nios2eds/bin/gnu/h-x86_64-mingw32/bin/../lib/gcc/nios2-elf/10.1.1/../../../../../H-x86_64-mingw32/nios2-elf/lib/mno-hw-mul\libc.a(lib_a-dtoa.o)
                                         0x65 (size before relaxing)
 *fill*         0x0000000008012ded        0x3 
 .rodata.__multadd.str1.4
                0x0000000008012df0       0x3e c:/intelfpga_prime/nios2eds/bin/gnu/h-x86_64-mingw32/bin/../lib/gcc/nios2-elf/10.1.1/../../../../../H-x86_64-mingw32/nios2-elf/lib/mno-hw-mul\libc.a(lib_a-mprec.o)
                                         0x52 (size before relaxing)
 *fill*         0x0000000008012e2e        0x2 
 .rodata.p05.0  0x0000000008012e30        0xc c:/intelfpga_prime/nios2eds/bin/gnu/h-x86_64-mingw32/bin/../lib/gcc/nios2-elf/10.1.1/../../../../../H-x86_64-mingw32/nios2-elf/lib/mno-hw-mul\libc.a(lib_a-mprec.o)
 .rodata.__mprec_tinytens
                0x0000000008012e3c       0x28 c:/intelfpga_prime/nios2eds/bin/gnu/h-x86_64-mingw32/bin/../lib/gcc/nios2-elf/10.1.1/../../../../../H-x86_64-mingw32/nios2-elf/lib/mno-hw-mul\libc.a(lib_a-mprec.o)
                0x0000000008012e3c                __mprec_tinytens
 .rodata.__mprec_bigtens
                0x0000000008012e64       0x28 c:/intelfpga_prime/nios2eds/bin/gnu/h-x86_64-mingw32/bin/../lib/gcc/nios2-elf/10.1.1/../../../../../H-x86_64-mingw32/nios2-elf/lib/mno-hw-mul\libc.a(lib_a-mprec.o)
                0x0000000008012e64                __mprec_bigtens
 .rodata.__mprec_tens
                0x0000000008012e8c       0xc8 c:/intelfpga_prime/nios2eds/bin/gnu/h-x86_64-mingw32/bin/../lib/gcc/nios2-elf/10.1.1/../../../../../H-x86_64-mingw32/nios2-elf/lib/mno-hw-mul\libc.a(lib_a-mprec.o)
                0x0000000008012e8c                __mprec_tens
 .rodata.___vfiprintf_internal_r.str1.4
                0x0000000008012f54       0x2f c:/intelfpga_prime/nios2eds/bin/gnu/h-x86_64-mingw32/bin/../lib/gcc/nios2-elf/10.1.1/../../../../../H-x86_64-mingw32/nios2-elf/lib/mno-hw-mul\libc.a(lib_a-vfiprintf.o)
 .rodata.zeroes.0
                0x0000000008012f54       0x10 c:/intelfpga_prime/nios2eds/bin/gnu/h-x86_64-mingw32/bin/../lib/gcc/nios2-elf/10.1.1/../../../../../H-x86_64-mingw32/nios2-elf/lib/mno-hw-mul\libc.a(lib_a-vfiprintf.o)
 .rodata.blanks.1
                0x0000000008012f64       0x10 c:/intelfpga_prime/nios2eds/bin/gnu/h-x86_64-mingw32/bin/../lib/gcc/nios2-elf/10.1.1/../../../../../H-x86_64-mingw32/nios2-elf/lib/mno-hw-mul\libc.a(lib_a-vfiprintf.o)
 .rodata.__assert_func.str1.4
                0x0000000008012f74       0x3f c:/intelfpga_prime/nios2eds/bin/gnu/h-x86_64-mingw32/bin/../lib/gcc/nios2-elf/10.1.1/../../../../../H-x86_64-mingw32/nios2-elf/lib/mno-hw-mul\libc.a(lib_a-assert.o)
                                         0x43 (size before relaxing)
 *fill*         0x0000000008012fb3        0x1 
 .rodata._setlocale_r.str1.4
                0x0000000008012fb4        0xa c:/intelfpga_prime/nios2eds/bin/gnu/h-x86_64-mingw32/bin/../lib/gcc/nios2-elf/10.1.1/../../../../../H-x86_64-mingw32/nios2-elf/lib/mno-hw-mul\libc.a(lib_a-locale.o)
 *fill*         0x0000000008012fbe        0x2 
 .rodata.str1.4
                0x0000000008012fc0        0x2 c:/intelfpga_prime/nios2eds/bin/gnu/h-x86_64-mingw32/bin/../lib/gcc/nios2-elf/10.1.1/../../../../../H-x86_64-mingw32/nios2-elf/lib/mno-hw-mul\libc.a(lib_a-locale.o)
                                          0x5 (size before relaxing)
 *fill*         0x0000000008012fc2        0x2 
 .rodata._ctype_
                0x0000000008012fc4      0x101 c:/intelfpga_prime/nios2eds/bin/gnu/h-x86_64-mingw32/bin/../lib/gcc/nios2-elf/10.1.1/../../../../../H-x86_64-mingw32/nios2-elf/lib/mno-hw-mul\libc.a(lib_a-ctype_.o)
                0x0000000008012fc4                _ctype_
 *fill*         0x00000000080130c5        0x3 
 .rodata._ctype_b
                0x00000000080130c8      0x180 c:/intelfpga_prime/nios2eds/bin/gnu/h-x86_64-mingw32/bin/../lib/gcc/nios2-elf/10.1.1/../../../../../H-x86_64-mingw32/nios2-elf/lib/mno-hw-mul\libc.a(lib_a-ctype_.o)
                0x00000000080130c8                _ctype_b
 .rodata        0x0000000008013248      0x100 c:/intelfpga_prime/nios2eds/bin/gnu/h-x86_64-mingw32/bin/../lib/gcc/nios2-elf/10.1.1/mno-hw-mul\libgcc.a(_clz.o)
                0x0000000008013248                __clz_tab
 .rodata        0x0000000008013348        0xa c:/Users/danie/OneDrive/Desktop/Lab6.2/software/usb_kb_bsp/\libhal_bsp.a(alt_dev.o)
 *fill*         0x0000000008013352        0x2 
 .rodata        0x0000000008013354       0x11 c:/Users/danie/OneDrive/Desktop/Lab6.2/software/usb_kb_bsp/\libhal_bsp.a(alt_main.o)
 *fill*         0x0000000008013365        0x3 
 .rodata        0x0000000008013368       0x11 c:/Users/danie/OneDrive/Desktop/Lab6.2/software/usb_kb_bsp/\libhal_bsp.a(alt_sys_init.o)
 *(.rodata1)
                0x000000000801337c                . = ALIGN (0x4)
 *fill*         0x0000000008013379        0x3 
                0x000000000801337c                PROVIDE (__ram_rodata_end = ABSOLUTE (.))
                0x0000000008012a50                PROVIDE (__flash_rodata_start = LOADADDR (.rodata))

.rwdata         0x000000000801337c     0x1c18 load address 0x0000000008014f94
                0x000000000801337c                PROVIDE (__ram_rwdata_start = ABSOLUTE (.))
                0x000000000801337c                . = ALIGN (0x4)
 *(.got.plt)
 *(.got)
 *(.data1)
 *(.data .data.* .gnu.linkonce.d.*)
 .data          0x000000000801337c        0x0 c:/Users/danie/OneDrive/Desktop/Lab6.2/software/usb_kb_bsp//obj/HAL/src/crt0.o
 .data          0x000000000801337c        0x0 obj/default/HID.o
 .data          0x000000000801337c        0x0 obj/default/MAX3421E.o
 .data          0x000000000801337c        0x0 obj/default/main.o
 .data          0x000000000801337c       0x30 obj/default/transfer.o
                0x000000000801337c                ClientDriverTable
 .data          0x00000000080133ac        0x0 c:/intelfpga_prime/nios2eds/bin/gnu/h-x86_64-mingw32/bin/../lib/gcc/nios2-elf/10.1.1/mno-hw-mul\libgcc.a(lib2-divmod.o)
 .data          0x00000000080133ac        0x0 c:/intelfpga_prime/nios2eds/bin/gnu/h-x86_64-mingw32/bin/../lib/gcc/nios2-elf/10.1.1/mno-hw-mul\libgcc.a(lib2-mul.o)
 .data          0x00000000080133ac        0x0 c:/intelfpga_prime/nios2eds/bin/gnu/h-x86_64-mingw32/bin/../lib/gcc/nios2-elf/10.1.1/../../../../../H-x86_64-mingw32/nios2-elf/lib/mno-hw-mul\libc.a(lib_a-printf.o)
 .data          0x00000000080133ac        0x0 c:/intelfpga_prime/nios2eds/bin/gnu/h-x86_64-mingw32/bin/../lib/gcc/nios2-elf/10.1.1/../../../../../H-x86_64-mingw32/nios2-elf/lib/mno-hw-mul\libc.a(lib_a-putchar.o)
 .data          0x00000000080133ac        0x0 c:/intelfpga_prime/nios2eds/bin/gnu/h-x86_64-mingw32/bin/../lib/gcc/nios2-elf/10.1.1/../../../../../H-x86_64-mingw32/nios2-elf/lib/mno-hw-mul\libc.a(lib_a-puts.o)
 .data          0x00000000080133ac        0x0 c:/intelfpga_prime/nios2eds/bin/gnu/h-x86_64-mingw32/bin/../lib/gcc/nios2-elf/10.1.1/../../../../../H-x86_64-mingw32/nios2-elf/lib/mno-hw-mul\libc.a(lib_a-strlen.o)
 .data          0x00000000080133ac        0x0 c:/intelfpga_prime/nios2eds/bin/gnu/h-x86_64-mingw32/bin/../lib/gcc/nios2-elf/10.1.1/../../../../../H-x86_64-mingw32/nios2-elf/lib/mno-hw-mul\libc.a(lib_a-vfprintf.o)
 .data          0x00000000080133ac        0x0 c:/intelfpga_prime/nios2eds/bin/gnu/h-x86_64-mingw32/bin/../lib/gcc/nios2-elf/10.1.1/../../../../../H-x86_64-mingw32/nios2-elf/lib/mno-hw-mul\libc.a(lib_a-wsetup.o)
 .data          0x00000000080133ac        0x0 c:/intelfpga_prime/nios2eds/bin/gnu/h-x86_64-mingw32/bin/../lib/gcc/nios2-elf/10.1.1/../../../../../H-x86_64-mingw32/nios2-elf/lib/mno-hw-mul\libc.a(lib_a-dtoa.o)
 .data          0x00000000080133ac        0x0 c:/intelfpga_prime/nios2eds/bin/gnu/h-x86_64-mingw32/bin/../lib/gcc/nios2-elf/10.1.1/../../../../../H-x86_64-mingw32/nios2-elf/lib/mno-hw-mul\libc.a(lib_a-fflush.o)
 .data          0x00000000080133ac        0x0 c:/intelfpga_prime/nios2eds/bin/gnu/h-x86_64-mingw32/bin/../lib/gcc/nios2-elf/10.1.1/../../../../../H-x86_64-mingw32/nios2-elf/lib/mno-hw-mul\libc.a(lib_a-findfp.o)
 .data          0x00000000080133ac        0x0 c:/intelfpga_prime/nios2eds/bin/gnu/h-x86_64-mingw32/bin/../lib/gcc/nios2-elf/10.1.1/../../../../../H-x86_64-mingw32/nios2-elf/lib/mno-hw-mul\libc.a(lib_a-freer.o)
 .data          0x00000000080133ac        0x0 c:/intelfpga_prime/nios2eds/bin/gnu/h-x86_64-mingw32/bin/../lib/gcc/nios2-elf/10.1.1/../../../../../H-x86_64-mingw32/nios2-elf/lib/mno-hw-mul\libc.a(lib_a-fvwrite.o)
 .data          0x00000000080133ac        0x0 c:/intelfpga_prime/nios2eds/bin/gnu/h-x86_64-mingw32/bin/../lib/gcc/nios2-elf/10.1.1/../../../../../H-x86_64-mingw32/nios2-elf/lib/mno-hw-mul\libc.a(lib_a-fwalk.o)
 .data          0x00000000080133ac        0x0 c:/intelfpga_prime/nios2eds/bin/gnu/h-x86_64-mingw32/bin/../lib/gcc/nios2-elf/10.1.1/../../../../../H-x86_64-mingw32/nios2-elf/lib/mno-hw-mul\libc.a(lib_a-impure.o)
 .data.impure_data
                0x00000000080133ac      0x424 c:/intelfpga_prime/nios2eds/bin/gnu/h-x86_64-mingw32/bin/../lib/gcc/nios2-elf/10.1.1/../../../../../H-x86_64-mingw32/nios2-elf/lib/mno-hw-mul\libc.a(lib_a-impure.o)
 .data          0x00000000080137d0        0x0 c:/intelfpga_prime/nios2eds/bin/gnu/h-x86_64-mingw32/bin/../lib/gcc/nios2-elf/10.1.1/../../../../../H-x86_64-mingw32/nios2-elf/lib/mno-hw-mul\libc.a(lib_a-localeconv.o)
 .data          0x00000000080137d0        0x0 c:/intelfpga_prime/nios2eds/bin/gnu/h-x86_64-mingw32/bin/../lib/gcc/nios2-elf/10.1.1/../../../../../H-x86_64-mingw32/nios2-elf/lib/mno-hw-mul\libc.a(lib_a-makebuf.o)
 .data          0x00000000080137d0        0x0 c:/intelfpga_prime/nios2eds/bin/gnu/h-x86_64-mingw32/bin/../lib/gcc/nios2-elf/10.1.1/../../../../../H-x86_64-mingw32/nios2-elf/lib/mno-hw-mul\libc.a(lib_a-mallocr.o)
 .data.__malloc_av_
                0x00000000080137d0      0x408 c:/intelfpga_prime/nios2eds/bin/gnu/h-x86_64-mingw32/bin/../lib/gcc/nios2-elf/10.1.1/../../../../../H-x86_64-mingw32/nios2-elf/lib/mno-hw-mul\libc.a(lib_a-mallocr.o)
                0x00000000080137d0                __malloc_av_
 .data          0x0000000008013bd8        0x0 c:/intelfpga_prime/nios2eds/bin/gnu/h-x86_64-mingw32/bin/../lib/gcc/nios2-elf/10.1.1/../../../../../H-x86_64-mingw32/nios2-elf/lib/mno-hw-mul\libc.a(lib_a-memchr.o)
 .data          0x0000000008013bd8        0x0 c:/intelfpga_prime/nios2eds/bin/gnu/h-x86_64-mingw32/bin/../lib/gcc/nios2-elf/10.1.1/../../../../../H-x86_64-mingw32/nios2-elf/lib/mno-hw-mul\libc.a(lib_a-memcpy.o)
 .data          0x0000000008013bd8        0x0 c:/intelfpga_prime/nios2eds/bin/gnu/h-x86_64-mingw32/bin/../lib/gcc/nios2-elf/10.1.1/../../../../../H-x86_64-mingw32/nios2-elf/lib/mno-hw-mul\libc.a(lib_a-memmove.o)
 .data          0x0000000008013bd8        0x0 c:/intelfpga_prime/nios2eds/bin/gnu/h-x86_64-mingw32/bin/../lib/gcc/nios2-elf/10.1.1/../../../../../H-x86_64-mingw32/nios2-elf/lib/mno-hw-mul\libc.a(lib_a-memset.o)
 .data          0x0000000008013bd8        0x0 c:/intelfpga_prime/nios2eds/bin/gnu/h-x86_64-mingw32/bin/../lib/gcc/nios2-elf/10.1.1/../../../../../H-x86_64-mingw32/nios2-elf/lib/mno-hw-mul\libc.a(lib_a-mprec.o)
 .data          0x0000000008013bd8        0x0 c:/intelfpga_prime/nios2eds/bin/gnu/h-x86_64-mingw32/bin/../lib/gcc/nios2-elf/10.1.1/../../../../../H-x86_64-mingw32/nios2-elf/lib/mno-hw-mul\libc.a(lib_a-putc.o)
 .data          0x0000000008013bd8        0x0 c:/intelfpga_prime/nios2eds/bin/gnu/h-x86_64-mingw32/bin/../lib/gcc/nios2-elf/10.1.1/../../../../../H-x86_64-mingw32/nios2-elf/lib/mno-hw-mul\libc.a(lib_a-reallocr.o)
 .data          0x0000000008013bd8        0x0 c:/intelfpga_prime/nios2eds/bin/gnu/h-x86_64-mingw32/bin/../lib/gcc/nios2-elf/10.1.1/../../../../../H-x86_64-mingw32/nios2-elf/lib/mno-hw-mul\libc.a(lib_a-sbrkr.o)
 .data          0x0000000008013bd8        0x0 c:/intelfpga_prime/nios2eds/bin/gnu/h-x86_64-mingw32/bin/../lib/gcc/nios2-elf/10.1.1/../../../../../H-x86_64-mingw32/nios2-elf/lib/mno-hw-mul\libc.a(lib_a-stdio.o)
 .data          0x0000000008013bd8        0x0 c:/intelfpga_prime/nios2eds/bin/gnu/h-x86_64-mingw32/bin/../lib/gcc/nios2-elf/10.1.1/../../../../../H-x86_64-mingw32/nios2-elf/lib/mno-hw-mul\libc.a(lib_a-vfiprintf.o)
 .data          0x0000000008013bd8        0x0 c:/intelfpga_prime/nios2eds/bin/gnu/h-x86_64-mingw32/bin/../lib/gcc/nios2-elf/10.1.1/../../../../../H-x86_64-mingw32/nios2-elf/lib/mno-hw-mul\libc.a(lib_a-wbuf.o)
 .data          0x0000000008013bd8        0x0 c:/intelfpga_prime/nios2eds/bin/gnu/h-x86_64-mingw32/bin/../lib/gcc/nios2-elf/10.1.1/../../../../../H-x86_64-mingw32/nios2-elf/lib/mno-hw-mul\libc.a(lib_a-writer.o)
 .data          0x0000000008013bd8        0x0 c:/intelfpga_prime/nios2eds/bin/gnu/h-x86_64-mingw32/bin/../lib/gcc/nios2-elf/10.1.1/../../../../../H-x86_64-mingw32/nios2-elf/lib/mno-hw-mul\libc.a(closer.o)
 .data          0x0000000008013bd8        0x0 c:/intelfpga_prime/nios2eds/bin/gnu/h-x86_64-mingw32/bin/../lib/gcc/nios2-elf/10.1.1/../../../../../H-x86_64-mingw32/nios2-elf/lib/mno-hw-mul\libc.a(lib_a-assert.o)
 .data          0x0000000008013bd8        0x0 c:/intelfpga_prime/nios2eds/bin/gnu/h-x86_64-mingw32/bin/../lib/gcc/nios2-elf/10.1.1/../../../../../H-x86_64-mingw32/nios2-elf/lib/mno-hw-mul\libc.a(lib_a-callocr.o)
 .data          0x0000000008013bd8        0x0 c:/intelfpga_prime/nios2eds/bin/gnu/h-x86_64-mingw32/bin/../lib/gcc/nios2-elf/10.1.1/../../../../../H-x86_64-mingw32/nios2-elf/lib/mno-hw-mul\libc.a(lib_a-fclose.o)
 .data          0x0000000008013bd8        0x0 c:/intelfpga_prime/nios2eds/bin/gnu/h-x86_64-mingw32/bin/../lib/gcc/nios2-elf/10.1.1/../../../../../H-x86_64-mingw32/nios2-elf/lib/mno-hw-mul\libc.a(lib_a-fiprintf.o)
 .data          0x0000000008013bd8        0x0 c:/intelfpga_prime/nios2eds/bin/gnu/h-x86_64-mingw32/bin/../lib/gcc/nios2-elf/10.1.1/../../../../../H-x86_64-mingw32/nios2-elf/lib/mno-hw-mul\libc.a(lib_a-fputwc.o)
 .data          0x0000000008013bd8        0x0 c:/intelfpga_prime/nios2eds/bin/gnu/h-x86_64-mingw32/bin/../lib/gcc/nios2-elf/10.1.1/../../../../../H-x86_64-mingw32/nios2-elf/lib/mno-hw-mul\libc.a(lib_a-fstatr.o)
 .data          0x0000000008013bd8        0x0 c:/intelfpga_prime/nios2eds/bin/gnu/h-x86_64-mingw32/bin/../lib/gcc/nios2-elf/10.1.1/../../../../../H-x86_64-mingw32/nios2-elf/lib/mno-hw-mul\libc.a(lib_a-int_errno.o)
 .data          0x0000000008013bd8        0x0 c:/intelfpga_prime/nios2eds/bin/gnu/h-x86_64-mingw32/bin/../lib/gcc/nios2-elf/10.1.1/../../../../../H-x86_64-mingw32/nios2-elf/lib/mno-hw-mul\libc.a(lib_a-isattyr.o)
 .data          0x0000000008013bd8        0x0 c:/intelfpga_prime/nios2eds/bin/gnu/h-x86_64-mingw32/bin/../lib/gcc/nios2-elf/10.1.1/../../../../../H-x86_64-mingw32/nios2-elf/lib/mno-hw-mul\libc.a(lib_a-locale.o)
 .data.__global_locale
                0x0000000008013bd8      0x16c c:/intelfpga_prime/nios2eds/bin/gnu/h-x86_64-mingw32/bin/../lib/gcc/nios2-elf/10.1.1/../../../../../H-x86_64-mingw32/nios2-elf/lib/mno-hw-mul\libc.a(lib_a-locale.o)
                0x0000000008013bd8                __global_locale
 .data          0x0000000008013d44        0x0 c:/intelfpga_prime/nios2eds/bin/gnu/h-x86_64-mingw32/bin/../lib/gcc/nios2-elf/10.1.1/../../../../../H-x86_64-mingw32/nios2-elf/lib/mno-hw-mul\libc.a(lib_a-lseekr.o)
 .data          0x0000000008013d44        0x0 c:/intelfpga_prime/nios2eds/bin/gnu/h-x86_64-mingw32/bin/../lib/gcc/nios2-elf/10.1.1/../../../../../H-x86_64-mingw32/nios2-elf/lib/mno-hw-mul\libc.a(lib_a-mbtowc_r.o)
 .data          0x0000000008013d44        0x0 c:/intelfpga_prime/nios2eds/bin/gnu/h-x86_64-mingw32/bin/../lib/gcc/nios2-elf/10.1.1/../../../../../H-x86_64-mingw32/nios2-elf/lib/mno-hw-mul\libc.a(lib_a-readr.o)
 .data          0x0000000008013d44        0x0 c:/intelfpga_prime/nios2eds/bin/gnu/h-x86_64-mingw32/bin/../lib/gcc/nios2-elf/10.1.1/../../../../../H-x86_64-mingw32/nios2-elf/lib/mno-hw-mul\libc.a(lib_a-strcmp.o)
 .data          0x0000000008013d44        0x0 c:/intelfpga_prime/nios2eds/bin/gnu/h-x86_64-mingw32/bin/../lib/gcc/nios2-elf/10.1.1/../../../../../H-x86_64-mingw32/nios2-elf/lib/mno-hw-mul\libc.a(lib_a-vfiprintfr_1.o)
 .data          0x0000000008013d44        0x0 c:/intelfpga_prime/nios2eds/bin/gnu/h-x86_64-mingw32/bin/../lib/gcc/nios2-elf/10.1.1/../../../../../H-x86_64-mingw32/nios2-elf/lib/mno-hw-mul\libc.a(lib_a-wcrtomb.o)
 .data          0x0000000008013d44        0x0 c:/intelfpga_prime/nios2eds/bin/gnu/h-x86_64-mingw32/bin/../lib/gcc/nios2-elf/10.1.1/../../../../../H-x86_64-mingw32/nios2-elf/lib/mno-hw-mul\libc.a(lib_a-wctomb_r.o)
 .data          0x0000000008013d44        0x0 c:/intelfpga_prime/nios2eds/bin/gnu/h-x86_64-mingw32/bin/../lib/gcc/nios2-elf/10.1.1/../../../../../H-x86_64-mingw32/nios2-elf/lib/mno-hw-mul\libc.a(lib_a-abort.o)
 .data          0x0000000008013d44        0x0 c:/intelfpga_prime/nios2eds/bin/gnu/h-x86_64-mingw32/bin/../lib/gcc/nios2-elf/10.1.1/../../../../../H-x86_64-mingw32/nios2-elf/lib/mno-hw-mul\libc.a(lib_a-ctype_.o)
 .data          0x0000000008013d44        0x0 c:/intelfpga_prime/nios2eds/bin/gnu/h-x86_64-mingw32/bin/../lib/gcc/nios2-elf/10.1.1/../../../../../H-x86_64-mingw32/nios2-elf/lib/mno-hw-mul\libc.a(lib_a-signal.o)
 .data          0x0000000008013d44        0x0 c:/intelfpga_prime/nios2eds/bin/gnu/h-x86_64-mingw32/bin/../lib/gcc/nios2-elf/10.1.1/../../../../../H-x86_64-mingw32/nios2-elf/lib/mno-hw-mul\libc.a(lib_a-signalr.o)
 .data          0x0000000008013d44        0x0 c:/intelfpga_prime/nios2eds/bin/gnu/h-x86_64-mingw32/bin/../lib/gcc/nios2-elf/10.1.1/mno-hw-mul\libgcc.a(_udivdi3.o)
 .data          0x0000000008013d44        0x0 c:/intelfpga_prime/nios2eds/bin/gnu/h-x86_64-mingw32/bin/../lib/gcc/nios2-elf/10.1.1/mno-hw-mul\libgcc.a(_umoddi3.o)
 .data          0x0000000008013d44        0x0 c:/intelfpga_prime/nios2eds/bin/gnu/h-x86_64-mingw32/bin/../lib/gcc/nios2-elf/10.1.1/mno-hw-mul\libgcc.a(adddf3.o)
 .data          0x0000000008013d44        0x0 c:/intelfpga_prime/nios2eds/bin/gnu/h-x86_64-mingw32/bin/../lib/gcc/nios2-elf/10.1.1/mno-hw-mul\libgcc.a(divdf3.o)
 .data          0x0000000008013d44        0x0 c:/intelfpga_prime/nios2eds/bin/gnu/h-x86_64-mingw32/bin/../lib/gcc/nios2-elf/10.1.1/mno-hw-mul\libgcc.a(eqdf2.o)
 .data          0x0000000008013d44        0x0 c:/intelfpga_prime/nios2eds/bin/gnu/h-x86_64-mingw32/bin/../lib/gcc/nios2-elf/10.1.1/mno-hw-mul\libgcc.a(gedf2.o)
 .data          0x0000000008013d44        0x0 c:/intelfpga_prime/nios2eds/bin/gnu/h-x86_64-mingw32/bin/../lib/gcc/nios2-elf/10.1.1/mno-hw-mul\libgcc.a(ledf2.o)
 .data          0x0000000008013d44        0x0 c:/intelfpga_prime/nios2eds/bin/gnu/h-x86_64-mingw32/bin/../lib/gcc/nios2-elf/10.1.1/mno-hw-mul\libgcc.a(muldf3.o)
 .data          0x0000000008013d44        0x0 c:/intelfpga_prime/nios2eds/bin/gnu/h-x86_64-mingw32/bin/../lib/gcc/nios2-elf/10.1.1/mno-hw-mul\libgcc.a(subdf3.o)
 .data          0x0000000008013d44        0x0 c:/intelfpga_prime/nios2eds/bin/gnu/h-x86_64-mingw32/bin/../lib/gcc/nios2-elf/10.1.1/mno-hw-mul\libgcc.a(unorddf2.o)
 .data          0x0000000008013d44        0x0 c:/intelfpga_prime/nios2eds/bin/gnu/h-x86_64-mingw32/bin/../lib/gcc/nios2-elf/10.1.1/mno-hw-mul\libgcc.a(fixdfsi.o)
 .data          0x0000000008013d44        0x0 c:/intelfpga_prime/nios2eds/bin/gnu/h-x86_64-mingw32/bin/../lib/gcc/nios2-elf/10.1.1/mno-hw-mul\libgcc.a(floatsidf.o)
 .data          0x0000000008013d44        0x0 c:/intelfpga_prime/nios2eds/bin/gnu/h-x86_64-mingw32/bin/../lib/gcc/nios2-elf/10.1.1/mno-hw-mul\libgcc.a(floatunsidf.o)
 .data          0x0000000008013d44        0x0 c:/intelfpga_prime/nios2eds/bin/gnu/h-x86_64-mingw32/bin/../lib/gcc/nios2-elf/10.1.1/mno-hw-mul\libgcc.a(_clz.o)
 .data          0x0000000008013d44        0x0 c:/intelfpga_prime/nios2eds/bin/gnu/h-x86_64-mingw32/bin/../lib/gcc/nios2-elf/10.1.1/mno-hw-mul\libgcc.a(_clzsi2.o)
 .data          0x0000000008013d44        0x0 c:/Users/danie/OneDrive/Desktop/Lab6.2/software/usb_kb_bsp/\libhal_bsp.a(alt_close.o)
 .data          0x0000000008013d44      0x1a8 c:/Users/danie/OneDrive/Desktop/Lab6.2/software/usb_kb_bsp/\libhal_bsp.a(alt_dev.o)
                0x0000000008013d44                alt_dev_null
                0x0000000008013d6c                alt_fd_list
 .data          0x0000000008013eec        0x0 c:/Users/danie/OneDrive/Desktop/Lab6.2/software/usb_kb_bsp/\libhal_bsp.a(alt_errno.o)
 .data          0x0000000008013eec        0x0 c:/Users/danie/OneDrive/Desktop/Lab6.2/software/usb_kb_bsp/\libhal_bsp.a(alt_exit.o)
 .data          0x0000000008013eec        0x0 c:/Users/danie/OneDrive/Desktop/Lab6.2/software/usb_kb_bsp/\libhal_bsp.a(alt_fstat.o)
 .data          0x0000000008013eec        0x0 c:/Users/danie/OneDrive/Desktop/Lab6.2/software/usb_kb_bsp/\libhal_bsp.a(alt_getpid.o)
 .data          0x0000000008013eec        0x0 c:/Users/danie/OneDrive/Desktop/Lab6.2/software/usb_kb_bsp/\libhal_bsp.a(alt_isatty.o)
 .data          0x0000000008013eec        0x0 c:/Users/danie/OneDrive/Desktop/Lab6.2/software/usb_kb_bsp/\libhal_bsp.a(alt_kill.o)
 .data          0x0000000008013eec        0x0 c:/Users/danie/OneDrive/Desktop/Lab6.2/software/usb_kb_bsp/\libhal_bsp.a(alt_load.o)
 .data          0x0000000008013eec        0x0 c:/Users/danie/OneDrive/Desktop/Lab6.2/software/usb_kb_bsp/\libhal_bsp.a(alt_lseek.o)
 .data          0x0000000008013eec        0x0 c:/Users/danie/OneDrive/Desktop/Lab6.2/software/usb_kb_bsp/\libhal_bsp.a(alt_main.o)
 .data          0x0000000008013eec        0x0 c:/Users/danie/OneDrive/Desktop/Lab6.2/software/usb_kb_bsp/\libhal_bsp.a(alt_malloc_lock.o)
 .data          0x0000000008013eec        0x0 c:/Users/danie/OneDrive/Desktop/Lab6.2/software/usb_kb_bsp/\libhal_bsp.a(alt_read.o)