Archive member included to satisfy reference by file (symbol)

c:/Users/danie/OneDrive/Desktop/Lab6.2/software/lab61_app2_bsp/\libhal_bsp.a(alt_load.o)
                              c:/Users/danie/OneDrive/Desktop/Lab6.2/software/lab61_app2_bsp//obj/HAL/src/crt0.o (alt_load)
c:/Users/danie/OneDrive/Desktop/Lab6.2/software/lab61_app2_bsp/\libhal_bsp.a(alt_main.o)
                              c:/Users/danie/OneDrive/Desktop/Lab6.2/software/lab61_app2_bsp//obj/HAL/src/crt0.o (alt_main)
c:/Users/danie/OneDrive/Desktop/Lab6.2/software/lab61_app2_bsp/\libhal_bsp.a(alt_sys_init.o)
                              c:/Users/danie/OneDrive/Desktop/Lab6.2/software/lab61_app2_bsp/\libhal_bsp.a(alt_main.o) (alt_irq_init)
c:/Users/danie/OneDrive/Desktop/Lab6.2/software/lab61_app2_bsp/\libhal_bsp.a(altera_avalon_jtag_uart_fd.o)
                              c:/Users/danie/OneDrive/Desktop/Lab6.2/software/lab61_app2_bsp/\libhal_bsp.a(alt_sys_init.o) (altera_avalon_jtag_uart_read_fd)
c:/Users/danie/OneDrive/Desktop/Lab6.2/software/lab61_app2_bsp/\libhal_bsp.a(altera_avalon_jtag_uart_init.o)
                              c:/Users/danie/OneDrive/Desktop/Lab6.2/software/lab61_app2_bsp/\libhal_bsp.a(alt_sys_init.o) (altera_avalon_jtag_uart_init)
c:/Users/danie/OneDrive/Desktop/Lab6.2/software/lab61_app2_bsp/\libhal_bsp.a(altera_avalon_jtag_uart_ioctl.o)
                              c:/Users/danie/OneDrive/Desktop/Lab6.2/software/lab61_app2_bsp/\libhal_bsp.a(altera_avalon_jtag_uart_fd.o) (altera_avalon_jtag_uart_ioctl)
c:/Users/danie/OneDrive/Desktop/Lab6.2/software/lab61_app2_bsp/\libhal_bsp.a(altera_avalon_jtag_uart_read.o)
                              c:/Users/danie/OneDrive/Desktop/Lab6.2/software/lab61_app2_bsp/\libhal_bsp.a(altera_avalon_jtag_uart_fd.o) (altera_avalon_jtag_uart_read)
c:/Users/danie/OneDrive/Desktop/Lab6.2/software/lab61_app2_bsp/\libhal_bsp.a(altera_avalon_jtag_uart_write.o)
                              c:/Users/danie/OneDrive/Desktop/Lab6.2/software/lab61_app2_bsp/\libhal_bsp.a(altera_avalon_jtag_uart_fd.o) (altera_avalon_jtag_uart_write)
c:/Users/danie/OneDrive/Desktop/Lab6.2/software/lab61_app2_bsp/\libhal_bsp.a(altera_avalon_timer_sc.o)
                              c:/Users/danie/OneDrive/Desktop/Lab6.2/software/lab61_app2_bsp/\libhal_bsp.a(alt_sys_init.o) (alt_avalon_timer_sc_init)
c:/Users/danie/OneDrive/Desktop/Lab6.2/software/lab61_app2_bsp/\libhal_bsp.a(alt_alarm_start.o)
                              c:/Users/danie/OneDrive/Desktop/Lab6.2/software/lab61_app2_bsp/\libhal_bsp.a(altera_avalon_jtag_uart_init.o) (alt_alarm_start)
c:/Users/danie/OneDrive/Desktop/Lab6.2/software/lab61_app2_bsp/\libhal_bsp.a(alt_close.o)
                              c:/Users/danie/OneDrive/Desktop/Lab6.2/software/lab61_app2_bsp/\libhal_bsp.a(alt_main.o) (close)
c:/Users/danie/OneDrive/Desktop/Lab6.2/software/lab61_app2_bsp/\libhal_bsp.a(alt_dcache_flush_all.o)
                              c:/Users/danie/OneDrive/Desktop/Lab6.2/software/lab61_app2_bsp/\libhal_bsp.a(alt_load.o) (alt_dcache_flush_all)
c:/Users/danie/OneDrive/Desktop/Lab6.2/software/lab61_app2_bsp/\libhal_bsp.a(alt_dev.o)
                              c:/Users/danie/OneDrive/Desktop/Lab6.2/software/lab61_app2_bsp/\libhal_bsp.a(alt_sys_init.o) (alt_dev_list)
c:/Users/danie/OneDrive/Desktop/Lab6.2/software/lab61_app2_bsp/\libhal_bsp.a(alt_dev_llist_insert.o)
                              c:/Users/danie/OneDrive/Desktop/Lab6.2/software/lab61_app2_bsp/\libhal_bsp.a(alt_sys_init.o) (alt_dev_llist_insert)
c:/Users/danie/OneDrive/Desktop/Lab6.2/software/lab61_app2_bsp/\libhal_bsp.a(alt_do_ctors.o)
                              c:/Users/danie/OneDrive/Desktop/Lab6.2/software/lab61_app2_bsp/\libhal_bsp.a(alt_main.o) (_do_ctors)
c:/Users/danie/OneDrive/Desktop/Lab6.2/software/lab61_app2_bsp/\libhal_bsp.a(alt_do_dtors.o)
                              c:/Users/danie/OneDrive/Desktop/Lab6.2/software/lab61_app2_bsp/\libhal_bsp.a(alt_main.o) (_do_dtors)
c:/Users/danie/OneDrive/Desktop/Lab6.2/software/lab61_app2_bsp/\libhal_bsp.a(alt_errno.o)
                              c:/Users/danie/OneDrive/Desktop/Lab6.2/software/lab61_app2_bsp/\libhal_bsp.a(alt_close.o) (alt_errno)
c:/Users/danie/OneDrive/Desktop/Lab6.2/software/lab61_app2_bsp/\libhal_bsp.a(alt_icache_flush_all.o)
                              c:/Users/danie/OneDrive/Desktop/Lab6.2/software/lab61_app2_bsp/\libhal_bsp.a(alt_load.o) (alt_icache_flush_all)
c:/Users/danie/OneDrive/Desktop/Lab6.2/software/lab61_app2_bsp/\libhal_bsp.a(alt_iic.o)
                              c:/Users/danie/OneDrive/Desktop/Lab6.2/software/lab61_app2_bsp/\libhal_bsp.a(altera_avalon_jtag_uart_init.o) (alt_ic_isr_register)
c:/Users/danie/OneDrive/Desktop/Lab6.2/software/lab61_app2_bsp/\libhal_bsp.a(alt_iic_isr_register.o)
                              c:/Users/danie/OneDrive/Desktop/Lab6.2/software/lab61_app2_bsp/\libhal_bsp.a(alt_iic.o) (alt_iic_isr_register)
[...]
Memory Configuration

Name             Origin             Length             Attributes
onchip_memory2_0 0x0000000000000000 0x0000000000000010
reset            0x0000000008000000 0x0000000000000020
sdram            0x0000000008000020 0x0000000003ffffe0
*default*        0x0000000000000000 0xffffffffffffffff

Linker script and memory map

LOAD c:/Users/danie/OneDrive/Desktop/Lab6.2/software/lab61_app2_bsp//obj/HAL/src/crt0.o
LOAD obj/default/main.o
LOAD c:/intelfpga_prime/nios2eds/bin/gnu/h-x86_64-mingw32/bin/../lib/gcc/nios2-elf/10.1.1/../../../../../H-x86_64-mingw32/nios2-elf/lib/mno-hw-mul\libstdc++.a
LOAD c:/intelfpga_prime/nios2eds/bin/gnu/h-x86_64-mingw32/bin/../lib/gcc/nios2-elf/10.1.1/../../../../../H-x86_64-mingw32/nios2-elf/lib/mno-hw-mul\libm.a
LOAD c:/intelfpga_prime/nios2eds/bin/gnu/h-x86_64-mingw32/bin/../lib/gcc/nios2-elf/10.1.1/mno-hw-mul\libgcc.a
START GROUP
LOAD c:/intelfpga_prime/nios2eds/bin/gnu/h-x86_64-mingw32/bin/../lib/gcc/nios2-elf/10.1.1/../../../../../H-x86_64-mingw32/nios2-elf/lib/mno-hw-mul\libc.a
LOAD c:/intelfpga_prime/nios2eds/bin/gnu/h-x86_64-mingw32/bin/../lib/gcc/nios2-elf/10.1.1/mno-hw-mul\libgcc.a
LOAD c:/Users/danie/OneDrive/Desktop/Lab6.2/software/lab61_app2_bsp/\libhal_bsp.a
LOAD c:/intelfpga_prime/nios2eds/bin/gnu/h-x86_64-mingw32/bin/../lib/gcc/nios2-elf/10.1.1/../../../../../H-x86_64-mingw32/nios2-elf/lib/mno-hw-mul\libm.a
END GROUP
LOAD c:/intelfpga_prime/nios2eds/bin/gnu/h-x86_64-mingw32/bin/../lib/gcc/nios2-elf/10.1.1/mno-hw-mul\libgcc.a
                0x0000000000000000                __alt_mem_onchip_memory2_0 = 0x0
                0x0000000008000000                __alt_mem_sdram = 0x8000000

.entry          0x0000000008000000       0x20
 *(.entry)
 .entry         0x0000000008000000       0x20 c:/Users/danie/OneDrive/Desktop/Lab6.2/software/lab61_app2_bsp//obj/HAL/src/crt0.o
                0x0000000008000000                __reset

.exceptions     0x0000000008000020      0x204
                0x0000000008000020                PROVIDE (__ram_exceptions_start = ABSOLUTE (.))
                0x0000000008000020                . = ALIGN (0x20)
 *(.irq)
 *(.exceptions.entry.label)
 .exceptions.entry.label
                0x0000000008000020        0x0 c:/Users/danie/OneDrive/Desktop/Lab6.2/software/lab61_app2_bsp/\libhal_bsp.a(alt_irq_entry.o)
                0x0000000008000020                alt_irq_entry
 .exceptions.entry.label
                0x0000000008000020        0x0 c:/Users/danie/OneDrive/Desktop/Lab6.2/software/lab61_app2_bsp/\libhal_bsp.a(alt_exception_entry.o)
                0x0000000008000020                alt_exception
 *(.exceptions.entry.user)
 *(.exceptions.entry.ecc_fatal)
 *(.exceptions.entry)
 .exceptions.entry
                0x0000000008000020       0x54 c:/Users/danie/OneDrive/Desktop/Lab6.2/software/lab61_app2_bsp/\libhal_bsp.a(alt_exception_entry.o)
 *(.exceptions.irqtest.user)
 *(.exceptions.irqtest)
 .exceptions.irqtest
                0x0000000008000074       0x10 c:/Users/danie/OneDrive/Desktop/Lab6.2/software/lab61_app2_bsp/\libhal_bsp.a(alt_irq_entry.o)
 *(.exceptions.irqhandler.user)
 *(.exceptions.irqhandler)
 .exceptions.irqhandler
                0x0000000008000084        0x4 c:/Users/danie/OneDrive/Desktop/Lab6.2/software/lab61_app2_bsp/\libhal_bsp.a(alt_irq_entry.o)
 *(.exceptions.irqreturn.user)
 *(.exceptions.irqreturn)
 .exceptions.irqreturn
                0x0000000008000088        0x4 c:/Users/danie/OneDrive/Desktop/Lab6.2/software/lab61_app2_bsp/\libhal_bsp.a(alt_irq_entry.o)
 *(.exceptions.notirq.label)
 .exceptions.notirq.label
                0x000000000800008c        0x0 c:/Users/danie/OneDrive/Desktop/Lab6.2/software/lab61_app2_bsp/\libhal_bsp.a(alt_irq_entry.o)
 *(.exceptions.notirq.user)
 *(.exceptions.notirq)
 .exceptions.notirq
                0x000000000800008c        0x8 c:/Users/danie/OneDrive/Desktop/Lab6.2/software/lab61_app2_bsp/\libhal_bsp.a(alt_exception_entry.o)
 *(.exceptions.soft.user)
 *(.exceptions.soft)
 *(.exceptions.unknown.user)
 *(.exceptions.unknown)
 .exceptions.unknown
                0x0000000008000094       0x14 c:/Users/danie/OneDrive/Desktop/Lab6.2/software/lab61_app2_bsp/\libhal_bsp.a(alt_exception_entry.o)
 *(.exceptions.exit.label)
 .exceptions.exit.label
                0x00000000080000a8        0x0 c:/Users/danie/OneDrive/Desktop/Lab6.2/software/lab61_app2_bsp/\libhal_bsp.a(alt_irq_entry.o)
 .exceptions.exit.label
                0x00000000080000a8        0x0 c:/Users/danie/OneDrive/Desktop/Lab6.2/software/lab61_app2_bsp/\libhal_bsp.a(alt_exception_entry.o)
 *(.exceptions.exit.user)
 *(.exceptions.exit)
 .exceptions.exit
                0x00000000080000a8       0x54 c:/Users/danie/OneDrive/Desktop/Lab6.2/software/lab61_app2_bsp/\libhal_bsp.a(alt_exception_entry.o)
 *(.exceptions)
 .exceptions    0x00000000080000fc       0xc8 c:/Users/danie/OneDrive/Desktop/Lab6.2/software/lab61_app2_bsp/\libhal_bsp.a(alt_irq_handler.o)
                0x00000000080000fc                alt_irq_handler
 .exceptions    0x00000000080001c4       0x60 c:/Users/danie/OneDrive/Desktop/Lab6.2/software/lab61_app2_bsp/\libhal_bsp.a(alt_instruction_exception_entry.o)
                0x00000000080001c4                alt_instruction_exception_entry
                0x0000000008000224                PROVIDE (__ram_exceptions_end = ABSOLUTE (.))
                0x0000000008000020                PROVIDE (__flash_exceptions_start = LOADADDR (.exceptions))

.text           0x0000000008000224     0x22d4
                [!provide]                        PROVIDE (stext = ABSOLUTE (.))
 *(.interp)
 *(.hash)
 *(.dynsym)
 *(.dynstr)
 *(.gnu.version)
 *(.gnu.version_d)
 *(.gnu.version_r)
 *(.rel.init)
 *(.rela.init)
 *(.rel.text .rel.text.* .rel.gnu.linkonce.t.*)
 *(.rela.text .rela.text.* .rela.gnu.linkonce.t.*)
 *(.rel.fini)
 *(.rela.fini)
 *(.rel.rodata .rel.rodata.* .rel.gnu.linkonce.r.*)
 *(.rela.rodata .rela.rodata.* .rela.gnu.linkonce.r.*)
 *(.rel.data .rel.data.* .rel.gnu.linkonce.d.*)
 *(.rela.data .rela.data.* .rela.gnu.linkonce.d.*)
 *(.rel.tdata .rel.tdata.* .rel.gnu.linkonce.td.*)
 *(.rela.tdata .rela.tdata.* .rela.gnu.linkonce.td.*)
 *(.rel.tbss .rel.tbss.* .rel.gnu.linkonce.tb.*)
 *(.rela.tbss .rela.tbss.* .rela.gnu.linkonce.tb.*)
 *(.rel.ctors)
 *(.rela.ctors)
 *(.rel.dtors)
 *(.rela.dtors)
 *(.rel.got)
 *(.rela.got)
 *(.rel.sdata .rel.sdata.* .rel.gnu.linkonce.s.*)
 *(.rela.sdata .rela.sdata.* .rela.gnu.linkonce.s.*)
 *(.rel.sbss .rel.sbss.* .rel.gnu.linkonce.sb.*)
 *(.rela.sbss .rela.sbss.* .rela.gnu.linkonce.sb.*)
 *(.rel.sdata2 .rel.sdata2.* .rel.gnu.linkonce.s2.*)
 *(.rela.sdata2 .rela.sdata2.* .rela.gnu.linkonce.s2.*)
 *(.rel.sbss2 .rel.sbss2.* .rel.gnu.linkonce.sb2.*)
 *(.rela.sbss2 .rela.sbss2.* .rela.gnu.linkonce.sb2.*)
 *(.rel.bss .rel.bss.* .rel.gnu.linkonce.b.*)
 *(.rela.bss .rela.bss.* .rela.gnu.linkonce.b.*)
 *(.rel.plt)
 *(.rela.plt)
 *(.rel.dyn)
 *(.init)
 *(.plt)
 *(.text .stub .text.* .gnu.linkonce.t.*)
 .text          0x0000000008000224       0x3c c:/Users/danie/OneDrive/Desktop/Lab6.2/software/lab61_app2_bsp//obj/HAL/src/crt0.o
                0x0000000008000224                _start
 .text          0x0000000008000260       0xbc obj/default/main.o
                0x0000000008000260                main
 .text          0x000000000800031c       0xec c:/Users/danie/OneDrive/Desktop/Lab6.2/software/lab61_app2_bsp/\libhal_bsp.a(alt_load.o)
                0x0000000008000384                alt_load
 .text          0x0000000008000408       0x7c c:/Users/danie/OneDrive/Desktop/Lab6.2/software/lab61_app2_bsp/\libhal_bsp.a(alt_main.o)
                0x0000000008000408                alt_main
 .text          0x0000000008000484       0xd4 c:/Users/danie/OneDrive/Desktop/Lab6.2/software/lab61_app2_bsp/\libhal_bsp.a(alt_sys_init.o)
                0x00000000080004b8                alt_irq_init
                0x00000000080004f4                alt_sys_init
 .text          0x0000000008000558      0x164 c:/Users/danie/OneDrive/Desktop/Lab6.2/software/lab61_app2_bsp/\libhal_bsp.a(altera_avalon_jtag_uart_fd.o)
                0x0000000008000558                altera_avalon_jtag_uart_read_fd
                0x00000000080005b8                altera_avalon_jtag_uart_write_fd
                0x0000000008000618                altera_avalon_jtag_uart_close_fd
                0x0000000008000668                altera_avalon_jtag_uart_ioctl_fd
 .text          0x00000000080006bc      0x3d4 c:/Users/danie/OneDrive/Desktop/Lab6.2/software/lab61_app2_bsp/\libhal_bsp.a(altera_avalon_jtag_uart_init.o)
                0x00000000080006bc                altera_avalon_jtag_uart_init
                0x0000000008000a28                altera_avalon_jtag_uart_close
 .text          0x0000000008000a90       0xf4 c:/Users/danie/OneDrive/Desktop/Lab6.2/software/lab61_app2_bsp/\libhal_bsp.a(altera_avalon_jtag_uart_ioctl.o)
                0x0000000008000a90                altera_avalon_jtag_uart_ioctl
 .text          0x0000000008000b84      0x220 c:/Users/danie/OneDrive/Desktop/Lab6.2/software/lab61_app2_bsp/\libhal_bsp.a(altera_avalon_jtag_uart_read.o)
                0x0000000008000b84                altera_avalon_jtag_uart_read
 .text          0x0000000008000da4      0x228 c:/Users/danie/OneDrive/Desktop/Lab6.2/software/lab61_app2_bsp/\libhal_bsp.a(altera_avalon_jtag_uart_write.o)
                0x0000000008000da4                altera_avalon_jtag_uart_write
 .text          0x0000000008000fcc      0x100 c:/Users/danie/OneDrive/Desktop/Lab6.2/software/lab61_app2_bsp/\libhal_bsp.a(altera_avalon_timer_sc.o)
                0x0000000008001048                alt_avalon_timer_sc_init
 .text          0x00000000080010cc      0x134 c:/Users/danie/OneDrive/Desktop/Lab6.2/software/lab61_app2_bsp/\libhal_bsp.a(alt_alarm_start.o)
                0x00000000080010cc                alt_alarm_start
 .text          0x0000000008001200      0x118 c:/Users/danie/OneDrive/Desktop/Lab6.2/software/lab61_app2_bsp/\libhal_bsp.a(alt_close.o)
                0x000000000800123c                close
 .text          0x0000000008001318       0x20 c:/Users/danie/OneDrive/Desktop/Lab6.2/software/lab61_app2_bsp/\libhal_bsp.a(alt_dcache_flush_all.o)
                0x0000000008001318                alt_dcache_flush_all
 .text          0x0000000008001338       0x2c c:/Users/danie/OneDrive/Desktop/Lab6.2/software/lab61_app2_bsp/\libhal_bsp.a(alt_dev.o)
 .text          0x0000000008001364       0xe4 c:/Users/danie/OneDrive/Desktop/Lab6.2/software/lab61_app2_bsp/\libhal_bsp.a(alt_dev_llist_insert.o)
                0x00000000080013a0                alt_dev_llist_insert
 .text          0x0000000008001448       0x64 c:/Users/danie/OneDrive/Desktop/Lab6.2/software/lab61_app2_bsp/\libhal_bsp.a(alt_do_ctors.o)
                0x0000000008001448                _do_ctors
 .text          0x00000000080014ac       0x64 c:/Users/danie/OneDrive/Desktop/Lab6.2/software/lab61_app2_bsp/\libhal_bsp.a(alt_do_dtors.o)
                0x00000000080014ac                _do_dtors
 .text          0x0000000008001510        0x0 c:/Users/danie/OneDrive/Desktop/Lab6.2/software/lab61_app2_bsp/\libhal_bsp.a(alt_errno.o)
 .text          0x0000000008001510       0x20 c:/Users/danie/OneDrive/Desktop/Lab6.2/software/lab61_app2_bsp/\libhal_bsp.a(alt_icache_flush_all.o)
                0x0000000008001510                alt_icache_flush_all
 .text          0x0000000008001530      0x1b0 c:/Users/danie/OneDrive/Desktop/Lab6.2/software/lab61_app2_bsp/\libhal_bsp.a(alt_iic.o)
                0x0000000008001530                alt_ic_isr_register
                0x0000000008001580                alt_ic_irq_enable
                0x0000000008001608                alt_ic_irq_disable
                0x0000000008001694                alt_ic_irq_enabled
 .text          0x00000000080016e0       0xe8 c:/Users/danie/OneDrive/Desktop/Lab6.2/software/lab61_app2_bsp/\libhal_bsp.a(alt_iic_isr_register.o)
                0x00000000080016e0                alt_iic_isr_register
 .text          0x00000000080017c8      0x150 c:/Users/danie/OneDrive/Desktop/Lab6.2/software/lab61_app2_bsp/\libhal_bsp.a(alt_io_redirect.o)
                0x000000000800189c                alt_io_redirect
 .text          0x0000000008001918        0x0 c:/Users/danie/OneDrive/Desktop/Lab6.2/software/lab61_app2_bsp/\libhal_bsp.a(alt_irq_entry.o)
 .text          0x0000000008001918        0x0 c:/Users/danie/OneDrive/Desktop/Lab6.2/software/lab61_app2_bsp/\libhal_bsp.a(alt_irq_handler.o)
 .text          0x0000000008001918        0x0 c:/Users/danie/OneDrive/Desktop/Lab6.2/software/lab61_app2_bsp/\libhal_bsp.a(alt_irq_vars.o)
 .text          0x0000000008001918      0x278 c:/Users/danie/OneDrive/Desktop/Lab6.2/software/lab61_app2_bsp/\libhal_bsp.a(alt_open.o)
                0x0000000008001a30                open
 .text          0x0000000008001b90       0x70 c:/Users/danie/OneDrive/Desktop/Lab6.2/software/lab61_app2_bsp/\libhal_bsp.a(alt_release_fd.o)
                0x0000000008001b90                alt_release_fd
 .text          0x0000000008001c00      0x1ac c:/Users/danie/OneDrive/Desktop/Lab6.2/software/lab61_app2_bsp/\libhal_bsp.a(alt_tick.o)
                0x0000000008001c00                alt_alarm_stop
                0x0000000008001ca4                alt_tick
 .text          0x0000000008001dac       0x24 c:/Users/danie/OneDrive/Desktop/Lab6.2/software/lab61_app2_bsp/\libhal_bsp.a(altera_nios2_gen2_irq.o)
                0x0000000008001dac                altera_nios2_gen2_irq_init
 .text          0x0000000008001dd0        0x0 c:/Users/danie/OneDrive/Desktop/Lab6.2/software/lab61_app2_bsp/\libhal_bsp.a(alt_exception_entry.o)
 .text          0x0000000008001dd0       0x90 c:/Users/danie/OneDrive/Desktop/Lab6.2/software/lab61_app2_bsp/\libhal_bsp.a(alt_find_dev.o)
                0x0000000008001dd0                alt_find_dev
 .text          0x0000000008001e60      0x108 c:/Users/danie/OneDrive/Desktop/Lab6.2/software/lab61_app2_bsp/\libhal_bsp.a(alt_find_file.o)
                0x0000000008001e60                alt_find_file
 .text          0x0000000008001f68       0xb8 c:/Users/danie/OneDrive/Desktop/Lab6.2/software/lab61_app2_bsp/\libhal_bsp.a(alt_get_fd.o)
                0x0000000008001f68                alt_get_fd
 .text          0x0000000008002020       0x98 c:/Users/danie/OneDrive/Desktop/Lab6.2/software/lab61_app2_bsp/\libhal_bsp.a(alt_instruction_exception_entry.o)
                0x0000000008002020                alt_exception_cause_generated_bad_addr
 .text          0x00000000080020b8        0x0 c:/intelfpga_prime/nios2eds/bin/gnu/h-x86_64-mingw32/bin/../lib/gcc/nios2-elf/10.1.1/../../../../../H-x86_64-mingw32/nios2-elf/lib/mno-hw-mul\libc.a(lib_a-atexit.o)
 .text.atexit   0x00000000080020b8       0x14 c:/intelfpga_prime/nios2eds/bin/gnu/h-x86_64-mingw32/bin/../lib/gcc/nios2-elf/10.1.1/../../../../../H-x86_64-mingw32/nios2-elf/lib/mno-hw-mul\libc.a(lib_a-atexit.o)
                0x00000000080020b8                atexit
 .text          0x00000000080020cc        0x0 c:/intelfpga_prime/nios2eds/bin/gnu/h-x86_64-mingw32/bin/../lib/gcc/nios2-elf/10.1.1/../../../../../H-x86_64-mingw32/nios2-elf/lib/mno-hw-mul\libc.a(lib_a-exit.o)
 .text.exit     0x00000000080020cc       0x34 c:/intelfpga_prime/nios2eds/bin/gnu/h-x86_64-mingw32/bin/../lib/gcc/nios2-elf/10.1.1/../../../../../H-x86_64-mingw32/nios2-elf/lib/mno-hw-mul\libc.a(lib_a-exit.o)
                0x00000000080020cc                exit
 .text          0x0000000008002100        0x0 c:/intelfpga_prime/nios2eds/bin/gnu/h-x86_64-mingw32/bin/../lib/gcc/nios2-elf/10.1.1/../../../../../H-x86_64-mingw32/nios2-elf/lib/mno-hw-mul\libc.a(lib_a-impure.o)
 .text          0x0000000008002100        0x0 c:/intelfpga_prime/nios2eds/bin/gnu/h-x86_64-mingw32/bin/../lib/gcc/nios2-elf/10.1.1/../../../../../H-x86_64-mingw32/nios2-elf/lib/mno-hw-mul\libc.a(lib_a-int_errno.o)
 .text          0x0000000008002100        0x0 c:/intelfpga_prime/nios2eds/bin/gnu/h-x86_64-mingw32/bin/../lib/gcc/nios2-elf/10.1.1/../../../../../H-x86_64-mingw32/nios2-elf/lib/mno-hw-mul\libc.a(lib_a-memcmp.o)
 .text.memcmp   0x0000000008002100       0x78 c:/intelfpga_prime/nios2eds/bin/gnu/h-x86_64-mingw32/bin/../lib/gcc/nios2-elf/10.1.1/../../../../../H-x86_64-mingw32/nios2-elf/lib/mno-hw-mul\libc.a(lib_a-memcmp.o)
                0x0000000008002100                memcmp
 .text          0x0000000008002178        0x0 c:/intelfpga_prime/nios2eds/bin/gnu/h-x86_64-mingw32/bin/../lib/gcc/nios2-elf/10.1.1/../../../../../H-x86_64-mingw32/nios2-elf/lib/mno-hw-mul\libc.a(lib_a-memcpy.o)
 .text.memcpy   0x0000000008002178      0x100 c:/intelfpga_prime/nios2eds/bin/gnu/h-x86_64-mingw32/bin/../lib/gcc/nios2-elf/10.1.1/../../../../../H-x86_64-mingw32/nios2-elf/lib/mno-hw-mul\libc.a(lib_a-memcpy.o)
                0x0000000008002178                memcpy
 .text          0x0000000008002278        0x0 c:/intelfpga_prime/nios2eds/bin/gnu/h-x86_64-mingw32/bin/../lib/gcc/nios2-elf/10.1.1/../../../../../H-x86_64-mingw32/nios2-elf/lib/mno-hw-mul\libc.a(lib_a-strlen.o)
 .text.strlen   0x0000000008002278       0x98 c:/intelfpga_prime/nios2eds/bin/gnu/h-x86_64-mingw32/bin/../lib/gcc/nios2-elf/10.1.1/../../../../../H-x86_64-mingw32/nios2-elf/lib/mno-hw-mul\libc.a(lib_a-strlen.o)
                0x0000000008002278                strlen
 .text          0x0000000008002310        0x0 c:/intelfpga_prime/nios2eds/bin/gnu/h-x86_64-mingw32/bin/../lib/gcc/nios2-elf/10.1.1/../../../../../H-x86_64-mingw32/nios2-elf/lib/mno-hw-mul\libc.a(lib_a-__atexit.o)
 .text.__register_exitproc
                0x0000000008002310       0x90 c:/intelfpga_prime/nios2eds/bin/gnu/h-x86_64-mingw32/bin/../lib/gcc/nios2-elf/10.1.1/../../../../../H-x86_64-mingw32/nios2-elf/lib/mno-hw-mul\libc.a(lib_a-__atexit.o)
                0x0000000008002310                __register_exitproc
 .text          0x00000000080023a0        0x0 c:/intelfpga_prime/nios2eds/bin/gnu/h-x86_64-mingw32/bin/../lib/gcc/nios2-elf/10.1.1/../../../../../H-x86_64-mingw32/nios2-elf/lib/mno-hw-mul\libc.a(lib_a-__call_atexit.o)
 .text.__call_exitprocs
                0x00000000080023a0      0x120 c:/intelfpga_prime/nios2eds/bin/gnu/h-x86_64-mingw32/bin/../lib/gcc/nios2-elf/10.1.1/../../../../../H-x86_64-mingw32/nios2-elf/lib/mno-hw-mul\libc.a(lib_a-__call_atexit.o)
                0x00000000080023a0                __call_exitprocs
 .text          0x00000000080024c0       0x38 c:/Users/danie/OneDrive/Desktop/Lab6.2/software/lab61_app2_bsp/\libhal_bsp.a(alt_exit.o)
                0x00000000080024c0                _exit
 *(.gnu.warning.*)
 *(.fini)
                [!provide]                        PROVIDE (__etext = ABSOLUTE (.))
                [!provide]                        PROVIDE (_etext = ABSOLUTE (.))
                [!provide]                        PROVIDE (etext = ABSOLUTE (.))
 *(.eh_frame_hdr)
                0x00000000080024f8                . = ALIGN (0x4)
                [!provide]                        PROVIDE (__preinit_array_start = ABSOLUTE (.))
 *(.preinit_array)
                [!provide]                        PROVIDE (__preinit_array_end = ABSOLUTE (.))
                [!provide]                        PROVIDE (__init_array_start = ABSOLUTE (.))
 *(.init_array)
                [!provide]                        PROVIDE (__init_array_end = ABSOLUTE (.))
                [!provide]                        PROVIDE (__fini_array_start = ABSOLUTE (.))
 *(.fini_array)
                [!provide]                        PROVIDE (__fini_array_end = ABSOLUTE (.))
 *(.eh_frame)
 *(.gcc_except_table .gcc_except_table.*)
 *(.dynamic)
                0x00000000080024f8                PROVIDE (__CTOR_LIST__ = ABSOLUTE (.))
 *(.ctors)
 *(SORT_BY_NAME(.ctors.*))
                0x00000000080024f8                PROVIDE (__CTOR_END__ = ABSOLUTE (.))
                0x00000000080024f8                PROVIDE (__DTOR_LIST__ = ABSOLUTE (.))
 *(.dtors)
 *(SORT_BY_NAME(.dtors.*))
                0x00000000080024f8                PROVIDE (__DTOR_END__ = ABSOLUTE (.))
 *(.jcr)
                0x00000000080024f8                . = ALIGN (0x4)

.rodata         0x00000000080024f8       0x34
                0x00000000080024f8                PROVIDE (__ram_rodata_start = ABSOLUTE (.))
                0x00000000080024f8                . = ALIGN (0x4)
 *(.rodata .rodata.* .gnu.linkonce.r.*)
 .rodata        0x00000000080024f8       0x11 c:/Users/danie/OneDrive/Desktop/Lab6.2/software/lab61_app2_bsp/\libhal_bsp.a(alt_main.o)
 *fill*         0x0000000008002509        0x3 
 .rodata        0x000000000800250c       0x11 c:/Users/danie/OneDrive/Desktop/Lab6.2/software/lab61_app2_bsp/\libhal_bsp.a(alt_sys_init.o)
 *fill*         0x000000000800251d        0x3 
 .rodata        0x0000000008002520        0xa c:/Users/danie/OneDrive/Desktop/Lab6.2/software/lab61_app2_bsp/\libhal_bsp.a(alt_dev.o)
 *(.rodata1)
                0x000000000800252c                . = ALIGN (0x4)
 *fill*         0x000000000800252a        0x2 
                0x000000000800252c                PROVIDE (__ram_rodata_end = ABSOLUTE (.))
                0x00000000080024f8                PROVIDE (__flash_rodata_start = LOADADDR (.rodata))

.rwdata         0x000000000800252c     0x1658 load address 0x0000000008003b84
                0x000000000800252c                PROVIDE (__ram_rwdata_start = ABSOLUTE (.))
                0x000000000800252c                . = ALIGN (0x4)
 *(.got.plt)
 *(.got)
 *(.data1)
 *(.data .data.* .gnu.linkonce.d.*)
 .data          0x000000000800252c        0x0 c:/Users/danie/OneDrive/Desktop/Lab6.2/software/lab61_app2_bsp//obj/HAL/src/crt0.o
 .data          0x000000000800252c        0x0 obj/default/main.o
 .data          0x000000000800252c        0x0 c:/Users/danie/OneDrive/Desktop/Lab6.2/software/lab61_app2_bsp/\libhal_bsp.a(alt_load.o)
 .data          0x000000000800252c        0x0 c:/Users/danie/OneDrive/Desktop/Lab6.2/software/lab61_app2_bsp/\libhal_bsp.a(alt_main.o)
 .data          0x000000000800252c     0x1060 c:/Users/danie/OneDrive/Desktop/Lab6.2/software/lab61_app2_bsp/\libhal_bsp.a(alt_sys_init.o)
 .data          0x000000000800358c        0x0 c:/Users/danie/OneDrive/Desktop/Lab6.2/software/lab61_app2_bsp/\libhal_bsp.a(altera_avalon_jtag_uart_fd.o)
 .data          0x000000000800358c        0x0 c:/Users/danie/OneDrive/Desktop/Lab6.2/software/lab61_app2_bsp/\libhal_bsp.a(altera_avalon_jtag_uart_init.o)
 .data          0x000000000800358c        0x0 c:/Users/danie/OneDrive/Desktop/Lab6.2/software/lab61_app2_bsp/\libhal_bsp.a(altera_avalon_jtag_uart_ioctl.o)
 .data          0x000000000800358c        0x0 c:/Users/danie/OneDrive/Desktop/Lab6.2/software/lab61_app2_bsp/\libhal_bsp.a(altera_avalon_jtag_uart_read.o)
 .data          0x000000000800358c        0x0 c:/Users/danie/OneDrive/Desktop/Lab6.2/software/lab61_app2_bsp/\libhal_bsp.a(altera_avalon_jtag_uart_write.o)
 .data          0x000000000800358c        0x0 c:/Users/danie/OneDrive/Desktop/Lab6.2/software/lab61_app2_bsp/\libhal_bsp.a(altera_avalon_timer_sc.o)
 .data          0x000000000800358c        0x0 c:/Users/danie/OneDrive/Desktop/Lab6.2/software/lab61_app2_bsp/\libhal_bsp.a(alt_alarm_start.o)
 .data          0x000000000800358c        0x0 c:/Users/danie/OneDrive/Desktop/Lab6.2/software/lab61_app2_bsp/\libhal_bsp.a(alt_close.o)
 .data          0x000000000800358c        0x0 c:/Users/danie/OneDrive/Desktop/Lab6.2/software/lab61_app2_bsp/\libhal_bsp.a(alt_dcache_flush_all.o)
 .data          0x000000000800358c      0x1a8 c:/Users/danie/OneDrive/Desktop/Lab6.2/software/lab61_app2_bsp/\libhal_bsp.a(alt_dev.o)
                0x000000000800358c                alt_dev_null
                0x00000000080035b4                alt_fd_list
 .data          0x0000000008003734        0x0 c:/Users/danie/OneDrive/Desktop/Lab6.2/software/lab61_app2_bsp/\libhal_bsp.a(alt_dev_llist_insert.o)
 .data          0x0000000008003734        0x0 c:/Users/danie/OneDrive/Desktop/Lab6.2/software/lab61_app2_bsp/\libhal_bsp.a(alt_do_ctors.o)
 .data          0x0000000008003734        0x0 c:/Users/danie/OneDrive/Desktop/Lab6.2/software/lab61_app2_bsp/\libhal_bsp.a(alt_do_dtors.o)
 .data          0x0000000008003734        0x0 c:/Users/danie/OneDrive/Desktop/Lab6.2/software/lab61_app2_bsp/\libhal_bsp.a(alt_errno.o)
 .data          0x0000000008003734        0x0 c:/Users/danie/OneDrive/Desktop/Lab6.2/software/lab61_app2_bsp/\libhal_bsp.a(alt_icache_flush_all.o)
 .data          0x0000000008003734        0x0 c:/Users/danie/OneDrive/Desktop/Lab6.2/software/lab61_app2_bsp/\libhal_bsp.a(alt_iic.o)
 .data          0x0000000008003734        0x0 c:/Users/danie/OneDrive/Desktop/Lab6.2/software/lab61_app2_bsp/\libhal_bsp.a(alt_iic_isr_register.o)
 .data          0x0000000008003734        0x0 c:/Users/danie/OneDrive/Desktop/Lab6.2/software/lab61_app2_bsp/\libhal_bsp.a(alt_io_redirect.o)
 .data          0x0000000008003734        0x0 c:/Users/danie/OneDrive/Desktop/Lab6.2/software/lab61_app2_bsp/\libhal_bsp.a(alt_irq_entry.o)
 .data          0x0000000008003734        0x0 c:/Users/danie/OneDrive/Desktop/Lab6.2/software/lab61_app2_bsp/\libhal_bsp.a(alt_irq_handler.o)
 .data          0x0000000008003734        0x0 c:/Users/danie/OneDrive/Desktop/Lab6.2/software/lab61_app2_bsp/\libhal_bsp.a(alt_irq_vars.o)
 .data          0x0000000008003734        0x0 c:/Users/danie/OneDrive/Desktop/Lab6.2/software/lab61_app2_bsp/\libhal_bsp.a(alt_open.o)
 .data          0x0000000008003734        0x0 c:/Users/danie/OneDrive/Desktop/Lab6.2/software/lab61_app2_bsp/\libhal_bsp.a(alt_release_fd.o)
 .data          0x0000000008003734        0x0 c:/Users/danie/OneDrive/Desktop/Lab6.2/software/lab61_app2_bsp/\libhal_bsp.a(alt_tick.o)
 .data          0x0000000008003734        0x0 c:/Users/danie/OneDrive/Desktop/Lab6.2/software/lab61_app2_bsp/\libhal_bsp.a(altera_nios2_gen2_irq.o)
 .data          0x0000000008003734        0x0 c:/Users/danie/OneDrive/Desktop/Lab6.2/software/lab61_app2_bsp/\libhal_bsp.a(alt_exception_entry.o)
 .data          0x0000000008003734        0x0 c:/Users/danie/OneDrive/Desktop/Lab6.2/software/lab61_app2_bsp/\libhal_bsp.a(alt_find_dev.o)
 .data          0x0000000008003734        0x0 c:/Users/danie/OneDrive/Desktop/Lab6.2/software/lab61_app2_bsp/\libhal_bsp.a(alt_find_file.o)
 .data          0x0000000008003734        0x0 c:/Users/danie/OneDrive/Desktop/Lab6.2/software/lab61_app2_bsp/\libhal_bsp.a(alt_get_fd.o)
 .data          0x0000000008003734        0x0 c:/Users/danie/OneDrive/Desktop/Lab6.2/software/lab61_app2_bsp/\libhal_bsp.a(alt_instruction_exception_entry.o)
 .data          0x0000000008003734        0x0 c:/intelfpga_prime/nios2eds/bin/gnu/h-x86_64-mingw32/bin/../lib/gcc/nios2-elf/10.1.1/../../../../../H-x86_64-mingw32/nios2-elf/lib/mno-hw-mul\libc.a(lib_a-atexit.o)
 .data          0x0000000008003734        0x0 c:/intelfpga_prime/nios2eds/bin/gnu/h-x86_64-mingw32/bin/../lib/gcc/nios2-elf/10.1.1/../../../../../H-x86_64-mingw32/nios2-elf/lib/mno-hw-mul\libc.a(lib_a-exit.o)
 .data          0x0000000008003734        0x0 c:/intelfpga_prime/nios2eds/bin/gnu/h-x86_64-mingw32/bin/../lib/gcc/nios2-elf/10.1.1/../../../../../H-x86_64-mingw32/nios2-elf/lib/mno-hw-mul\libc.a(lib_a-impure.o)
 .data.impure_data
                0x0000000008003734      0x424 c:/intelfpga_prime/nios2eds/bin/gnu/h-x86_64-mingw32/bin/../lib/gcc/nios2-elf/10.1.1/../../../../../H-x86_64-mingw32/nios2-elf/lib/mno-hw-mul\libc.a(lib_a-impure.o)
 .data          0x0000000008003b58        0x0 c:/intelfpga_prime/nios2eds/bin/gnu/h-x86_64-mingw32/bin/../lib/gcc/nios2-elf/10.1.1/../../../../../H-x86_64-mingw32/nios2-elf/lib/mno-hw-mul\libc.a(lib_a-int_errno.o)
 .data          0x0000000008003b58        0x0 c:/intelfpga_prime/nios2eds/bin/gnu/h-x86_64-mingw32/bin/../lib/gcc/nios2-elf/10.1.1/../../../../../H-x86_64-mingw32/nios2-elf/lib/mno-hw-mul\libc.a(lib_a-memcmp.o)
 .data          0x0000000008003b58        0x0 c:/intelfpga_prime/nios2eds/bin/gnu/h-x86_64-mingw32/bin/../lib/gcc/nios2-elf/10.1.1/../../../../../H-x86_64-mingw32/nios2-elf/lib/mno-hw-mul\libc.a(lib_a-memcpy.o)
 .data          0x0000000008003b58        0x0 c:/intelfpga_prime/nios2eds/bin/gnu/h-x86_64-mingw32/bin/../lib/gcc/nios2-elf/10.1.1/../../../../../H-x86_64-mingw32/nios2-elf/lib/mno-hw-mul\libc.a(lib_a-strlen.o)
 .data          0x0000000008003b58        0x0 c:/intelfpga_prime/nios2eds/bin/gnu/h-x86_64-mingw32/bin/../lib/gcc/nios2-elf/10.1.1/../../../../../H-x86_64-mingw32/nios2-elf/lib/mno-hw-mul\libc.a(lib_a-__atexit.o)
 .data          0x0000000008003b58        0x0 c:/intelfpga_prime/nios2eds/bin/gnu/h-x86_64-mingw32/bin/../lib/gcc/nios2-elf/10.1.1/../../../../../H-x86_64-mingw32/nios2-elf/lib/mno-hw-mul\libc.a(lib_a-__call_atexit.o)
 .data          0x0000000008003b58        0x0 c:/Users/danie/OneDrive/Desktop/Lab6.2/software/lab61_app2_bsp/\libhal_bsp.a(alt_exit.o)
                0x000000000800bb58                _gp = ABSOLUTE ((. + 0x8000))
                [!provide]                        PROVIDE (gp = _gp)
 *(.rwdata .rwdata.*)
 *(.sdata .sdata.* .gnu.linkonce.s.*)
 .sdata         0x0000000008003b58       0x14 c:/Users/danie/OneDrive/Desktop/Lab6.2/software/lab61_app2_bsp/\libhal_bsp.a(alt_dev.o)
                0x0000000008003b58                alt_fs_list
                0x0000000008003b60                alt_dev_list
                0x0000000008003b68                alt_max_fd
 .sdata         0x0000000008003b6c        0x4 c:/Users/danie/OneDrive/Desktop/Lab6.2/software/lab61_app2_bsp/\libhal_bsp.a(alt_errno.o)
                0x0000000008003b6c                alt_errno
 .sdata         0x0000000008003b70        0x4 c:/Users/danie/OneDrive/Desktop/Lab6.2/software/lab61_app2_bsp/\libhal_bsp.a(alt_irq_vars.o)
                0x0000000008003b70                alt_priority_mask
 .sdata         0x0000000008003b74        0x8 c:/Users/danie/OneDrive/Desktop/Lab6.2/software/lab61_app2_bsp/\libhal_bsp.a(alt_tick.o)
                0x0000000008003b74                alt_alarm_list
 .sdata._global_impure_ptr
                0x0000000008003b7c        0x4 c:/intelfpga_prime/nios2eds/bin/gnu/h-x86_64-mingw32/bin/../lib/gcc/nios2-elf/10.1.1/../../../../../H-x86_64-mingw32/nios2-elf/lib/mno-hw-mul\libc.a(lib_a-impure.o)
                0x0000000008003b7c                _global_impure_ptr
 .sdata._impure_ptr
                0x0000000008003b80        0x4 c:/intelfpga_prime/nios2eds/bin/gnu/h-x86_64-mingw32/bin/../lib/gcc/nios2-elf/10.1.1/../../../../../H-x86_64-mingw32/nios2-elf/lib/mno-hw-mul\libc.a(lib_a-impure.o)
                0x0000000008003b80                _impure_ptr
 *(.sdata2 .sdata2.* .gnu.linkonce.s2.*)
                0x0000000008003b84                . = ALIGN (0x4)
                0x0000000008003b84                _edata = ABSOLUTE (.)
                [!provide]                        PROVIDE (edata = ABSOLUTE (.))
                0x0000000008003b84                PROVIDE (__ram_rwdata_end = ABSOLUTE (.))
                0x0000000008003b84                PROVIDE (__flash_rwdata_start = LOADADDR (.rwdata))

.bss            0x00000000080051dc      0x120
                0x00000000080051dc                __bss_start = ABSOLUTE (.)
                [!provide]                        PROVIDE (__sbss_start = ABSOLUTE (.))
                [!provide]                        PROVIDE (___sbss_start = ABSOLUTE (.))
 *(.dynsbss)
 *(.sbss .sbss.* .gnu.linkonce.sb.*)
 .sbss          0x00000000080051dc        0xc c:/Users/danie/OneDrive/Desktop/Lab6.2/software/lab61_app2_bsp/\libhal_bsp.a(alt_main.o)
                0x00000000080051dc                alt_argc
                0x00000000080051e0                alt_argv
                0x00000000080051e4                alt_envp
 .sbss          0x00000000080051e8        0x4 c:/Users/danie/OneDrive/Desktop/Lab6.2/software/lab61_app2_bsp/\libhal_bsp.a(alt_irq_vars.o)
                0x00000000080051e8                alt_irq_active
 .sbss          0x00000000080051ec        0x8 c:/Users/danie/OneDrive/Desktop/Lab6.2/software/lab61_app2_bsp/\libhal_bsp.a(alt_tick.o)
                0x00000000080051ec                _alt_tick_rate
                0x00000000080051f0                _alt_nticks
 .sbss          0x00000000080051f4        0x4 c:/Users/danie/OneDrive/Desktop/Lab6.2/software/lab61_app2_bsp/\libhal_bsp.a(alt_instruction_exception_entry.o)
                0x00000000080051f4                alt_instruction_exception_handler
 .sbss.errno    0x00000000080051f8        0x4 c:/intelfpga_prime/nios2eds/bin/gnu/h-x86_64-mingw32/bin/../lib/gcc/nios2-elf/10.1.1/../../../../../H-x86_64-mingw32/nios2-elf/lib/mno-hw-mul\libc.a(lib_a-int_errno.o)
                0x00000000080051f8                errno
 *(.sbss2 .sbss2.* .gnu.linkonce.sb2.*)
 *(.scommon)
                [!provide]                        PROVIDE (__sbss_end = ABSOLUTE (.))
                [!provide]                        PROVIDE (___sbss_end = ABSOLUTE (.))
 *(.dynbss)
 *(.bss .bss.* .gnu.linkonce.b.*)
 .bss           0x00000000080051fc        0x0 c:/Users/danie/OneDrive/Desktop/Lab6.2/software/lab61_app2_bsp//obj/HAL/src/crt0.o
 .bss           0x00000000080051fc        0x0 obj/default/main.o
 .bss           0x00000000080051fc        0x0 c:/Users/danie/OneDrive/Desktop/Lab6.2/software/lab61_app2_bsp/\libhal_bsp.a(alt_load.o)
 .bss           0x00000000080051fc        0x0 c:/Users/danie/OneDrive/Desktop/Lab6.2/software/lab61_app2_bsp/\libhal_bsp.a(alt_main.o)
 .bss           0x00000000080051fc        0x0 c:/Users/danie/OneDrive/Desktop/Lab6.2/software/lab61_app2_bsp/\libhal_bsp.a(alt_sys_init.o)
 .bss           0x00000000080051fc        0x0 c:/Users/danie/OneDrive/Desktop/Lab6.2/software/lab61_app2_bsp/\libhal_bsp.a(altera_avalon_jtag_uart_fd.o)
 .bss           0x00000000080051fc        0x0 c:/Users/danie/OneDrive/Desktop/Lab6.2/software/lab61_app2_bsp/\libhal_bsp.a(altera_avalon_jtag_uart_init.o)
 .bss           0x00000000080051fc        0x0 c:/Users/danie/OneDrive/Desktop/Lab6.2/software/lab61_app2_bsp/\libhal_bsp.a(altera_avalon_jtag_uart_ioctl.o)
 .bss           0x00000000080051fc        0x0 c:/Users/danie/OneDrive/Desktop/Lab6.2/software/lab61_app2_bsp/\libhal_bsp.a(altera_avalon_jtag_uart_read.o)
 .bss           0x00000000080051fc        0x0 c:/Users/danie/OneDrive/Desktop/Lab6.2/software/lab61_app2_bsp/\libhal_bsp.a(altera_avalon_jtag_uart_write.o)
 .bss           0x00000000080051fc        0x0 c:/Users/danie/OneDrive/Desktop/Lab6.2/software/lab61_app2_bsp/\libhal_bsp.a(altera_avalon_timer_sc.o)
 .bss           0x00000000080051fc        0x0 c:/Users/danie/OneDrive/Desktop/Lab6.2/software/lab61_app2_bsp/\libhal_bsp.a(alt_alarm_start.o)
 .bss           0x00000000080051fc        0x0 c:/Users/danie/OneDrive/Desktop/Lab6.2/software/lab61_app2_bsp/\libhal_bsp.a(alt_close.o)
 .bss           0x00000000080051fc        0x0 c:/Users/danie/OneDrive/Desktop/Lab6.2/software/lab61_app2_bsp/\libhal_bsp.a(alt_dcache_flush_all.o)
 .bss           0x00000000080051fc        0x0 c:/Users/danie/OneDrive/Desktop/Lab6.2/software/lab61_app2_bsp/\libhal_bsp.a(alt_dev.o)
 .bss           0x00000000080051fc        0x0 c:/Users/danie/OneDrive/Desktop/Lab6.2/software/lab61_app2_bsp/\libhal_bsp.a(alt_dev_llist_insert.o)
 .bss           0x00000000080051fc        0x0 c:/Users/danie/OneDrive/Desktop/Lab6.2/software/lab61_app2_bsp/\libhal_bsp.a(alt_do_ctors.o)
 .bss           0x00000000080051fc        0x0 c:/Users/danie/OneDrive/Desktop/Lab6.2/software/lab61_app2_bsp/\libhal_bsp.a(alt_do_dtors.o)
 .bss           0x00000000080051fc        0x0 c:/Users/danie/OneDrive/Desktop/Lab6.2/software/lab61_app2_bsp/\libhal_bsp.a(alt_errno.o)
 .bss           0x00000000080051fc        0x0 c:/Users/danie/OneDrive/Desktop/Lab6.2/software/lab61_app2_bsp/\libhal_bsp.a(alt_icache_flush_all.o)
 .bss           0x00000000080051fc        0x0 c:/Users/danie/OneDrive/Desktop/Lab6.2/software/lab61_app2_bsp/\libhal_bsp.a(alt_iic.o)
 .bss           0x00000000080051fc        0x0 c:/Users/danie/OneDrive/Desktop/Lab6.2/software/lab61_app2_bsp/\libhal_bsp.a(alt_iic_isr_register.o)
 .bss           0x00000000080051fc        0x0 c:/Users/danie/OneDrive/Desktop/Lab6.2/software/lab61_app2_bsp/\libhal_bsp.a(alt_io_redirect.o)
 .bss           0x00000000080051fc        0x0 c:/Users/danie/OneDrive/Desktop/Lab6.2/software/lab61_app2_bsp/\libhal_bsp.a(alt_irq_entry.o)
 .bss           0x00000000080051fc      0x100 c:/Users/danie/OneDrive/Desktop/Lab6.2/software/lab61_app2_bsp/\libhal_bsp.a(alt_irq_handler.o)
                0x00000000080051fc                alt_irq
 .bss           0x00000000080052fc        0x0 c:/Users/danie/OneDrive/Desktop/Lab6.2/software/lab61_app2_bsp/\libhal_bsp.a(alt_irq_vars.o)
 .bss           0x00000000080052fc        0x0 c:/Users/danie/OneDrive/Desktop/Lab6.2/software/lab61_app2_bsp/\libhal_bsp.a(alt_open.o)
 .bss           0x00000000080052fc        0x0 c:/Users/danie/OneDrive/Desktop/Lab6.2/software/lab61_app2_bsp/\libhal_bsp.a(alt_release_fd.o)
 .bss           0x00000000080052fc        0x0 c:/Users/danie/OneDrive/Desktop/Lab6.2/software/lab61_app2_bsp/\libhal_bsp.a(alt_tick.o)
 .bss           0x00000000080052fc        0x0 c:/Users/danie/OneDrive/Desktop/Lab6.2/software/lab61_app2_bsp/\libhal_bsp.a(altera_nios2_gen2_irq.o)
 .bss           0x00000000080052fc        0x0 c:/Users/danie/OneDrive/Desktop/Lab6.2/software/lab61_app2_bsp/\libhal_bsp.a(alt_exception_entry.o)
 .bss           0x00000000080052fc        0x0 c:/Users/danie/OneDrive/Desktop/Lab6.2/software/lab61_app2_bsp/\libhal_bsp.a(alt_find_dev.o)
 .bss           0x00000000080052fc        0x0 c:/Users/danie/OneDrive/Desktop/Lab6.2/software/lab61_app2_bsp/\libhal_bsp.a(alt_find_file.o)
 .bss           0x00000000080052fc        0x0 c:/Users/danie/OneDrive/Desktop/Lab6.2/software/lab61_app2_bsp/\libhal_bsp.a(alt_get_fd.o)
 .bss           0x00000000080052fc        0x0 c:/Users/danie/OneDrive/Desktop/Lab6.2/software/lab61_app2_bsp/\libhal_bsp.a(alt_instruction_exception_entry.o)
 .bss           0x00000000080052fc        0x0 c:/intelfpga_prime/nios2eds/bin/gnu/h-x86_64-mingw32/bin/../lib/gcc/nios2-elf/10.1.1/../../../../../H-x86_64-mingw32/nios2-elf/lib/mno-hw-mul\libc.a(lib_a-atexit.o)
 .bss           0x00000000080052fc        0x0 c:/intelfpga_prime/nios2eds/bin/gnu/h-x86_64-mingw32/bin/../lib/gcc/nios2-elf/10.1.1/../../../../../H-x86_64-mingw32/nios2-elf/lib/mno-hw-mul\libc.a(lib_a-exit.o)
 .bss           0x00000000080052fc        0x0 c:/intelfpga_prime/nios2eds/bin/gnu/h-x86_64-mingw32/bin/../lib/gcc/nios2-elf/10.1.1/../../../../../H-x86_64-mingw32/nios2-elf/lib/mno-hw-mul\libc.a(lib_a-impure.o)
 .bss           0x00000000080052fc        0x0 c:/intelfpga_prime/nios2eds/bin/gnu/h-x86_64-mingw32/bin/../lib/gcc/nios2-elf/10.1.1/../../../../../H-x86_64-mingw32/nios2-elf/lib/mno-hw-mul\libc.a(lib_a-int_errno.o)
 .bss           0x00000000080052fc        0x0 c:/intelfpga_prime/nios2eds/bin/gnu/h-x86_64-mingw32/bin/../lib/gcc/nios2-elf/10.1.1/../../../../../H-x86_64-mingw32/nios2-elf/lib/mno-hw-mul\libc.a(lib_a-memcmp.o)
 .bss           0x00000000080052fc        0x0 c:/intelfpga_prime/nios2eds/bin/gnu/h-x86_64-mingw32/bin/../lib/gcc/nios2-elf/10.1.1/../../../../../H-x86_64-mingw32/nios2-elf/lib/mno-hw-mul\libc.a(lib_a-memcpy.o)
 .bss           0x00000000080052fc        0x0 c:/intelfpga_prime/nios2eds/bin/gnu/h-x86_64-mingw32/bin/../lib/gcc/nios2-elf/10.1.1/../../../../../H-x86_64-mingw32/nios2-elf/lib/mno-hw-mul\libc.a(lib_a-strlen.o)
 .bss           0x00000000080052fc        0x0 c:/intelfpga_prime/nios2eds/bin/gnu/h-x86_64-mingw32/bin/../lib/gcc/nios2-elf/10.1.1/../../../../../H-x86_64-mingw32/nios2-elf/lib/mno-hw-mul\libc.a(lib_a-__atexit.o)
 .bss           0x00000000080052fc        0x0 c:/intelfpga_prime/nios2eds/bin/gnu/h-x86_64-mingw32/bin/../lib/gcc/nios2-elf/10.1.1/../../../../../H-x86_64-mingw32/nios2-elf/lib/mno-hw-mul\libc.a(lib_a-__call_atexit.o)
 .bss           0x00000000080052fc        0x0 c:/Users/danie/OneDrive/Desktop/Lab6.2/software/lab61_app2_bsp/\libhal_bsp.a(alt_exit.o)
 *(COMMON)
                0x00000000080052fc                . = ALIGN (0x4)
                0x00000000080052fc                __bss_end = ABSOLUTE (.)

.onchip_memory2_0
                0x0000000000000000        0x0 load address 0x00000000080052fc
                [!provide]                        PROVIDE (_alt_partition_onchip_memory2_0_start = ABSOLUTE (.))
 *(.onchip_memory2_0 .onchip_memory2_0. onchip_memory2_0.*)
                0x0000000000000000                . = ALIGN (0x4)
                [!provide]                        PROVIDE (_alt_partition_onchip_memory2_0_end = ABSOLUTE (.))
                [!provide]                        PROVIDE (_alt_partition_onchip_memory2_0_load_addr = LOADADDR (.onchip_memory2_0))

.sdram          0x00000000080052fc        0x0
                [!provide]                        PROVIDE (_alt_partition_sdram_start = ABSOLUTE (.))
 *(.sdram .sdram. sdram.*)
                0x00000000080052fc                . = ALIGN (0x4)
                [!provide]                        PROVIDE (_alt_partition_sdram_end = ABSOLUTE (.))
                0x00000000080052fc                _end = ABSOLUTE (.)
                0x00000000080052fc                end = ABSOLUTE (.)
                0x00000000080052fc                __alt_stack_base = ABSOLUTE (.)
                [!provide]                        PROVIDE (_alt_partition_sdram_load_addr = LOADADDR (.sdram))

.stab
 *(.stab)

.stabstr
 *(.stabstr)

.stab.excl
 *(.stab.excl)

.stab.exclstr
 *(.stab.exclstr)

.stab.index
 *(.stab.index)

.stab.indexstr
 *(.stab.indexstr)

.comment        0x0000000000000000       0x2d
 *(.comment)
 .comment       0x0000000000000000       0x2d obj/default/main.o
                                         0x2e (size before relaxing)
 .comment       0x000000000000002d       0x2e c:/Users/danie/OneDrive/Desktop/Lab6.2/software/lab61_app2_bsp/\libhal_bsp.a(alt_load.o)
 .comment       0x000000000000002d       0x2e c:/Users/danie/OneDrive/Desktop/Lab6.2/software/lab61_app2_bsp/\libhal_bsp.a(alt_main.o)
 .comment       0x000000000000002d       0x2e c:/Users/danie/OneDrive/Desktop/Lab6.2/software/lab61_app2_bsp/\libhal_bsp.a(alt_sys_init.o)
 .comment       0x000000000000002d       0x2e c:/Users/danie/OneDrive/Desktop/Lab6.2/software/lab61_app2_bsp/\libhal_bsp.a(altera_avalon_jtag_uart_fd.o)
 .comment       0x000000000000002d       0x2e c:/Users/danie/OneDrive/Desktop/Lab6.2/software/lab61_app2_bsp/\libhal_bsp.a(altera_avalon_jtag_uart_init.o)
 .comment       0x000000000000002d       0x2e c:/Users/danie/OneDrive/Desktop/Lab6.2/software/lab61_app2_bsp/\libhal_bsp.a(altera_avalon_jtag_uart_ioctl.o)
 .comment       0x000000000000002d       0x2e c:/Users/danie/OneDrive/Desktop/Lab6.2/software/lab61_app2_bsp/\libhal_bsp.a(altera_avalon_jtag_uart_read.o)
 .comment       0x000000000000002d       0x2e c:/Users/danie/OneDrive/Desktop/Lab6.2/software/lab61_app2_bsp/\libhal_bsp.a(altera_avalon_jtag_uart_write.o)
 .comment       0x000000000000002d       0x2e c:/Users/danie/OneDrive/Desktop/Lab6.2/software/lab61_app2_bsp/\libhal_bsp.a(altera_avalon_timer_sc.o)
 .comment       0x000000000000002d       0x2e c:/Users/danie/OneDrive/Desktop/Lab6.2/software/lab61_app2_bsp/\libhal_bsp.a(alt_alarm_start.o)
 .comment       0x000000000000002d       0x2e c:/Users/danie/OneDrive/Desktop/Lab6.2/software/lab61_app2_bsp/\libhal_bsp.a(alt_close.o)
 .comment       0x000000000000002d       0x2e c:/Users/danie/OneDrive/Desktop/Lab6.2/software/lab61_app2_bsp/\libhal_bsp.a(alt_dcache_flush_all.o)
 .comment       0x000000000000002d       0x2e c:/Users/danie/OneDrive/Desktop/Lab6.2/software/lab61_app2_bsp/\libhal_bsp.a(alt_dev.o)
 .comment       0x000000000000002d       0x2e c:/Users/danie/OneDrive/Desktop/Lab6.2/software/lab61_app2_bsp/\libhal_bsp.a(alt_dev_llist_insert.o)
 .comment       0x000000000000002d       0x2e c:/Users/danie/OneDrive/Desktop/Lab6.2/software/lab61_app2_bsp/\libhal_bsp.a(alt_do_ctors.o)
 .comment       0x000000000000002d       0x2e c:/Users/danie/OneDrive/Desktop/Lab6.2/software/lab61_app2_bsp/\libhal_bsp.a(alt_do_dtors.o)
 .comment       0x000000000000002d       0x2e c:/Users/danie/OneDrive/Desktop/Lab6.2/software/lab61_app2_bsp/\libhal_bsp.a(alt_errno.o)
 .comment       0x000000000000002d       0x2e c:/Users/danie/OneDrive/Desktop/Lab6.2/software/lab61_app2_bsp/\libhal_bsp.a(alt_icache_flush_all.o)
 .comment       0x000000000000002d       0x2e c:/Users/danie/OneDrive/Desktop/Lab6.2/software/lab61_app2_bsp/\libhal_bsp.a(alt_iic.o)
 .comment       0x000000000000002d       0x2e c:/Users/danie/OneDrive/Desktop/Lab6.2/software/lab61_app2_bsp/\libhal_bsp.a(alt_iic_isr_register.o)
 .comment       0x000000000000002d       0x2e c:/Users/danie/OneDrive/Desktop/Lab6.2/software/lab61_app2_bsp/\libhal_bsp.a(alt_io_redirect.o)
 .comment       0x000000000000002d       0x2e c:/Users/danie/OneDrive/Desktop/Lab6.2/software/lab61_app2_bsp/\libhal_bsp.a(alt_irq_handler.o)
 .comment       0x000000000000002d       0x2e c:/Users/danie/OneDrive/Desktop/Lab6.2/software/lab61_app2_bsp/\libhal_bsp.a(alt_irq_vars.o)
 .comment       0x000000000000002d       0x2e c:/Users/danie/OneDrive/Desktop/Lab6.2/software/lab61_app2_bsp/\libhal_bsp.a(alt_open.o)
 .comment       0x000000000000002d       0x2e c:/Users/danie/OneDrive/Desktop/Lab6.2/software/lab61_app2_bsp/\libhal_bsp.a(alt_release_fd.o)
 .comment       0x000000000000002d       0x2e c:/Users/danie/OneDrive/Desktop/Lab6.2/software/lab61_app2_bsp/\libhal_bsp.a(alt_tick.o)
 .comment       0x000000000000002d       0x2e c:/Users/danie/OneDrive/Desktop/Lab6.2/software/lab61_app2_bsp/\libhal_bsp.a(altera_nios2_gen2_irq.o)
 .comment       0x000000000000002d       0x2e c:/Users/danie/OneDrive/Desktop/Lab6.2/software/lab61_app2_bsp/\libhal_bsp.a(alt_find_dev.o)
 .comment       0x000000000000002d       0x2e c:/Users/danie/OneDrive/Desktop/Lab6.2/software/lab61_app2_bsp/\libhal_bsp.a(alt_find_file.o)
 .comment       0x000000000000002d       0x2e c:/Users/danie/OneDrive/Desktop/Lab6.2/software/lab61_app2_bsp/\libhal_bsp.a(alt_get_fd.o)
 .comment       0x000000000000002d       0x2e c:/Users/danie/OneDrive/Desktop/Lab6.2/software/lab61_app2_bsp/\libhal_bsp.a(alt_instruction_exception_entry.o)
 .comment       0x000000000000002d       0x2e c:/intelfpga_prime/nios2eds/bin/gnu/h-x86_64-mingw32/bin/../lib/gcc/nios2-elf/10.1.1/../../../../../H-x86_64-mingw32/nios2-elf/lib/mno-hw-mul\libc.a(lib_a-atexit.o)
 .comment       0x000000000000002d       0x2e c:/intelfpga_prime/nios2eds/bin/gnu/h-x86_64-mingw32/bin/../lib/gcc/nios2-elf/10.1.1/../../../../../H-x86_64-mingw32/nios2-elf/lib/mno-hw-mul\libc.a(lib_a-exit.o)
 .comment       0x000000000000002d       0x2e c:/intelfpga_prime/nios2eds/bin/gnu/h-x86_64-mingw32/bin/../lib/gcc/nios2-elf/10.1.1/../../../../../H-x86_64-mingw32/nios2-elf/lib/mno-hw-mul\libc.a(lib_a-impure.o)
 .comment       0x000000000000002d       0x2e c:/intelfpga_prime/nios2eds/bin/gnu/h-x86_64-mingw32/bin/../lib/gcc/nios2-elf/10.1.1/../../../../../H-x86_64-mingw32/nios2-elf/lib/mno-hw-mul\libc.a(lib_a-int_errno.o)
 .comment       0x000000000000002d       0x2e c:/intelfpga_prime/nios2eds/bin/gnu/h-x86_64-mingw32/bin/../lib/gcc/nios2-elf/10.1.1/../../../../../H-x86_64-mingw32/nios2-elf/lib/mno-hw-mul\libc.a(lib_a-memcmp.o)
 .comment       0x000000000000002d       0x2e c:/intelfpga_prime/nios2eds/bin/gnu/h-x86_64-mingw32/bin/../lib/gcc/nios2-elf/10.1.1/../../../../../H-x86_64-mingw32/nios2-elf/lib/mno-hw-mul\libc.a(lib_a-memcpy.o)
 .comment       0x000000000000002d       0x2e c:/intelfpga_prime/nios2eds/bin/gnu/h-x86_64-mingw32/bin/../lib/gcc/nios2-elf/10.1.1/../../../../../H-x86_64-mingw32/nios2-elf/lib/mno-hw-mul\libc.a(lib_a-strlen.o)
 .comment       0x000000000000002d       0x2e c:/intelfpga_prime/nios2eds/bin/gnu/h-x86_64-mingw32/bin/../lib/gcc/nios2-elf/10.1.1/../../../../../H-x86_64-mingw32/nios2-elf/lib/mno-hw-mul\libc.a(lib_a-__atexit.o)
 .comment       0x000000000000002d       0x2e c:/intelfpga_prime/nios2eds/bin/gnu/h-x86_64-mingw32/bin/../lib/gcc/nios2-elf/10.1.1/../../../../../H-x86_64-mingw32/nios2-elf/lib/mno-hw-mul\libc.a(lib_a-__call_atexit.o)
 .comment       0x000000000000002d       0x2e c:/Users/danie/OneDrive/Desktop/Lab6.2/software/lab61_app2_bsp/\libhal_bsp.a(alt_exit.o)

.debug
 *(.debug)

.line
 *(.line)

.debug_srcinfo
 *(.debug_srcinfo)

.debug_sfnames
 *(.debug_sfnames)

.debug_aranges  0x0000000000000000      0x5b8
 *(.debug_aranges)
 .debug_aranges
                0x0000000000000000       0x28 c:/Users/danie/OneDrive/Desktop/Lab6.2/software/lab61_app2_bsp//obj/HAL/src/crt0.o
 .debug_aranges
                0x0000000000000028       0x20 obj/default/main.o
 .debug_aranges
                0x0000000000000048       0x20 c:/Users/danie/OneDrive/Desktop/Lab6.2/software/lab61_app2_bsp/\libhal_bsp.a(alt_load.o)
 .debug_aranges
                0x0000000000000068       0x20 c:/Users/danie/OneDrive/Desktop/Lab6.2/software/lab61_app2_bsp/\libhal_bsp.a(alt_main.o)
 .debug_aranges
                0x0000000000000088       0x20 c:/Users/danie/OneDrive/Desktop/Lab6.2/software/lab61_app2_bsp/\libhal_bsp.a(alt_sys_init.o)
 .debug_aranges
                0x00000000000000a8       0x20 c:/Users/danie/OneDrive/Desktop/Lab6.2/software/lab61_app2_bsp/\libhal_bsp.a(altera_avalon_jtag_uart_fd.o)
 .debug_aranges
                0x00000000000000c8       0x20 c:/Users/danie/OneDrive/Desktop/Lab6.2/software/lab61_app2_bsp/\libhal_bsp.a(altera_avalon_jtag_uart_init.o)
 .debug_aranges
                0x00000000000000e8       0x20 c:/Users/danie/OneDrive/Desktop/Lab6.2/software/lab61_app2_bsp/\libhal_bsp.a(altera_avalon_jtag_uart_ioctl.o)
 .debug_aranges
                0x0000000000000108       0x20 c:/Users/danie/OneDrive/Desktop/Lab6.2/software/lab61_app2_bsp/\libhal_bsp.a(altera_avalon_jtag_uart_read.o)
 .debug_aranges
                0x0000000000000128       0x20 c:/Users/danie/OneDrive/Desktop/Lab6.2/software/lab61_app2_bsp/\libhal_bsp.a(altera_avalon_jtag_uart_write.o)
 .debug_aranges
                0x0000000000000148       0x20 c:/Users/danie/OneDrive/Desktop/Lab6.2/software/lab61_app2_bsp/\libhal_bsp.a(altera_avalon_timer_sc.o)
 .debug_aranges
                0x0000000000000168       0x20 c:/Users/danie/OneDrive/Desktop/Lab6.2/software/lab61_app2_bsp/\libhal_bsp.a(alt_alarm_start.o)
 .debug_aranges
                0x0000000000000188       0x20 c:/Users/danie/OneDrive/Desktop/Lab6.2/software/lab61_app2_bsp/\libhal_bsp.a(alt_close.o)
 .debug_aranges
                0x00000000000001a8       0x20 c:/Users/danie/OneDrive/Desktop/Lab6.2/software/lab61_app2_bsp/\libhal_bsp.a(alt_dcache_flush_all.o)
 .debug_aranges
                0x00000000000001c8       0x20 c:/Users/danie/OneDrive/Desktop/Lab6.2/software/lab61_app2_bsp/\libhal_bsp.a(alt_dev.o)
 .debug_aranges
                0x00000000000001e8       0x20 c:/Users/danie/OneDrive/Desktop/Lab6.2/software/lab61_app2_bsp/\libhal_bsp.a(alt_dev_llist_insert.o)
 .debug_aranges
                0x0000000000000208       0x20 c:/Users/danie/OneDrive/Desktop/Lab6.2/software/lab61_app2_bsp/\libhal_bsp.a(alt_do_ctors.o)
 .debug_aranges
                0x0000000000000228       0x20 c:/Users/danie/OneDrive/Desktop/Lab6.2/software/lab61_app2_bsp/\libhal_bsp.a(alt_do_dtors.o)
 .debug_aranges
                0x0000000000000248       0x18 c:/Users/danie/OneDrive/Desktop/Lab6.2/software/lab61_app2_bsp/\libhal_bsp.a(alt_errno.o)
 .debug_aranges
                0x0000000000000260       0x20 c:/Users/danie/OneDrive/Desktop/Lab6.2/software/lab61_app2_bsp/\libhal_bsp.a(alt_icache_flush_all.o)
 .debug_aranges
                0x0000000000000280       0x20 c:/Users/danie/OneDrive/Desktop/Lab6.2/software/lab61_app2_bsp/\libhal_bsp.a(alt_iic.o)
 .debug_aranges
                0x00000000000002a0       0x20 c:/Users/danie/OneDrive/Desktop/Lab6.2/software/lab61_app2_bsp/\libhal_bsp.a(alt_iic_isr_register.o)
 .debug_aranges
                0x00000000000002c0       0x20 c:/Users/danie/OneDrive/Desktop/Lab6.2/software/lab61_app2_bsp/\libhal_bsp.a(alt_io_redirect.o)
 .debug_aranges
                0x00000000000002e0       0x30 c:/Users/danie/OneDrive/Desktop/Lab6.2/software/lab61_app2_bsp/\libhal_bsp.a(alt_irq_entry.o)
 .debug_aranges
                0x0000000000000310       0x20 c:/Users/danie/OneDrive/Desktop/Lab6.2/software/lab61_app2_bsp/\libhal_bsp.a(alt_irq_handler.o)
 .debug_aranges
                0x0000000000000330       0x18 c:/Users/danie/OneDrive/Desktop/Lab6.2/software/lab61_app2_bsp/\libhal_bsp.a(alt_irq_vars.o)
 .debug_aranges
                0x0000000000000348       0x20 c:/Users/danie/OneDrive/Desktop/Lab6.2/software/lab61_app2_bsp/\libhal_bsp.a(alt_open.o)
 .debug_aranges
                0x0000000000000368       0x20 c:/Users/danie/OneDrive/Desktop/Lab6.2/software/lab61_app2_bsp/\libhal_bsp.a(alt_release_fd.o)
 .debug_aranges
                0x0000000000000388       0x20 c:/Users/danie/OneDrive/Desktop/Lab6.2/software/lab61_app2_bsp/\libhal_bsp.a(alt_tick.o)
 .debug_aranges
                0x00000000000003a8       0x20 c:/Users/danie/OneDrive/Desktop/Lab6.2/software/lab61_app2_bsp/\libhal_bsp.a(altera_nios2_gen2_irq.o)
 .debug_aranges
                0x00000000000003c8       0x38 c:/Users/danie/OneDrive/Desktop/Lab6.2/software/lab61_app2_bsp/\libhal_bsp.a(alt_exception_entry.o)
 .debug_aranges
                0x0000000000000400       0x20 c:/Users/danie/OneDrive/Desktop/Lab6.2/software/lab61_app2_bsp/\libhal_bsp.a(alt_find_dev.o)
 .debug_aranges
                0x0000000000000420       0x20 c:/Users/danie/OneDrive/Desktop/Lab6.2/software/lab61_app2_bsp/\libhal_bsp.a(alt_find_file.o)
 .debug_aranges
                0x0000000000000440       0x20 c:/Users/danie/OneDrive/Desktop/Lab6.2/software/lab61_app2_bsp/\libhal_bsp.a(alt_get_fd.o)
 .debug_aranges
                0x0000000000000460       0x28 c:/Users/danie/OneDrive/Desktop/Lab6.2/software/lab61_app2_bsp/\libhal_bsp.a(alt_instruction_exception_entry.o)
 .debug_aranges
                0x0000000000000488       0x20 c:/intelfpga_prime/nios2eds/bin/gnu/h-x86_64-mingw32/bin/../lib/gcc/nios2-elf/10.1.1/../../../../../H-x86_64-mingw32/nios2-elf/lib/mno-hw-mul\libc.a(lib_a-atexit.o)
 .debug_aranges
                0x00000000000004a8       0x20 c:/intelfpga_prime/nios2eds/bin/gnu/h-x86_64-mingw32/bin/../lib/gcc/nios2-elf/10.1.1/../../../../../H-x86_64-mingw32/nios2-elf/lib/mno-hw-mul\libc.a(lib_a-exit.o)
 .debug_aranges
                0x00000000000004c8       0x18 c:/intelfpga_prime/nios2eds/bin/gnu/h-x86_64-mingw32/bin/../lib/gcc/nios2-elf/10.1.1/../../../../../H-x86_64-mingw32/nios2-elf/lib/mno-hw-mul\libc.a(lib_a-impure.o)
 .debug_aranges
                0x00000000000004e0       0x18 c:/intelfpga_prime/nios2eds/bin/gnu/h-x86_64-mingw32/bin/../lib/gcc/nios2-elf/10.1.1/../../../../../H-x86_64-mingw32/nios2-elf/lib/mno-hw-mul\libc.a(lib_a-int_errno.o)
 .debug_aranges
                0x00000000000004f8       0x20 c:/intelfpga_prime/nios2eds/bin/gnu/h-x86_64-mingw32/bin/../lib/gcc/nios2-elf/10.1.1/../../../../../H-x86_64-mingw32/nios2-elf/lib/mno-hw-mul\libc.a(lib_a-memcmp.o)
 .debug_aranges
                0x0000000000000518       0x20 c:/intelfpga_prime/nios2eds/bin/gnu/h-x86_64-mingw32/bin/../lib/gcc/nios2-elf/10.1.1/../../../../../H-x86_64-mingw32/nios2-elf/lib/mno-hw-mul\libc.a(lib_a-memcpy.o)
 .debug_aranges
                0x0000000000000538       0x20 c:/intelfpga_prime/nios2eds/bin/gnu/h-x86_64-mingw32/bin/../lib/gcc/nios2-elf/10.1.1/../../../../../H-x86_64-mingw32/nios2-elf/lib/mno-hw-mul\libc.a(lib_a-strlen.o)
 .debug_aranges
                0x0000000000000558       0x20 c:/intelfpga_prime/nios2eds/bin/gnu/h-x86_64-mingw32/bin/../lib/gcc/nios2-elf/10.1.1/../../../../../H-x86_64-mingw32/nios2-elf/lib/mno-hw-mul\libc.a(lib_a-__atexit.o)
 .debug_aranges
                0x0000000000000578       0x20 c:/intelfpga_prime/nios2eds/bin/gnu/h-x86_64-mingw32/bin/../lib/gcc/nios2-elf/10.1.1/../../../../../H-x86_64-mingw32/nios2-elf/lib/mno-hw-mul\libc.a(lib_a-__call_atexit.o)
 .debug_aranges
                0x0000000000000598       0x20 c:/Users/danie/OneDrive/Desktop/Lab6.2/software/lab61_app2_bsp/\libhal_bsp.a(alt_exit.o)

.debug_pubnames
 *(.debug_pubnames)

.debug_info     0x0000000000000000     0x7991
 *(.debug_info .gnu.linkonce.wi.*)
 .debug_info    0x0000000000000000       0x22 c:/Users/danie/OneDrive/Desktop/Lab6.2/software/lab61_app2_bsp//obj/HAL/src/crt0.o
 .debug_info    0x0000000000000022      0x108 obj/default/main.o
 .debug_info    0x000000000000012a      0x14d c:/Users/danie/OneDrive/Desktop/Lab6.2/software/lab61_app2_bsp/\libhal_bsp.a(alt_load.o)
 .debug_info    0x0000000000000277       0xef c:/Users/danie/OneDrive/Desktop/Lab6.2/software/lab61_app2_bsp/\libhal_bsp.a(alt_main.o)
 .debug_info    0x0000000000000366      0x4d1 c:/Users/danie/OneDrive/Desktop/Lab6.2/software/lab61_app2_bsp/\libhal_bsp.a(alt_sys_init.o)
 .debug_info    0x0000000000000837      0x53d c:/Users/danie/OneDrive/Desktop/Lab6.2/software/lab61_app2_bsp/\libhal_bsp.a(altera_avalon_jtag_uart_fd.o)
 .debug_info    0x0000000000000d74      0x3d0 c:/Users/danie/OneDrive/Desktop/Lab6.2/software/lab61_app2_bsp/\libhal_bsp.a(altera_avalon_jtag_uart_init.o)
 .debug_info    0x0000000000001144      0x273 c:/Users/danie/OneDrive/Desktop/Lab6.2/software/lab61_app2_bsp/\libhal_bsp.a(altera_avalon_jtag_uart_ioctl.o)
 .debug_info    0x00000000000013b7      0x336 c:/Users/danie/OneDrive/Desktop/Lab6.2/software/lab61_app2_bsp/\libhal_bsp.a(altera_avalon_jtag_uart_read.o)
 .debug_info    0x00000000000016ed      0x331 c:/Users/danie/OneDrive/Desktop/Lab6.2/software/lab61_app2_bsp/\libhal_bsp.a(altera_avalon_jtag_uart_write.o)
 .debug_info    0x0000000000001a1e      0x1d5 c:/Users/danie/OneDrive/Desktop/Lab6.2/software/lab61_app2_bsp/\libhal_bsp.a(altera_avalon_timer_sc.o)
 .debug_info    0x0000000000001bf3      0x2dd c:/Users/danie/OneDrive/Desktop/Lab6.2/software/lab61_app2_bsp/\libhal_bsp.a(alt_alarm_start.o)
 .debug_info    0x0000000000001ed0      0x32c c:/Users/danie/OneDrive/Desktop/Lab6.2/software/lab61_app2_bsp/\libhal_bsp.a(alt_close.o)
 .debug_info    0x00000000000021fc       0x8c c:/Users/danie/OneDrive/Desktop/Lab6.2/software/lab61_app2_bsp/\libhal_bsp.a(alt_dcache_flush_all.o)
 .debug_info    0x0000000000002288      0x57d c:/Users/danie/OneDrive/Desktop/Lab6.2/software/lab61_app2_bsp/\libhal_bsp.a(alt_dev.o)
 .debug_info    0x0000000000002805      0x1b0 c:/Users/danie/OneDrive/Desktop/Lab6.2/software/lab61_app2_bsp/\libhal_bsp.a(alt_dev_llist_insert.o)
 .debug_info    0x00000000000029b5       0x88 c:/Users/danie/OneDrive/Desktop/Lab6.2/software/lab61_app2_bsp/\libhal_bsp.a(alt_do_ctors.o)
 .debug_info    0x0000000000002a3d       0x88 c:/Users/danie/OneDrive/Desktop/Lab6.2/software/lab61_app2_bsp/\libhal_bsp.a(alt_do_dtors.o)
 .debug_info    0x0000000000002ac5       0x9d c:/Users/danie/OneDrive/Desktop/Lab6.2/software/lab61_app2_bsp/\libhal_bsp.a(alt_errno.o)
 .debug_info    0x0000000000002b62       0x8c c:/Users/danie/OneDrive/Desktop/Lab6.2/software/lab61_app2_bsp/\libhal_bsp.a(alt_icache_flush_all.o)
 .debug_info    0x0000000000002bee      0x32c c:/Users/danie/OneDrive/Desktop/Lab6.2/software/lab61_app2_bsp/\libhal_bsp.a(alt_iic.o)
 .debug_info    0x0000000000002f1a      0x1f0 c:/Users/danie/OneDrive/Desktop/Lab6.2/software/lab61_app2_bsp/\libhal_bsp.a(alt_iic_isr_register.o)
 .debug_info    0x000000000000310a      0x546 c:/Users/danie/OneDrive/Desktop/Lab6.2/software/lab61_app2_bsp/\libhal_bsp.a(alt_io_redirect.o)
 .debug_info    0x0000000000003650       0x22 c:/Users/danie/OneDrive/Desktop/Lab6.2/software/lab61_app2_bsp/\libhal_bsp.a(alt_irq_entry.o)
 .debug_info    0x0000000000003672      0x175 c:/Users/danie/OneDrive/Desktop/Lab6.2/software/lab61_app2_bsp/\libhal_bsp.a(alt_irq_handler.o)
 .debug_info    0x00000000000037e7       0x8b c:/Users/danie/OneDrive/Desktop/Lab6.2/software/lab61_app2_bsp/\libhal_bsp.a(alt_irq_vars.o)
 .debug_info    0x0000000000003872      0x3dd c:/Users/danie/OneDrive/Desktop/Lab6.2/software/lab61_app2_bsp/\libhal_bsp.a(alt_open.o)
 .debug_info    0x0000000000003c4f      0x2b9 c:/Users/danie/OneDrive/Desktop/Lab6.2/software/lab61_app2_bsp/\libhal_bsp.a(alt_release_fd.o)
 .debug_info    0x0000000000003f08      0x2bd c:/Users/danie/OneDrive/Desktop/Lab6.2/software/lab61_app2_bsp/\libhal_bsp.a(alt_tick.o)
 .debug_info    0x00000000000041c5       0x8c c:/Users/danie/OneDrive/Desktop/Lab6.2/software/lab61_app2_bsp/\libhal_bsp.a(altera_nios2_gen2_irq.o)
 .debug_info    0x0000000000004251       0x22 c:/Users/danie/OneDrive/Desktop/Lab6.2/software/lab61_app2_bsp/\libhal_bsp.a(alt_exception_entry.o)
 .debug_info    0x0000000000004273      0x2ee c:/Users/danie/OneDrive/Desktop/Lab6.2/software/lab61_app2_bsp/\libhal_bsp.a(alt_find_dev.o)
 .debug_info    0x0000000000004561      0x2eb c:/Users/danie/OneDrive/Desktop/Lab6.2/software/lab61_app2_bsp/\libhal_bsp.a(alt_find_file.o)
 .debug_info    0x000000000000484c      0x31c c:/Users/danie/OneDrive/Desktop/Lab6.2/software/lab61_app2_bsp/\libhal_bsp.a(alt_get_fd.o)
 .debug_info    0x0000000000004b68      0x1f1 c:/Users/danie/OneDrive/Desktop/Lab6.2/software/lab61_app2_bsp/\libhal_bsp.a(alt_instruction_exception_entry.o)
 .debug_info    0x0000000000004d59      0x100 c:/intelfpga_prime/nios2eds/bin/gnu/h-x86_64-mingw32/bin/../lib/gcc/nios2-elf/10.1.1/../../../../../H-x86_64-mingw32/nios2-elf/lib/mno-hw-mul\libc.a(lib_a-atexit.o)
 .debug_info    0x0000000000004e59      0x970 c:/intelfpga_prime/nios2eds/bin/gnu/h-x86_64-mingw32/bin/../lib/gcc/nios2-elf/10.1.1/../../../../../H-x86_64-mingw32/nios2-elf/lib/mno-hw-mul\libc.a(lib_a-exit.o)
 .debug_info    0x00000000000057c9      0x931 c:/intelfpga_prime/nios2eds/bin/gnu/h-x86_64-mingw32/bin/../lib/gcc/nios2-elf/10.1.1/../../../../../H-x86_64-mingw32/nios2-elf/lib/mno-hw-mul\libc.a(lib_a-impure.o)
 .debug_info    0x00000000000060fa       0x84 c:/intelfpga_prime/nios2eds/bin/gnu/h-x86_64-mingw32/bin/../lib/gcc/nios2-elf/10.1.1/../../../../../H-x86_64-mingw32/nios2-elf/lib/mno-hw-mul\libc.a(lib_a-int_errno.o)
 .debug_info    0x000000000000617e      0x138 c:/intelfpga_prime/nios2eds/bin/gnu/h-x86_64-mingw32/bin/../lib/gcc/nios2-elf/10.1.1/../../../../../H-x86_64-mingw32/nios2-elf/lib/mno-hw-mul\libc.a(lib_a-memcmp.o)
 .debug_info    0x00000000000062b6      0x162 c:/intelfpga_prime/nios2eds/bin/gnu/h-x86_64-mingw32/bin/../lib/gcc/nios2-elf/10.1.1/../../../../../H-x86_64-mingw32/nios2-elf/lib/mno-hw-mul\libc.a(lib_a-memcpy.o)
 .debug_info    0x0000000000006418       0xee c:/intelfpga_prime/nios2eds/bin/gnu/h-x86_64-mingw32/bin/../lib/gcc/nios2-elf/10.1.1/../../../../../H-x86_64-mingw32/nios2-elf/lib/mno-hw-mul\libc.a(lib_a-strlen.o)
 .debug_info    0x0000000000006506      0x9b1 c:/intelfpga_prime/nios2eds/bin/gnu/h-x86_64-mingw32/bin/../lib/gcc/nios2-elf/10.1.1/../../../../../H-x86_64-mingw32/nios2-elf/lib/mno-hw-mul\libc.a(lib_a-__atexit.o)
 .debug_info    0x0000000000006eb7      0x9f9 c:/intelfpga_prime/nios2eds/bin/gnu/h-x86_64-mingw32/bin/../lib/gcc/nios2-elf/10.1.1/../../../../../H-x86_64-mingw32/nios2-elf/lib/mno-hw-mul\libc.a(lib_a-__call_atexit.o)
 .debug_info    0x00000000000078b0       0xe1 c:/Users/danie/OneDrive/Desktop/Lab6.2/software/lab61_app2_bsp/\libhal_bsp.a(alt_exit.o)

.debug_abbrev   0x0000000000000000     0x2ced
 *(.debug_abbrev)
 .debug_abbrev  0x0000000000000000       0x12 c:/Users/danie/OneDrive/Desktop/Lab6.2/software/lab61_app2_bsp//obj/HAL/src/crt0.o
 .debug_abbrev  0x0000000000000012       0xa7 obj/default/main.o
 .debug_abbrev  0x00000000000000b9       0xab c:/Users/danie/OneDrive/Desktop/Lab6.2/software/lab61_app2_bsp/\libhal_bsp.a(alt_load.o)
 .debug_abbrev  0x0000000000000164       0x86 c:/Users/danie/OneDrive/Desktop/Lab6.2/software/lab61_app2_bsp/\libhal_bsp.a(alt_main.o)
 .debug_abbrev  0x00000000000001ea      0x1a7 c:/Users/danie/OneDrive/Desktop/Lab6.2/software/lab61_app2_bsp/\libhal_bsp.a(alt_sys_init.o)
 .debug_abbrev  0x0000000000000391      0x146 c:/Users/danie/OneDrive/Desktop/Lab6.2/software/lab61_app2_bsp/\libhal_bsp.a(altera_avalon_jtag_uart_fd.o)
 .debug_abbrev  0x00000000000004d7      0x1be c:/Users/danie/OneDrive/Desktop/Lab6.2/software/lab61_app2_bsp/\libhal_bsp.a(altera_avalon_jtag_uart_init.o)
 .debug_abbrev  0x0000000000000695      0x112 c:/Users/danie/OneDrive/Desktop/Lab6.2/software/lab61_app2_bsp/\libhal_bsp.a(altera_avalon_jtag_uart_ioctl.o)
 .debug_abbrev  0x00000000000007a7      0x1b0 c:/Users/danie/OneDrive/Desktop/Lab6.2/software/lab61_app2_bsp/\libhal_bsp.a(altera_avalon_jtag_uart_read.o)
 .debug_abbrev  0x0000000000000957      0x1ae c:/Users/danie/OneDrive/Desktop/Lab6.2/software/lab61_app2_bsp/\libhal_bsp.a(altera_avalon_jtag_uart_write.o)
 .debug_abbrev  0x0000000000000b05      0x14b c:/Users/danie/OneDrive/Desktop/Lab6.2/software/lab61_app2_bsp/\libhal_bsp.a(altera_avalon_timer_sc.o)
 .debug_abbrev  0x0000000000000c50      0x188 c:/Users/danie/OneDrive/Desktop/Lab6.2/software/lab61_app2_bsp/\libhal_bsp.a(alt_alarm_start.o)
 .debug_abbrev  0x0000000000000dd8      0x133 c:/Users/danie/OneDrive/Desktop/Lab6.2/software/lab61_app2_bsp/\libhal_bsp.a(alt_close.o)
 .debug_abbrev  0x0000000000000f0b       0x44 c:/Users/danie/OneDrive/Desktop/Lab6.2/software/lab61_app2_bsp/\libhal_bsp.a(alt_dcache_flush_all.o)
 .debug_abbrev  0x0000000000000f4f      0x117 c:/Users/danie/OneDrive/Desktop/Lab6.2/software/lab61_app2_bsp/\libhal_bsp.a(alt_dev.o)
 .debug_abbrev  0x0000000000001066      0x12a c:/Users/danie/OneDrive/Desktop/Lab6.2/software/lab61_app2_bsp/\libhal_bsp.a(alt_dev_llist_insert.o)
 .debug_abbrev  0x0000000000001190       0x81 c:/Users/danie/OneDrive/Desktop/Lab6.2/software/lab61_app2_bsp/\libhal_bsp.a(alt_do_ctors.o)
 .debug_abbrev  0x0000000000001211       0x81 c:/Users/danie/OneDrive/Desktop/Lab6.2/software/lab61_app2_bsp/\libhal_bsp.a(alt_do_dtors.o)
 .debug_abbrev  0x0000000000001292       0x5a c:/Users/danie/OneDrive/Desktop/Lab6.2/software/lab61_app2_bsp/\libhal_bsp.a(alt_errno.o)
 .debug_abbrev  0x00000000000012ec       0x44 c:/Users/danie/OneDrive/Desktop/Lab6.2/software/lab61_app2_bsp/\libhal_bsp.a(alt_icache_flush_all.o)
 .debug_abbrev  0x0000000000001330      0x189 c:/Users/danie/OneDrive/Desktop/Lab6.2/software/lab61_app2_bsp/\libhal_bsp.a(alt_iic.o)
 .debug_abbrev  0x00000000000014b9      0x17c c:/Users/danie/OneDrive/Desktop/Lab6.2/software/lab61_app2_bsp/\libhal_bsp.a(alt_iic_isr_register.o)
 .debug_abbrev  0x0000000000001635      0x126 c:/Users/danie/OneDrive/Desktop/Lab6.2/software/lab61_app2_bsp/\libhal_bsp.a(alt_io_redirect.o)
 .debug_abbrev  0x000000000000175b       0x12 c:/Users/danie/OneDrive/Desktop/Lab6.2/software/lab61_app2_bsp/\libhal_bsp.a(alt_irq_entry.o)
 .debug_abbrev  0x000000000000176d      0x12d c:/Users/danie/OneDrive/Desktop/Lab6.2/software/lab61_app2_bsp/\libhal_bsp.a(alt_irq_handler.o)
 .debug_abbrev  0x000000000000189a       0x44 c:/Users/danie/OneDrive/Desktop/Lab6.2/software/lab61_app2_bsp/\libhal_bsp.a(alt_irq_vars.o)
 .debug_abbrev  0x00000000000018de      0x160 c:/Users/danie/OneDrive/Desktop/Lab6.2/software/lab61_app2_bsp/\libhal_bsp.a(alt_open.o)
 .debug_abbrev  0x0000000000001a3e       0xea c:/Users/danie/OneDrive/Desktop/Lab6.2/software/lab61_app2_bsp/\libhal_bsp.a(alt_release_fd.o)
 .debug_abbrev  0x0000000000001b28      0x17a c:/Users/danie/OneDrive/Desktop/Lab6.2/software/lab61_app2_bsp/\libhal_bsp.a(alt_tick.o)
 .debug_abbrev  0x0000000000001ca2       0x44 c:/Users/danie/OneDrive/Desktop/Lab6.2/software/lab61_app2_bsp/\libhal_bsp.a(altera_nios2_gen2_irq.o)
 .debug_abbrev  0x0000000000001ce6       0x12 c:/Users/danie/OneDrive/Desktop/Lab6.2/software/lab61_app2_bsp/\libhal_bsp.a(alt_exception_entry.o)
 .debug_abbrev  0x0000000000001cf8       0xed c:/Users/danie/OneDrive/Desktop/Lab6.2/software/lab61_app2_bsp/\libhal_bsp.a(alt_find_dev.o)
 .debug_abbrev  0x0000000000001de5      0x100 c:/Users/danie/OneDrive/Desktop/Lab6.2/software/lab61_app2_bsp/\libhal_bsp.a(alt_find_file.o)
 .debug_abbrev  0x0000000000001ee5      0x121 c:/Users/danie/OneDrive/Desktop/Lab6.2/software/lab61_app2_bsp/\libhal_bsp.a(alt_get_fd.o)
 .debug_abbrev  0x0000000000002006       0xea c:/Users/danie/OneDrive/Desktop/Lab6.2/software/lab61_app2_bsp/\libhal_bsp.a(alt_instruction_exception_entry.o)
 .debug_abbrev  0x00000000000020f0       0xb7 c:/intelfpga_prime/nios2eds/bin/gnu/h-x86_64-mingw32/bin/../lib/gcc/nios2-elf/10.1.1/../../../../../H-x86_64-mingw32/nios2-elf/lib/mno-hw-mul\libc.a(lib_a-atexit.o)
 .debug_abbrev  0x00000000000021a7      0x21d c:/intelfpga_prime/nios2eds/bin/gnu/h-x86_64-mingw32/bin/../lib/gcc/nios2-elf/10.1.1/../../../../../H-x86_64-mingw32/nios2-elf/lib/mno-hw-mul\libc.a(lib_a-exit.o)
 .debug_abbrev  0x00000000000023c4      0x1c9 c:/intelfpga_prime/nios2eds/bin/gnu/h-x86_64-mingw32/bin/../lib/gcc/nios2-elf/10.1.1/../../../../../H-x86_64-mingw32/nios2-elf/lib/mno-hw-mul\libc.a(lib_a-impure.o)
 .debug_abbrev  0x000000000000258d       0x39 c:/intelfpga_prime/nios2eds/bin/gnu/h-x86_64-mingw32/bin/../lib/gcc/nios2-elf/10.1.1/../../../../../H-x86_64-mingw32/nios2-elf/lib/mno-hw-mul\libc.a(lib_a-int_errno.o)
 .debug_abbrev  0x00000000000025c6       0x8d c:/intelfpga_prime/nios2eds/bin/gnu/h-x86_64-mingw32/bin/../lib/gcc/nios2-elf/10.1.1/../../../../../H-x86_64-mingw32/nios2-elf/lib/mno-hw-mul\libc.a(lib_a-memcmp.o)
 .debug_abbrev  0x0000000000002653       0xb6 c:/intelfpga_prime/nios2eds/bin/gnu/h-x86_64-mingw32/bin/../lib/gcc/nios2-elf/10.1.1/../../../../../H-x86_64-mingw32/nios2-elf/lib/mno-hw-mul\libc.a(lib_a-memcpy.o)
 .debug_abbrev  0x0000000000002709       0x8f c:/intelfpga_prime/nios2eds/bin/gnu/h-x86_64-mingw32/bin/../lib/gcc/nios2-elf/10.1.1/../../../../../H-x86_64-mingw32/nios2-elf/lib/mno-hw-mul\libc.a(lib_a-strlen.o)
 .debug_abbrev  0x0000000000002798      0x250 c:/intelfpga_prime/nios2eds/bin/gnu/h-x86_64-mingw32/bin/../lib/gcc/nios2-elf/10.1.1/../../../../../H-x86_64-mingw32/nios2-elf/lib/mno-hw-mul\libc.a(lib_a-__atexit.o)
 .debug_abbrev  0x00000000000029e8      0x259 c:/intelfpga_prime/nios2eds/bin/gnu/h-x86_64-mingw32/bin/../lib/gcc/nios2-elf/10.1.1/../../../../../H-x86_64-mingw32/nios2-elf/lib/mno-hw-mul\libc.a(lib_a-__call_atexit.o)
 .debug_abbrev  0x0000000000002c41       0xac c:/Users/danie/OneDrive/Desktop/Lab6.2/software/lab61_app2_bsp/\libhal_bsp.a(alt_exit.o)

.debug_line     0x0000000000000000     0x321e
 *(.debug_line)
 .debug_line    0x0000000000000000       0x66 c:/Users/danie/OneDrive/Desktop/Lab6.2/software/lab61_app2_bsp//obj/HAL/src/crt0.o
 .debug_line    0x0000000000000066       0x82 obj/default/main.o
 .debug_line    0x00000000000000e8       0xa6 c:/Users/danie/OneDrive/Desktop/Lab6.2/software/lab61_app2_bsp/\libhal_bsp.a(alt_load.o)
 .debug_line    0x000000000000018e       0x85 c:/Users/danie/OneDrive/Desktop/Lab6.2/software/lab61_app2_bsp/\libhal_bsp.a(alt_main.o)
 .debug_line    0x0000000000000213      0x149 c:/Users/danie/OneDrive/Desktop/Lab6.2/software/lab61_app2_bsp/\libhal_bsp.a(alt_sys_init.o)
 .debug_line    0x000000000000035c      0x149 c:/Users/danie/OneDrive/Desktop/Lab6.2/software/lab61_app2_bsp/\libhal_bsp.a(altera_avalon_jtag_uart_fd.o)
 .debug_line    0x00000000000004a5      0x25b c:/Users/danie/OneDrive/Desktop/Lab6.2/software/lab61_app2_bsp/\libhal_bsp.a(altera_avalon_jtag_uart_init.o)
 .debug_line    0x0000000000000700      0x154 c:/Users/danie/OneDrive/Desktop/Lab6.2/software/lab61_app2_bsp/\libhal_bsp.a(altera_avalon_jtag_uart_ioctl.o)
 .debug_line    0x0000000000000854      0x1d1 c:/Users/danie/OneDrive/Desktop/Lab6.2/software/lab61_app2_bsp/\libhal_bsp.a(altera_avalon_jtag_uart_read.o)
 .debug_line    0x0000000000000a25      0x1d6 c:/Users/danie/OneDrive/Desktop/Lab6.2/software/lab61_app2_bsp/\libhal_bsp.a(altera_avalon_jtag_uart_write.o)
 .debug_line    0x0000000000000bfb       0xfd c:/Users/danie/OneDrive/Desktop/Lab6.2/software/lab61_app2_bsp/\libhal_bsp.a(altera_avalon_timer_sc.o)
 .debug_line    0x0000000000000cf8      0x138 c:/Users/danie/OneDrive/Desktop/Lab6.2/software/lab61_app2_bsp/\libhal_bsp.a(alt_alarm_start.o)
 .debug_line    0x0000000000000e30      0x1a9 c:/Users/danie/OneDrive/Desktop/Lab6.2/software/lab61_app2_bsp/\libhal_bsp.a(alt_close.o)
 .debug_line    0x0000000000000fd9       0x53 c:/Users/danie/OneDrive/Desktop/Lab6.2/software/lab61_app2_bsp/\libhal_bsp.a(alt_dcache_flush_all.o)
 .debug_line    0x000000000000102c      0x197 c:/Users/danie/OneDrive/Desktop/Lab6.2/software/lab61_app2_bsp/\libhal_bsp.a(alt_dev.o)
 .debug_line    0x00000000000011c3      0x106 c:/Users/danie/OneDrive/Desktop/Lab6.2/software/lab61_app2_bsp/\libhal_bsp.a(alt_dev_llist_insert.o)
 .debug_line    0x00000000000012c9       0x66 c:/Users/danie/OneDrive/Desktop/Lab6.2/software/lab61_app2_bsp/\libhal_bsp.a(alt_do_ctors.o)
 .debug_line    0x000000000000132f       0x66 c:/Users/danie/OneDrive/Desktop/Lab6.2/software/lab61_app2_bsp/\libhal_bsp.a(alt_do_dtors.o)
 .debug_line    0x0000000000001395       0x51 c:/Users/danie/OneDrive/Desktop/Lab6.2/software/lab61_app2_bsp/\libhal_bsp.a(alt_errno.o)
 .debug_line    0x00000000000013e6       0x51 c:/Users/danie/OneDrive/Desktop/Lab6.2/software/lab61_app2_bsp/\libhal_bsp.a(alt_icache_flush_all.o)
 .debug_line    0x0000000000001437      0x123 c:/Users/danie/OneDrive/Desktop/Lab6.2/software/lab61_app2_bsp/\libhal_bsp.a(alt_iic.o)
 .debug_line    0x000000000000155a       0xfc c:/Users/danie/OneDrive/Desktop/Lab6.2/software/lab61_app2_bsp/\libhal_bsp.a(alt_iic_isr_register.o)
 .debug_line    0x0000000000001656      0x1ca c:/Users/danie/OneDrive/Desktop/Lab6.2/software/lab61_app2_bsp/\libhal_bsp.a(alt_io_redirect.o)
 .debug_line    0x0000000000001820       0x6b c:/Users/danie/OneDrive/Desktop/Lab6.2/software/lab61_app2_bsp/\libhal_bsp.a(alt_irq_entry.o)
 .debug_line    0x000000000000188b       0xd4 c:/Users/danie/OneDrive/Desktop/Lab6.2/software/lab61_app2_bsp/\libhal_bsp.a(alt_irq_handler.o)
 .debug_line    0x000000000000195f       0x50 c:/Users/danie/OneDrive/Desktop/Lab6.2/software/lab61_app2_bsp/\libhal_bsp.a(alt_irq_vars.o)
 .debug_line    0x00000000000019af      0x1a1 c:/Users/danie/OneDrive/Desktop/Lab6.2/software/lab61_app2_bsp/\libhal_bsp.a(alt_open.o)
 .debug_line    0x0000000000001b50       0xb6 c:/Users/danie/OneDrive/Desktop/Lab6.2/software/lab61_app2_bsp/\libhal_bsp.a(alt_release_fd.o)
 .debug_line    0x0000000000001c06      0x160 c:/Users/danie/OneDrive/Desktop/Lab6.2/software/lab61_app2_bsp/\libhal_bsp.a(alt_tick.o)
 .debug_line    0x0000000000001d66       0x57 c:/Users/danie/OneDrive/Desktop/Lab6.2/software/lab61_app2_bsp/\libhal_bsp.a(altera_nios2_gen2_irq.o)
 .debug_line    0x0000000000001dbd       0xb3 c:/Users/danie/OneDrive/Desktop/Lab6.2/software/lab61_app2_bsp/\libhal_bsp.a(alt_exception_entry.o)
 .debug_line    0x0000000000001e70       0xb8 c:/Users/danie/OneDrive/Desktop/Lab6.2/software/lab61_app2_bsp/\libhal_bsp.a(alt_find_dev.o)
 .debug_line    0x0000000000001f28      0x103 c:/Users/danie/OneDrive/Desktop/Lab6.2/software/lab61_app2_bsp/\libhal_bsp.a(alt_find_file.o)
 .debug_line    0x000000000000202b       0xfb c:/Users/danie/OneDrive/Desktop/Lab6.2/software/lab61_app2_bsp/\libhal_bsp.a(alt_get_fd.o)
 .debug_line    0x0000000000002126       0xd3 c:/Users/danie/OneDrive/Desktop/Lab6.2/software/lab61_app2_bsp/\libhal_bsp.a(alt_instruction_exception_entry.o)
 .debug_line    0x00000000000021f9       0xf7 c:/intelfpga_prime/nios2eds/bin/gnu/h-x86_64-mingw32/bin/../lib/gcc/nios2-elf/10.1.1/../../../../../H-x86_64-mingw32/nios2-elf/lib/mno-hw-mul\libc.a(lib_a-atexit.o)
 .debug_line    0x00000000000022f0      0x22a c:/intelfpga_prime/nios2eds/bin/gnu/h-x86_64-mingw32/bin/../lib/gcc/nios2-elf/10.1.1/../../../../../H-x86_64-mingw32/nios2-elf/lib/mno-hw-mul\libc.a(lib_a-exit.o)
 .debug_line    0x000000000000251a      0x167 c:/intelfpga_prime/nios2eds/bin/gnu/h-x86_64-mingw32/bin/../lib/gcc/nios2-elf/10.1.1/../../../../../H-x86_64-mingw32/nios2-elf/lib/mno-hw-mul\libc.a(lib_a-impure.o)
 .debug_line    0x0000000000002681       0x61 c:/intelfpga_prime/nios2eds/bin/gnu/h-x86_64-mingw32/bin/../lib/gcc/nios2-elf/10.1.1/../../../../../H-x86_64-mingw32/nios2-elf/lib/mno-hw-mul\libc.a(lib_a-int_errno.o)
 .debug_line    0x00000000000026e2      0x1e6 c:/intelfpga_prime/nios2eds/bin/gnu/h-x86_64-mingw32/bin/../lib/gcc/nios2-elf/10.1.1/../../../../../H-x86_64-mingw32/nios2-elf/lib/mno-hw-mul\libc.a(lib_a-memcmp.o)
 .debug_line    0x00000000000028c8      0x238 c:/intelfpga_prime/nios2eds/bin/gnu/h-x86_64-mingw32/bin/../lib/gcc/nios2-elf/10.1.1/../../../../../H-x86_64-mingw32/nios2-elf/lib/mno-hw-mul\libc.a(lib_a-memcpy.o)
 .debug_line    0x0000000000002b00      0x1db c:/intelfpga_prime/nios2eds/bin/gnu/h-x86_64-mingw32/bin/../lib/gcc/nios2-elf/10.1.1/../../../../../H-x86_64-mingw32/nios2-elf/lib/mno-hw-mul\libc.a(lib_a-strlen.o)
 .debug_line    0x0000000000002cdb      0x21b c:/intelfpga_prime/nios2eds/bin/gnu/h-x86_64-mingw32/bin/../lib/gcc/nios2-elf/10.1.1/../../../../../H-x86_64-mingw32/nios2-elf/lib/mno-hw-mul\libc.a(lib_a-__atexit.o)
 .debug_line    0x0000000000002ef6      0x2a3 c:/intelfpga_prime/nios2eds/bin/gnu/h-x86_64-mingw32/bin/../lib/gcc/nios2-elf/10.1.1/../../../../../H-x86_64-mingw32/nios2-elf/lib/mno-hw-mul\libc.a(lib_a-__call_atexit.o)
 .debug_line    0x0000000000003199       0x85 c:/Users/danie/OneDrive/Desktop/Lab6.2/software/lab61_app2_bsp/\libhal_bsp.a(alt_exit.o)

.debug_frame    0x0000000000000000      0xa98
 *(.debug_frame)
 .debug_frame   0x0000000000000000       0x2c obj/default/main.o
 .debug_frame   0x000000000000002c       0x5c c:/Users/danie/OneDrive/Desktop/Lab6.2/software/lab61_app2_bsp/\libhal_bsp.a(alt_load.o)
 .debug_frame   0x0000000000000088       0x2c c:/Users/danie/OneDrive/Desktop/Lab6.2/software/lab61_app2_bsp/\libhal_bsp.a(alt_main.o)
 .debug_frame   0x00000000000000b4       0x88 c:/Users/danie/OneDrive/Desktop/Lab6.2/software/lab61_app2_bsp/\libhal_bsp.a(alt_sys_init.o)
 .debug_frame   0x000000000000013c       0xb0 c:/Users/danie/OneDrive/Desktop/Lab6.2/software/lab61_app2_bsp/\libhal_bsp.a(altera_avalon_jtag_uart_fd.o)
 .debug_frame   0x00000000000001ec       0xa4 c:/Users/danie/OneDrive/Desktop/Lab6.2/software/lab61_app2_bsp/\libhal_bsp.a(altera_avalon_jtag_uart_init.o)
 .debug_frame   0x0000000000000290       0x34 c:/Users/danie/OneDrive/Desktop/Lab6.2/software/lab61_app2_bsp/\libhal_bsp.a(altera_avalon_jtag_uart_ioctl.o)
 .debug_frame   0x00000000000002c4       0x38 c:/Users/danie/OneDrive/Desktop/Lab6.2/software/lab61_app2_bsp/\libhal_bsp.a(altera_avalon_jtag_uart_read.o)
 .debug_frame   0x00000000000002fc       0x38 c:/Users/danie/OneDrive/Desktop/Lab6.2/software/lab61_app2_bsp/\libhal_bsp.a(altera_avalon_jtag_uart_write.o)
 .debug_frame   0x0000000000000334       0x60 c:/Users/danie/OneDrive/Desktop/Lab6.2/software/lab61_app2_bsp/\libhal_bsp.a(altera_avalon_timer_sc.o)
 .debug_frame   0x0000000000000394       0x34 c:/Users/danie/OneDrive/Desktop/Lab6.2/software/lab61_app2_bsp/\libhal_bsp.a(alt_alarm_start.o)
 .debug_frame   0x00000000000003c8       0x60 c:/Users/danie/OneDrive/Desktop/Lab6.2/software/lab61_app2_bsp/\libhal_bsp.a(alt_close.o)
 .debug_frame   0x0000000000000428       0x34 c:/Users/danie/OneDrive/Desktop/Lab6.2/software/lab61_app2_bsp/\libhal_bsp.a(alt_dcache_flush_all.o)
 .debug_frame   0x000000000000045c       0x34 c:/Users/danie/OneDrive/Desktop/Lab6.2/software/lab61_app2_bsp/\libhal_bsp.a(alt_dev.o)
 .debug_frame   0x0000000000000490       0x60 c:/Users/danie/OneDrive/Desktop/Lab6.2/software/lab61_app2_bsp/\libhal_bsp.a(alt_dev_llist_insert.o)
 .debug_frame   0x00000000000004f0       0x38 c:/Users/danie/OneDrive/Desktop/Lab6.2/software/lab61_app2_bsp/\libhal_bsp.a(alt_do_ctors.o)
 .debug_frame   0x0000000000000528       0x38 c:/Users/danie/OneDrive/Desktop/Lab6.2/software/lab61_app2_bsp/\libhal_bsp.a(alt_do_dtors.o)
 .debug_frame   0x0000000000000560       0x34 c:/Users/danie/OneDrive/Desktop/Lab6.2/software/lab61_app2_bsp/\libhal_bsp.a(alt_icache_flush_all.o)
 .debug_frame   0x0000000000000594       0xa4 c:/Users/danie/OneDrive/Desktop/Lab6.2/software/lab61_app2_bsp/\libhal_bsp.a(alt_iic.o)
 .debug_frame   0x0000000000000638       0x38 c:/Users/danie/OneDrive/Desktop/Lab6.2/software/lab61_app2_bsp/\libhal_bsp.a(alt_iic_isr_register.o)
 .debug_frame   0x0000000000000670       0x60 c:/Users/danie/OneDrive/Desktop/Lab6.2/software/lab61_app2_bsp/\libhal_bsp.a(alt_io_redirect.o)
 .debug_frame   0x00000000000006d0       0x38 c:/Users/danie/OneDrive/Desktop/Lab6.2/software/lab61_app2_bsp/\libhal_bsp.a(alt_irq_handler.o)
 .debug_frame   0x0000000000000708       0x84 c:/Users/danie/OneDrive/Desktop/Lab6.2/software/lab61_app2_bsp/\libhal_bsp.a(alt_open.o)
 .debug_frame   0x000000000000078c       0x34 c:/Users/danie/OneDrive/Desktop/Lab6.2/software/lab61_app2_bsp/\libhal_bsp.a(alt_release_fd.o)
 .debug_frame   0x00000000000007c0       0x5c c:/Users/danie/OneDrive/Desktop/Lab6.2/software/lab61_app2_bsp/\libhal_bsp.a(alt_tick.o)
 .debug_frame   0x000000000000081c       0x34 c:/Users/danie/OneDrive/Desktop/Lab6.2/software/lab61_app2_bsp/\libhal_bsp.a(altera_nios2_gen2_irq.o)
 .debug_frame   0x0000000000000850       0x38 c:/Users/danie/OneDrive/Desktop/Lab6.2/software/lab61_app2_bsp/\libhal_bsp.a(alt_find_dev.o)
 .debug_frame   0x0000000000000888       0x38 c:/Users/danie/OneDrive/Desktop/Lab6.2/software/lab61_app2_bsp/\libhal_bsp.a(alt_find_file.o)
 .debug_frame   0x00000000000008c0       0x34 c:/Users/danie/OneDrive/Desktop/Lab6.2/software/lab61_app2_bsp/\libhal_bsp.a(alt_get_fd.o)
 .debug_frame   0x00000000000008f4       0x5c c:/Users/danie/OneDrive/Desktop/Lab6.2/software/lab61_app2_bsp/\libhal_bsp.a(alt_instruction_exception_entry.o)
 .debug_frame   0x0000000000000950       0x20 c:/intelfpga_prime/nios2eds/bin/gnu/h-x86_64-mingw32/bin/../lib/gcc/nios2-elf/10.1.1/../../../../../H-x86_64-mingw32/nios2-elf/lib/mno-hw-mul\libc.a(lib_a-atexit.o)
 .debug_frame   0x0000000000000970       0x28 c:/intelfpga_prime/nios2eds/bin/gnu/h-x86_64-mingw32/bin/../lib/gcc/nios2-elf/10.1.1/../../../../../H-x86_64-mingw32/nios2-elf/lib/mno-hw-mul\libc.a(lib_a-exit.o)
 .debug_frame   0x0000000000000998       0x20 c:/intelfpga_prime/nios2eds/bin/gnu/h-x86_64-mingw32/bin/../lib/gcc/nios2-elf/10.1.1/../../../../../H-x86_64-mingw32/nios2-elf/lib/mno-hw-mul\libc.a(lib_a-memcmp.o)
 .debug_frame   0x00000000000009b8       0x20 c:/intelfpga_prime/nios2eds/bin/gnu/h-x86_64-mingw32/bin/../lib/gcc/nios2-elf/10.1.1/../../../../../H-x86_64-mingw32/nios2-elf/lib/mno-hw-mul\libc.a(lib_a-memcpy.o)
 .debug_frame   0x00000000000009d8       0x20 c:/intelfpga_prime/nios2eds/bin/gnu/h-x86_64-mingw32/bin/../lib/gcc/nios2-elf/10.1.1/../../../../../H-x86_64-mingw32/nios2-elf/lib/mno-hw-mul\libc.a(lib_a-strlen.o)
 .debug_frame   0x00000000000009f8       0x20 c:/intelfpga_prime/nios2eds/bin/gnu/h-x86_64-mingw32/bin/../lib/gcc/nios2-elf/10.1.1/../../../../../H-x86_64-mingw32/nios2-elf/lib/mno-hw-mul\libc.a(lib_a-__atexit.o)
 .debug_frame   0x0000000000000a18       0x54 c:/intelfpga_prime/nios2eds/bin/gnu/h-x86_64-mingw32/bin/../lib/gcc/nios2-elf/10.1.1/../../../../../H-x86_64-mingw32/nios2-elf/lib/mno-hw-mul\libc.a(lib_a-__call_atexit.o)
 .debug_frame   0x0000000000000a6c       0x2c c:/Users/danie/OneDrive/Desktop/Lab6.2/software/lab61_app2_bsp/\libhal_bsp.a(alt_exit.o)

.debug_str      0x0000000000000000     0x1b89
 *(.debug_str)
 .debug_str     0x0000000000000000       0x5d c:/Users/danie/OneDrive/Desktop/Lab6.2/software/lab61_app2_bsp//obj/HAL/src/crt0.o
 .debug_str     0x000000000000005d       0xea obj/default/main.o
                                        0x108 (size before relaxing)
 .debug_str     0x0000000000000147      0x14d c:/Users/danie/OneDrive/Desktop/Lab6.2/software/lab61_app2_bsp/\libhal_bsp.a(alt_load.o)
                                        0x218 (size before relaxing)
 .debug_str     0x0000000000000294       0x44 c:/Users/danie/OneDrive/Desktop/Lab6.2/software/lab61_app2_bsp/\libhal_bsp.a(alt_main.o)
                                        0x172 (size before relaxing)
 .debug_str     0x00000000000002d8      0x1b8 c:/Users/danie/OneDrive/Desktop/Lab6.2/software/lab61_app2_bsp/\libhal_bsp.a(alt_sys_init.o)
                                        0x343 (size before relaxing)
 .debug_str     0x0000000000000490       0xb9 c:/Users/danie/OneDrive/Desktop/Lab6.2/software/lab61_app2_bsp/\libhal_bsp.a(altera_avalon_jtag_uart_fd.o)
                                        0x382 (size before relaxing)
 .debug_str     0x0000000000000549       0xe0 c:/Users/danie/OneDrive/Desktop/Lab6.2/software/lab61_app2_bsp/\libhal_bsp.a(altera_avalon_jtag_uart_init.o)
                                        0x325 (size before relaxing)
 .debug_str     0x0000000000000629       0x4a c:/Users/danie/OneDrive/Desktop/Lab6.2/software/lab61_app2_bsp/\libhal_bsp.a(altera_avalon_jtag_uart_ioctl.o)
                                        0x271 (size before relaxing)
 .debug_str     0x0000000000000673       0x7f c:/Users/danie/OneDrive/Desktop/Lab6.2/software/lab61_app2_bsp/\libhal_bsp.a(altera_avalon_jtag_uart_read.o)
                                        0x2c6 (size before relaxing)
 .debug_str     0x00000000000006f2       0x4a c:/Users/danie/OneDrive/Desktop/Lab6.2/software/lab61_app2_bsp/\libhal_bsp.a(altera_avalon_jtag_uart_write.o)
                                        0x2c7 (size before relaxing)
 .debug_str     0x000000000000073c       0x72 c:/Users/danie/OneDrive/Desktop/Lab6.2/software/lab61_app2_bsp/\libhal_bsp.a(altera_avalon_timer_sc.o)
                                        0x214 (size before relaxing)
 .debug_str     0x00000000000007ae       0x65 c:/Users/danie/OneDrive/Desktop/Lab6.2/software/lab61_app2_bsp/\libhal_bsp.a(alt_alarm_start.o)
                                        0x284 (size before relaxing)
 .debug_str     0x0000000000000813       0x44 c:/Users/danie/OneDrive/Desktop/Lab6.2/software/lab61_app2_bsp/\libhal_bsp.a(alt_close.o)
                                        0x204 (size before relaxing)
 .debug_str     0x0000000000000857       0x34 c:/Users/danie/OneDrive/Desktop/Lab6.2/software/lab61_app2_bsp/\libhal_bsp.a(alt_dcache_flush_all.o)
                                        0x15b (size before relaxing)
 .debug_str     0x000000000000088b      0x150 c:/Users/danie/OneDrive/Desktop/Lab6.2/software/lab61_app2_bsp/\libhal_bsp.a(alt_dev.o)
                                        0x36a (size before relaxing)
 .debug_str     0x00000000000009db       0x34 c:/Users/danie/OneDrive/Desktop/Lab6.2/software/lab61_app2_bsp/\libhal_bsp.a(alt_dev_llist_insert.o)
                                        0x1d2 (size before relaxing)
 .debug_str     0x0000000000000a0f       0x48 c:/Users/danie/OneDrive/Desktop/Lab6.2/software/lab61_app2_bsp/\libhal_bsp.a(alt_do_ctors.o)
                                         0xdf (size before relaxing)
 .debug_str     0x0000000000000a57       0x4c c:/Users/danie/OneDrive/Desktop/Lab6.2/software/lab61_app2_bsp/\libhal_bsp.a(alt_do_dtors.o)
                                         0xde (size before relaxing)
 .debug_str     0x0000000000000aa3       0x14 c:/Users/danie/OneDrive/Desktop/Lab6.2/software/lab61_app2_bsp/\libhal_bsp.a(alt_errno.o)
                                        0x145 (size before relaxing)
 .debug_str     0x0000000000000ab7       0x34 c:/Users/danie/OneDrive/Desktop/Lab6.2/software/lab61_app2_bsp/\libhal_bsp.a(alt_icache_flush_all.o)
                                        0x15b (size before relaxing)
 .debug_str     0x0000000000000aeb       0xb2 c:/Users/danie/OneDrive/Desktop/Lab6.2/software/lab61_app2_bsp/\libhal_bsp.a(alt_iic.o)
                                        0x232 (size before relaxing)
 .debug_str     0x0000000000000b9d       0x4c c:/Users/danie/OneDrive/Desktop/Lab6.2/software/lab61_app2_bsp/\libhal_bsp.a(alt_iic_isr_register.o)
                                        0x1ee (size before relaxing)
 .debug_str     0x0000000000000be9       0x56 c:/Users/danie/OneDrive/Desktop/Lab6.2/software/lab61_app2_bsp/\libhal_bsp.a(alt_io_redirect.o)
                                        0x36e (size before relaxing)
 .debug_str     0x0000000000000c3f       0x18 c:/Users/danie/OneDrive/Desktop/Lab6.2/software/lab61_app2_bsp/\libhal_bsp.a(alt_irq_entry.o)
                                         0x66 (size before relaxing)
 .debug_str     0x0000000000000c57       0x3a c:/Users/danie/OneDrive/Desktop/Lab6.2/software/lab61_app2_bsp/\libhal_bsp.a(alt_irq_handler.o)
                                        0x19d (size before relaxing)
 .debug_str     0x0000000000000c91       0x29 c:/Users/danie/OneDrive/Desktop/Lab6.2/software/lab61_app2_bsp/\libhal_bsp.a(alt_irq_vars.o)
                                        0x149 (size before relaxing)
 .debug_str     0x0000000000000cba       0x2f c:/Users/danie/OneDrive/Desktop/Lab6.2/software/lab61_app2_bsp/\libhal_bsp.a(alt_open.o)
                                        0x251 (size before relaxing)
 .debug_str     0x0000000000000ce9       0x28 c:/Users/danie/OneDrive/Desktop/Lab6.2/software/lab61_app2_bsp/\libhal_bsp.a(alt_release_fd.o)
                                        0x1d5 (size before relaxing)
 .debug_str     0x0000000000000d11       0x4a c:/Users/danie/OneDrive/Desktop/Lab6.2/software/lab61_app2_bsp/\libhal_bsp.a(alt_tick.o)
                                        0x258 (size before relaxing)
 .debug_str     0x0000000000000d5b       0x3b c:/Users/danie/OneDrive/Desktop/Lab6.2/software/lab61_app2_bsp/\libhal_bsp.a(altera_nios2_gen2_irq.o)
                                        0x162 (size before relaxing)
 .debug_str     0x0000000000000d96       0x1e c:/Users/danie/OneDrive/Desktop/Lab6.2/software/lab61_app2_bsp/\libhal_bsp.a(alt_exception_entry.o)
                                         0x6c (size before relaxing)
 .debug_str     0x0000000000000db4       0x24 c:/Users/danie/OneDrive/Desktop/Lab6.2/software/lab61_app2_bsp/\libhal_bsp.a(alt_find_dev.o)
                                        0x1e5 (size before relaxing)
 .debug_str     0x0000000000000dd8       0x26 c:/Users/danie/OneDrive/Desktop/Lab6.2/software/lab61_app2_bsp/\libhal_bsp.a(alt_find_file.o)
                                        0x1f3 (size before relaxing)
 .debug_str     0x0000000000000dfe       0x30 c:/Users/danie/OneDrive/Desktop/Lab6.2/software/lab61_app2_bsp/\libhal_bsp.a(alt_get_fd.o)
                                        0x215 (size before relaxing)
 .debug_str     0x0000000000000e2e      0x48b c:/Users/danie/OneDrive/Desktop/Lab6.2/software/lab61_app2_bsp/\libhal_bsp.a(alt_instruction_exception_entry.o)
                                        0x5af (size before relaxing)
 .debug_str     0x00000000000012b9      0x17c c:/intelfpga_prime/nios2eds/bin/gnu/h-x86_64-mingw32/bin/../lib/gcc/nios2-elf/10.1.1/../../../../../H-x86_64-mingw32/nios2-elf/lib/mno-hw-mul\libc.a(lib_a-atexit.o)
                                        0x218 (size before relaxing)
 .debug_str     0x0000000000001435      0x3c7 c:/intelfpga_prime/nios2eds/bin/gnu/h-x86_64-mingw32/bin/../lib/gcc/nios2-elf/10.1.1/../../../../../H-x86_64-mingw32/nios2-elf/lib/mno-hw-mul\libc.a(lib_a-exit.o)
                                        0x5bf (size before relaxing)
 .debug_str     0x00000000000017fc       0xd9 c:/intelfpga_prime/nios2eds/bin/gnu/h-x86_64-mingw32/bin/../lib/gcc/nios2-elf/10.1.1/../../../../../H-x86_64-mingw32/nios2-elf/lib/mno-hw-mul\libc.a(lib_a-impure.o)
                                        0x5b6 (size before relaxing)
 .debug_str     0x00000000000018d5       0x41 c:/intelfpga_prime/nios2eds/bin/gnu/h-x86_64-mingw32/bin/../lib/gcc/nios2-elf/10.1.1/../../../../../H-x86_64-mingw32/nios2-elf/lib/mno-hw-mul\libc.a(lib_a-int_errno.o)
                                        0x1d4 (size before relaxing)
 .debug_str     0x0000000000001916       0xd6 c:/intelfpga_prime/nios2eds/bin/gnu/h-x86_64-mingw32/bin/../lib/gcc/nios2-elf/10.1.1/../../../../../H-x86_64-mingw32/nios2-elf/lib/mno-hw-mul\libc.a(lib_a-memcmp.o)
                                        0x1db (size before relaxing)
 .debug_str     0x00000000000019ec       0x6d c:/intelfpga_prime/nios2eds/bin/gnu/h-x86_64-mingw32/bin/../lib/gcc/nios2-elf/10.1.1/../../../../../H-x86_64-mingw32/nios2-elf/lib/mno-hw-mul\libc.a(lib_a-memcpy.o)
                                        0x202 (size before relaxing)
 .debug_str     0x0000000000001a59       0x53 c:/intelfpga_prime/nios2eds/bin/gnu/h-x86_64-mingw32/bin/../lib/gcc/nios2-elf/10.1.1/../../../../../H-x86_64-mingw32/nios2-elf/lib/mno-hw-mul\libc.a(lib_a-strlen.o)
                                        0x1ee (size before relaxing)
 .debug_str     0x0000000000001aac       0x46 c:/intelfpga_prime/nios2eds/bin/gnu/h-x86_64-mingw32/bin/../lib/gcc/nios2-elf/10.1.1/../../../../../H-x86_64-mingw32/nios2-elf/lib/mno-hw-mul\libc.a(lib_a-__atexit.o)
                                        0x5f0 (size before relaxing)
 .debug_str     0x0000000000001af2       0x6d c:/intelfpga_prime/nios2eds/bin/gnu/h-x86_64-mingw32/bin/../lib/gcc/nios2-elf/10.1.1/../../../../../H-x86_64-mingw32/nios2-elf/lib/mno-hw-mul\libc.a(lib_a-__call_atexit.o)
                                        0x5e9 (size before relaxing)
 .debug_str     0x0000000000001b5f       0x2a c:/Users/danie/OneDrive/Desktop/Lab6.2/software/lab61_app2_bsp/\libhal_bsp.a(alt_exit.o)
                                        0x157 (size before relaxing)

.debug_loc      0x0000000000000000      0x827
 *(.debug_loc)
 .debug_loc     0x0000000000000000       0x32 c:/intelfpga_prime/nios2eds/bin/gnu/h-x86_64-mingw32/bin/../lib/gcc/nios2-elf/10.1.1/../../../../../H-x86_64-mingw32/nios2-elf/lib/mno-hw-mul\libc.a(lib_a-atexit.o)
 .debug_loc     0x0000000000000032       0x22 c:/intelfpga_prime/nios2eds/bin/gnu/h-x86_64-mingw32/bin/../lib/gcc/nios2-elf/10.1.1/../../../../../H-x86_64-mingw32/nios2-elf/lib/mno-hw-mul\libc.a(lib_a-exit.o)
 .debug_loc     0x0000000000000054      0x158 c:/intelfpga_prime/nios2eds/bin/gnu/h-x86_64-mingw32/bin/../lib/gcc/nios2-elf/10.1.1/../../../../../H-x86_64-mingw32/nios2-elf/lib/mno-hw-mul\libc.a(lib_a-memcmp.o)
 .debug_loc     0x00000000000001ac      0x347 c:/intelfpga_prime/nios2eds/bin/gnu/h-x86_64-mingw32/bin/../lib/gcc/nios2-elf/10.1.1/../../../../../H-x86_64-mingw32/nios2-elf/lib/mno-hw-mul\libc.a(lib_a-memcpy.o)
 .debug_loc     0x00000000000004f3       0x73 c:/intelfpga_prime/nios2eds/bin/gnu/h-x86_64-mingw32/bin/../lib/gcc/nios2-elf/10.1.1/../../../../../H-x86_64-mingw32/nios2-elf/lib/mno-hw-mul\libc.a(lib_a-strlen.o)
 .debug_loc     0x0000000000000566       0xf7 c:/intelfpga_prime/nios2eds/bin/gnu/h-x86_64-mingw32/bin/../lib/gcc/nios2-elf/10.1.1/../../../../../H-x86_64-mingw32/nios2-elf/lib/mno-hw-mul\libc.a(lib_a-__atexit.o)
 .debug_loc     0x000000000000065d      0x1ca c:/intelfpga_prime/nios2eds/bin/gnu/h-x86_64-mingw32/bin/../lib/gcc/nios2-elf/10.1.1/../../../../../H-x86_64-mingw32/nios2-elf/lib/mno-hw-mul\libc.a(lib_a-__call_atexit.o)

.debug_macinfo
 *(.debug_macinfo)

.debug_weaknames
 *(.debug_weaknames)

.debug_funcnames
 *(.debug_funcnames)

.debug_typenames
 *(.debug_typenames)

.debug_varnames
 *(.debug_varnames)

.debug_alt_sim_info
                0x0000000000000000       0x10
 *(.debug_alt_sim_info)
 .debug_alt_sim_info